Windows PowerShell
Copyright (C) 2014 Microsoft Corporation. All rights reserved.

PS C:\Users\88> cd C:\Users\88\Desktop\blog-comments-step4_e
PS C:\Users\88\Desktop\blog-comments-step4_e> git remote add origin https://github.com/bob24170/comment3.git
fatal: not a git repository (or any of the parent directories): .git
PS C:\Users\88\Desktop\blog-comments-step4_e> git remote add origin https://github.com/bob24170/comment3.git
fatal: not a git repository (or any of the parent directories): .git
PS C:\Users\88\Desktop\blog-comments-step4_e> git init
Initialized empty Git repository in C:/Users/88/Desktop/blog-comments-step4_e/.git/
PS C:\Users\88\Desktop\blog-comments-step4_e>  git remote add origin https://github.com/bob24170/comment3.git
PS C:\Users\88\Desktop\blog-comments-step4_e> git remote
origin
PS C:\Users\88\Desktop\blog-comments-step4_e> git config --global credentials.username "bob24170"
PS C:\Users\88\Desktop\blog-comments-step4_e> git push origin main
error: src refspec main does not match any
error: failed to push some refs to 'https://github.com/bob24170/comment3.git'
PS C:\Users\88\Desktop\blog-comments-step4_e> git push origin master
error: src refspec master does not match any
error: failed to push some refs to 'https://github.com/bob24170/comment3.git'
PS C:\Users\88\Desktop\blog-comments-step4_e> git commit -m "initial commit"
Author identity unknown

*** Please tell me who you are.

Run

  git config --global user.email "you@example.com"
  git config --global user.name "Your Name"

to set your account's default identity.
Omit --global to set the identity only in this repository.

fatal: unable to auto-detect email address (got '88@88a.(none)')
PS C:\Users\88\Desktop\blog-comments-step4_e> git config --global user.name "bob24170"
PS C:\Users\88\Desktop\blog-comments-step4_e>  git config --global user.email "1476661867@qq.com"
PS C:\Users\88\Desktop\blog-comments-step4_e> git commit -m "initial commit"
On branch master

Initial commit

Untracked files:
  (use "git add <file>..." to include in what will be committed)
        .gitignore
        .prettierignore
        .prettierrc
        LICENSE
        README.md
        firebase
        firebase.js
        gatsby-browser.js
        gatsby-config.js
        gatsby-node.js
        gatsby-ssr.js
        package-lock.json
        package.json
        src/
        yarn.lock

nothing added to commit but untracked files present (use "git add" to track)
PS C:\Users\88\Desktop\blog-comments-step4_e> git add
Nothing specified, nothing added.
hint: Maybe you wanted to say 'git add .'?
hint: Turn this message off by running
hint: "git config advice.addEmptyPathspec false"
PS C:\Users\88\Desktop\blog-comments-step4_e> git push origin main
error: src refspec main does not match any
error: failed to push some refs to 'https://github.com/bob24170/comment3.git'
PS C:\Users\88\Desktop\blog-comments-step4_e> git add --all
warning: in the working copy of '.gitignore', LF will be replaced by CRLF the next time Git touches it
warning: in the working copy of '.prettierignore', LF will be replaced by CRLF the next time Git touches it
warning: in the working copy of '.prettierrc', LF will be replaced by CRLF the next time Git touches it
warning: in the working copy of 'LICENSE', LF will be replaced by CRLF the next time Git touches it
warning: in the working copy of 'README.md', LF will be replaced by CRLF the next time Git touches it
warning: in the working copy of 'firebase.js', LF will be replaced by CRLF the next time Git touches it
warning: in the working copy of 'gatsby-browser.js', LF will be replaced by CRLF the next time Git touches it
warning: in the working copy of 'gatsby-config.js', LF will be replaced by CRLF the next time Git touches it
warning: in the working copy of 'gatsby-node.js', LF will be replaced by CRLF the next time Git touches it
warning: in the working copy of 'gatsby-ssr.js', LF will be replaced by CRLF the next time Git touches it
warning: in the working copy of 'package-lock.json', LF will be replaced by CRLF the next time Git touches it
warning: in the working copy of 'package.json', LF will be replaced by CRLF the next time Git touches it
warning: in the working copy of 'src/components/Comment.js', LF will be replaced by CRLF the next time Git touches it
warning: in the working copy of 'src/components/CommentForm.js', LF will be replaced by CRLF the next time Git touches i
t
warning: in the working copy of 'src/components/Comments.js', LF will be replaced by CRLF the next time Git touches it
warning: in the working copy of 'src/components/header.js', LF will be replaced by CRLF the next time Git touches it
warning: in the working copy of 'src/components/layout.css', LF will be replaced by CRLF the next time Git touches it
warning: in the working copy of 'src/components/layout.js', LF will be replaced by CRLF the next time Git touches it
warning: in the working copy of 'src/components/seo.js', LF will be replaced by CRLF the next time Git touches it
warning: in the working copy of 'src/pages/404.js', LF will be replaced by CRLF the next time Git touches it
warning: in the working copy of 'src/pages/dead-sea.md', LF will be replaced by CRLF the next time Git touches it
warning: in the working copy of 'src/pages/index.js', LF will be replaced by CRLF the next time Git touches it
warning: in the working copy of 'src/pages/murmonsk.md', LF will be replaced by CRLF the next time Git touches it
warning: in the working copy of 'src/templates/blog-post.js', LF will be replaced by CRLF the next time Git touches it
warning: in the working copy of 'yarn.lock', LF will be replaced by CRLF the next time Git touches it
PS C:\Users\88\Desktop\blog-comments-step4_e> git push origin main
error: src refspec main does not match any
error: failed to push some refs to 'https://github.com/bob24170/comment3.git'
PS C:\Users\88\Desktop\blog-comments-step4_e> git push origin HEAD:master
error: src refspec HEAD does not match any
error: failed to push some refs to 'https://github.com/bob24170/comment3.git'
PS C:\Users\88\Desktop\blog-comments-step4_e> git add README
fatal: pathspec 'README' did not match any files
PS C:\Users\88\Desktop\blog-comments-step4_e> touch README
touch : The term 'touch' is not recognized as the name of a cmdlet, function, script file, or operable program. Check
the spelling of the name, or if a path was included, verify that the path is correct and try again.
At line:1 char:1
+ touch README
+ ~~~~~
    + CategoryInfo          : ObjectNotFound: (touch:String) [], CommandNotFoundException
    + FullyQualifiedErrorId : CommandNotFoundException

PS C:\Users\88\Desktop\blog-comments-step4_e> git commit -m "initial commit"
[master (root-commit) b7dc2d9] initial commit
 27 files changed, 45844 insertions(+)
 create mode 100644 .gitignore
 create mode 100644 .prettierignore
 create mode 100644 .prettierrc
 create mode 100644 LICENSE
 create mode 100644 README.md
 create mode 100644 firebase
 create mode 100644 firebase.js
 create mode 100644 gatsby-browser.js
 create mode 100644 gatsby-config.js
 create mode 100644 gatsby-node.js
 create mode 100644 gatsby-ssr.js
 create mode 100644 package-lock.json
 create mode 100644 package.json
 create mode 100644 src/components/Comment.js
 create mode 100644 src/components/CommentForm.js
 create mode 100644 src/components/Comments.js
 create mode 100644 src/components/header.js
 create mode 100644 src/components/layout.css
 create mode 100644 src/components/layout.js
 create mode 100644 src/components/seo.js
 create mode 100644 src/images/gatsby-icon.png
 create mode 100644 src/pages/404.js
 create mode 100644 src/pages/dead-sea.md
 create mode 100644 src/pages/index.js
 create mode 100644 src/pages/murmonsk.md
 create mode 100644 src/templates/blog-post.js
 create mode 100644 yarn.lock
PS C:\Users\88\Desktop\blog-comments-step4_e> git push origin master
info: please complete authentication in your browser...
Enumerating objects: 34, done.
Counting objects: 100% (34/34), done.
Delta compression using up to 4 threads
Compressing objects: 100% (29/29), done.
Writing objects: 100% (34/34), 510.19 KiB | 6.00 MiB/s, done.
Total 34 (delta 1), reused 0 (delta 0), pack-reused 0
remote: Resolving deltas: 100% (1/1), done.
To https://github.com/bob24170/comment3.git
 * [new branch]      master -> master
PS C:\Users\88\Desktop\blog-comments-step4_e>
