npm run develop 
in powershell, with 
"scripts": {
    "build": "gatsby build",
    "develop": "set NODE_OPTIONS=--openssl-legacy-provider && gatsby develop",








Microsoft Windows [版本 10.0.22000.2176]
(c) Microsoft Corporation。保留所有权利。

C:\Users\zljsd>cd C:\Users\zljsd\Desktop\comment-main

C:\Users\zljsd\Desktop\comment-main>set NODE_OPTIONS=--openssl-legacy-provider

C:\Users\zljsd\Desktop\comment-main>gatsby develop
'gatsby' 不是内部或外部命令，也不是可运行的程序
或批处理文件。

C:\Users\zljsd\Desktop\comment-main>









PS C:\Users\zljsd\Desktop\comment-main> set NODE_OPTIONS=--openssl-legacy-provider
PS C:\Users\zljsd\Desktop\comment-main> gatsby develop
gatsby : 无法将“gatsby”项识别为 cmdlet、函数、脚本文件或可运行程序的名称。请检查名称的拼写，如果包括路径，请确保路径正确，然后再试一次。
所在位置 行:1 字符: 1
+ gatsby develop
+ ~~~~~~
    + CategoryInfo          : ObjectNotFound: (gatsby:String) [], CommandNotFoundException
    + FullyQualifiedErrorId : CommandNotFoundException
 
PS C:\Users\zljsd\Desktop\comment-main> 
















run on dad pc cmd
Microsoft Windows [版本 10.0.22000.2176]
(c) Microsoft Corporation。保留所有权利。

C:\Users\zljsd>g:

G:\>G:\blog-comments-step4_e
'G:\blog-comments-step4_e' 不是内部或外部命令，也不是可运行的程序
或批处理文件。

G:\>blog-comments-step4_e
'blog-comments-step4_e' 不是内部或外部命令，也不是可运行的程序
或批处理文件。

G:\>cd "blog-comments-step4"
系统找不到指定的路径。

G:\>cd "blog-comments-step4_e"

G:\blog-comments-step4_e>gatsby develop
'gatsby' 不是内部或外部命令，也不是可运行的程序
或批处理文件。

G:\blog-comments-step4_e>npm run build

> gatsby-starter-default@0.1.0 build
> gatsby build

╔════════════════════════════════════════════════════════════════════════╗
║                                                                        ║
║   Gatsby collects anonymous usage analytics                            ║
║   to help improve Gatsby for all users.                                ║
║                                                                        ║
║   If you'd like to opt-out, you can use `gatsby telemetry --disable`   ║
║   To learn more, checkout https://gatsby.dev/telemetry                 ║
║                                                                        ║
╚════════════════════════════════════════════════════════════════════════╝
success open and validate gatsby-configs - 0.079s
success load plugins - 3.562s
success onPreInit - 0.119s
success delete html and css files from previous builds - 0.096s
success initialize cache - 0.006s
success copy gatsby files - 4.899s
success onPreBootstrap - 0.047s
success createSchemaCustomization - 0.006s
success Checking for changed pages - 0.001s
success source and transform nodes - 0.072s
success building schema - 0.257s
info Total nodes: 55, SitePage nodes: 3 (use --verbose for breakdown)
success createPages - 0.023s
success Checking for changed pages - 0.000s
success createPagesStatefully - 0.034s
success Cleaning up stale page-data - 0.395s
success update schema - 0.013s
success onPreExtractQueries - 0.001s
warn Using the global `graphql` tag is deprecated, and will not be supported in v3.
Import it instead like:  import { graphql } from 'gatsby' in file:
G:/blog-comments-step4_e/src/pages/index.js
success extract queries from components - 0.272s
success write out redirect data - 0.023s
success Build manifest and related icons - 0.457s
success onPostBootstrap - 0.468s
info bootstrap finished - 17.283s
success run static queries - 0.042s - 1/1 24.06/s
success run page queries - 0.199s - 4/4 20.10/s
success write out requires - 1.485s
warn `isModuleDeclaration` has been deprecated, please migrate to `isImportOrExportDeclaration`
    at isModuleDeclaration
(G:\blog-comments-step4_e\node_modules\@babel\types\lib\validators\generated\index.js:2740:35)
    at PluginPass.Program (G:\blog-comments-step4_e\node_modules\babel-plugin-lodash\lib\index.js:102:44)

 ERROR

UNHANDLED REJECTION error:0308010C:digital envelope routines::unsupported



  Error: error:0308010C:digital envelope routines::unsupported

  - hash:69 new Hash
    node:internal/crypto/hash:69:19

  - node:crypto:133 Object.createHash
    node:crypto:133:10

  - createHash.js:135 module.exports
    [blog-comments-step4_e]/[webpack]/lib/util/createHash.js:135:53

  - NormalModule.js:417 NormalModule._initBuildHash
    [blog-comments-step4_e]/[webpack]/lib/NormalModule.js:417:16

  - NormalModule.js:471 handleParseError
    [blog-comments-step4_e]/[webpack]/lib/NormalModule.js:471:10

  - NormalModule.js:503
    [blog-comments-step4_e]/[webpack]/lib/NormalModule.js:503:5

  - NormalModule.js:358
    [blog-comments-step4_e]/[webpack]/lib/NormalModule.js:358:12

  - LoaderRunner.js:373
    [blog-comments-step4_e]/[loader-runner]/lib/LoaderRunner.js:373:3

  - LoaderRunner.js:214 iterateNormalLoaders
    [blog-comments-step4_e]/[loader-runner]/lib/LoaderRunner.js:214:10

  - LoaderRunner.js:221 iterateNormalLoaders
    [blog-comments-step4_e]/[loader-runner]/lib/LoaderRunner.js:221:10

  - LoaderRunner.js:236
    [blog-comments-step4_e]/[loader-runner]/lib/LoaderRunner.js:236:3

  - LoaderRunner.js:111 context.callback
    [blog-comments-step4_e]/[loader-runner]/lib/LoaderRunner.js:111:13

  - index.js:44
    [blog-comments-step4_e]/[babel-loader]/lib/index.js:44:71


not finished Building production JavaScript and CSS bundles - 1.855s


G:\blog-comments-step4_e>set NODE_OPTIONS=--openssl-legacy-provider

G:\blog-comments-step4_e>npm run build

> gatsby-starter-default@0.1.0 build
> gatsby build

success open and validate gatsby-configs - 0.121s
success load plugins - 1.199s
success onPreInit - 0.027s
success delete html and css files from previous builds - 0.004s
success initialize cache - 0.005s
success copy gatsby files - 9.670s
success onPreBootstrap - 0.036s
success createSchemaCustomization - 0.006s
success Checking for changed pages - 0.001s
success source and transform nodes - 0.066s
success building schema - 0.256s
info Total nodes: 55, SitePage nodes: 3 (use --verbose for breakdown)
success createPages - 0.019s
success Checking for changed pages - 0.000s
success createPagesStatefully - 0.038s
success Cleaning up stale page-data - 0.002s
success update schema - 0.018s
success onPreExtractQueries - 0.008s
warn Using the global `graphql` tag is deprecated, and will not be supported in v3.
Import it instead like:  import { graphql } from 'gatsby' in file:
G:/blog-comments-step4_e/src/pages/index.js
success extract queries from components - 0.305s
success write out redirect data - 0.461s
success Build manifest and related icons - 0.917s
success onPostBootstrap - 0.921s
info bootstrap finished - 16.582s
success run static queries - 0.041s - 1/1 24.34/s
success run page queries - 0.118s - 4/4 33.92/s
success write out requires - 0.487s
warn `isModuleDeclaration` has been deprecated, please migrate to `isImportOrExportDeclaration`
    at isModuleDeclaration
(G:\blog-comments-step4_e\node_modules\@babel\types\lib\validators\generated\index.js:2740:35)
    at PluginPass.Program (G:\blog-comments-step4_e\node_modules\babel-plugin-lodash\lib\index.js:102:44)
success Building production JavaScript and CSS bundles - 12.776s
success Rewriting compilation hashes - 0.536s
success Building HTML renderer - 2.185s
[                            ]   0.000 s 0/5 0% Building static HTML for pages
[2023-09-06T02:47:52.429Z]  @firebase/app:
      Warning: This is a browser-targeted Firebase bundle but it appears it is being
      run in a Node environment.  If running in a Node environment, make sure you
      are using the bundle specified by the "main" field in package.json.

      If you are using Webpack, you can specify "main" as the first item in
      "resolve.mainFields":
      https://webpack.js.org/configuration/resolve/#resolvemainfields

      If using Rollup, use the rollup-plugin-node-resolve plugin and specify "main"
      as the first item in "mainFields", e.g. ['main', 'module'].
      https://github.com/rollup/rollup-plugin-node-resolve
success Building static HTML for pages - 1.732s - 5/5 2.89/s
success onPostBuild - 0.002s
info Done building in 35.3832823 sec


G:\blog-comments-step4_e>firebase login --reauth

G:\blog-comments-step4_e>
[14072:0906/105134.483:ERROR:node_bindings.cc(292)] Most NODE_OPTIONs are not supported in packaged apps. See documentation for more details.

G:\blog-comments-step4_e>firebase init

G:\blog-comments-step4_e>
[14412:0906/105154.487:ERROR:node_bindings.cc(292)] Most NODE_OPTIONs are not supported in packaged apps. See documentation for more details.

G:\blog-comments-step4_e>
G:\blog-comments-step4_e>
G:\blog-comments-step4_e>
G:\blog-comments-step4_e>firebase init
当前目录无效。

G:\blog-comments-step4_e>








run on dad pc
Windows PowerShell
版权所有（C） Microsoft Corporation。保留所有权利。

安装最新的 PowerShell，了解新功能和改进！https://aka.ms/PSWindows

PS C:\Users\zljsd> firebase login
i  Firebase optionally collects CLI and Emulator Suite usage and error reporting information to help improve our products. Data is collected in accordance with Google's privacy policy (https://policies.google.com/privacy) and is not used to identify you.

? Allow Firebase to collect CLI and Emulator Suite usage and error reporting information? Yes
i  To change your data collection preference at any time, run `firebase logout` and log in again.

Visit this URL on this device to log in:
https://accounts.google.com/o/oauth2/auth?client_id=563584335869-fgrhgmd47bqnekij5i8b5pr03ho849e6.apps.googleusercontent.com&scope=email%20openid%20https%3A%2F%2Fwww.googleapis.com%2Fauth%2Fcloudplatformprojects.readonly%20https%3A%2F%2Fwww.googleapis.com%2Fauth%2Ffirebase%20https%3A%2F%2Fwww.googleapis.com%2Fauth%2Fcloud-platform&response_type=code&state=678836039&redirect_uri=http%3A%2F%2Flocalhost%3A9005

Waiting for authentication...

+  Success! Logged in as aaa2417002@gmail.com

╭─────────────────────────────────────────────────────────────────────────────────────────────────────────────────────╮
│                                                                                                                     │
│                                          Update available 12.4.6 → 12.5.2                                           │
│                                   To update to the latest version using npm, run                                    │
│                                            npm install -g firebase-tools                                            │
│   For other CLI management options, visit the CLI documentation (https://firebase.google.com/docs/cli#update-cli)   │
│                                                                                                                     │
│                                                                                                                     │
│                                                                                                                     │
╰─────────────────────────────────────────────────────────────────────────────────────────────────────────────────────╯

PS C:\Users\zljsd> cd G:\blog-comments-step4_e
cd : 找不到路径“G:\blog-comments-step4_e”，因为该路径不存在。
所在位置 行:1 字符: 1
+ cd G:\blog-comments-step4_e
+ ~~~~~~~~~~~~~~~~~~~~~~~~~~~
    + CategoryInfo          : ObjectNotFound: (G:\blog-comments-step4_e:String) [Set-Location], ItemNotFoundException
    + FullyQualifiedErrorId : PathNotFound,Microsoft.PowerShell.Commands.SetLocationCommand

PS C:\Users\zljsd>
PS C:\Users\zljsd> :g
:g : 无法将“:g”项识别为 cmdlet、函数、脚本文件或可运行程序的名称。请检查名称的拼写，如果包括路径，请确保路径正确，然
后再试一次。
所在位置 行:1 字符: 1
+ :g
+ ~~
    + CategoryInfo          : ObjectNotFound: (:g:String) [], CommandNotFoundException
    + FullyQualifiedErrorId : CommandNotFoundException

PS C:\Users\zljsd> g：
g： : 无法将“g：”项识别为 cmdlet、函数、脚本文件或可运行程序的名称。请检查名称的拼写，如果包括路径，请确保路径正确，
然后再试一次。
所在位置 行:1 字符: 1
+ g：
+ ~~
    + CategoryInfo          : ObjectNotFound: (g：:String) [], CommandNotFoundException
    + FullyQualifiedErrorId : CommandNotFoundException

PS C:\Users\zljsd> g:
Set-Location : 找不到路径“G:\”，因为该路径不存在。
所在位置 行:1 字符: 1
+ Set-Location $MyInvocation.MyCommand.Name
+ ~~~~~~~~~~~~~~~~~~~~~~~~~~~~~~~~~~~~~~~~~
    + CategoryInfo          : ObjectNotFound: (G:\:String) [Set-Location], ItemNotFoundException
    + FullyQualifiedErrorId : PathNotFound,Microsoft.PowerShell.Commands.SetLocationCommand

PS C:\Users\zljsd> cd C:\Users\zljsd\Desktop\blog-comments-step4_e
PS C:\Users\zljsd\Desktop\blog-comments-step4_e> npm run build

> gatsby-starter-default@0.1.0 build
> gatsby build

success open and validate gatsby-configs - 0.074s
success load plugins - 2.130s
success onPreInit - 0.026s
success delete html and css files from previous builds - 0.006s
success initialize cache - 0.005s
success copy gatsby files - 0.153s
success onPreBootstrap - 0.017s
success createSchemaCustomization - 0.008s
success Checking for changed pages - 0.001s
success source and transform nodes - 0.068s
success building schema - 0.287s
info Total nodes: 55, SitePage nodes: 3 (use --verbose for breakdown)
success createPages - 0.029s
success Checking for changed pages - 0.001s
success createPagesStatefully - 0.046s
success Cleaning up stale page-data - 0.002s
success update schema - 0.011s
success onPreExtractQueries - 0.002s
warn Using the global `graphql` tag is deprecated, and will not be supported in v3.
Import it instead like:  import { graphql } from 'gatsby' in file:
C:/Users/zljsd/Desktop/blog-comments-step4_e/src/pages/index.js
success extract queries from components - 0.274s
success write out redirect data - 0.001s
success Build manifest and related icons - 0.057s
success onPostBootstrap - 0.061s
info bootstrap finished - 7.096s
success run static queries - 0.037s - 2/2 54.43/s
success run page queries - 0.044s - 3/3 68.09/s
success write out requires - 0.005s
warn `isModuleDeclaration` has been deprecated, please migrate to `isImportOrExportDeclaration`
    at isModuleDeclaration
(C:\Users\zljsd\Desktop\blog-comments-step4_e\node_modules\@babel\types\lib\validators\generated\index.js:2740:35)
    at PluginPass.Program
(C:\Users\zljsd\Desktop\blog-comments-step4_e\node_modules\babel-plugin-lodash\lib\index.js:102:44)

 ERROR

UNHANDLED REJECTION error:0308010C:digital envelope routines::unsupported



  Error: error:0308010C:digital envelope routines::unsupported

  - hash:69 new Hash
    node:internal/crypto/hash:69:19

  - node:crypto:133 Object.createHash
    node:crypto:133:10

  - createHash.js:135 module.exports
    [blog-comments-step4_e]/[webpack]/lib/util/createHash.js:135:53

  - NormalModule.js:417 NormalModule._initBuildHash
    [blog-comments-step4_e]/[webpack]/lib/NormalModule.js:417:16

  - NormalModule.js:471 handleParseError
    [blog-comments-step4_e]/[webpack]/lib/NormalModule.js:471:10

  - NormalModule.js:503
    [blog-comments-step4_e]/[webpack]/lib/NormalModule.js:503:5

  - NormalModule.js:358
    [blog-comments-step4_e]/[webpack]/lib/NormalModule.js:358:12

  - LoaderRunner.js:373
    [blog-comments-step4_e]/[loader-runner]/lib/LoaderRunner.js:373:3

  - LoaderRunner.js:214 iterateNormalLoaders
    [blog-comments-step4_e]/[loader-runner]/lib/LoaderRunner.js:214:10

  - LoaderRunner.js:221 iterateNormalLoaders
    [blog-comments-step4_e]/[loader-runner]/lib/LoaderRunner.js:221:10

  - LoaderRunner.js:236
    [blog-comments-step4_e]/[loader-runner]/lib/LoaderRunner.js:236:3

  - LoaderRunner.js:111 context.callback
    [blog-comments-step4_e]/[loader-runner]/lib/LoaderRunner.js:111:13

  - index.js:44
    [blog-comments-step4_e]/[babel-loader]/lib/index.js:44:71


not finished Building production JavaScript and CSS bundles - 1.800s

PS C:\Users\zljsd\Desktop\blog-comments-step4_e> set NODE_OPTIONS=--openssl-legacy-provider
PS C:\Users\zljsd\Desktop\blog-comments-step4_e> npm run build

> gatsby-starter-default@0.1.0 build
> gatsby build

success open and validate gatsby-configs - 0.076s
success load plugins - 1.280s
success onPreInit - 0.025s
success delete html and css files from previous builds - 0.005s
success initialize cache - 0.007s
success copy gatsby files - 0.162s
success onPreBootstrap - 0.015s
success createSchemaCustomization - 0.006s
success Checking for changed pages - 0.001s
success source and transform nodes - 0.072s
success building schema - 0.258s
info Total nodes: 55, SitePage nodes: 3 (use --verbose for breakdown)
success createPages - 0.021s
success Checking for changed pages - 0.001s
success createPagesStatefully - 0.042s
success Cleaning up stale page-data - 0.002s
success update schema - 0.012s
success onPreExtractQueries - 0.001s
warn Using the global `graphql` tag is deprecated, and will not be supported in v3.
Import it instead like:  import { graphql } from 'gatsby' in file:
C:/Users/zljsd/Desktop/blog-comments-step4_e/src/pages/index.js
success extract queries from components - 0.278s
success write out redirect data - 0.006s
success Build manifest and related icons - 0.150s
success onPostBootstrap - 0.164s
info bootstrap finished - 5.907s
success run static queries - 0.054s - 2/2 37.02/s
success run page queries - 0.044s - 3/3 68.81/s
success write out requires - 0.018s

 ERROR

UNHANDLED REJECTION error:0308010C:digital envelope routines::unsupported



  Error: error:0308010C:digital envelope routines::unsupported

  - hash:69 new Hash
    node:internal/crypto/hash:69:19

  - node:crypto:133 Object.createHash
    node:crypto:133:10

  - createHash.js:135 module.exports
    [blog-comments-step4_e]/[webpack]/lib/util/createHash.js:135:53

  - NormalModule.js:417 NormalModule._initBuildHash
    [blog-comments-step4_e]/[webpack]/lib/NormalModule.js:417:16

  - NormalModule.js:471 handleParseError
    [blog-comments-step4_e]/[webpack]/lib/NormalModule.js:471:10

  - NormalModule.js:503
    [blog-comments-step4_e]/[webpack]/lib/NormalModule.js:503:5

  - NormalModule.js:358
    [blog-comments-step4_e]/[webpack]/lib/NormalModule.js:358:12

  - LoaderRunner.js:373
    [blog-comments-step4_e]/[loader-runner]/lib/LoaderRunner.js:373:3

  - LoaderRunner.js:214 iterateNormalLoaders
    [blog-comments-step4_e]/[loader-runner]/lib/LoaderRunner.js:214:10

  - LoaderRunner.js:221 iterateNormalLoaders
    [blog-comments-step4_e]/[loader-runner]/lib/LoaderRunner.js:221:10

  - LoaderRunner.js:236
    [blog-comments-step4_e]/[loader-runner]/lib/LoaderRunner.js:236:3

  - LoaderRunner.js:111 context.callback
    [blog-comments-step4_e]/[loader-runner]/lib/LoaderRunner.js:111:13

  - index.js:44
    [blog-comments-step4_e]/[babel-loader]/lib/index.js:44:71

  - task_queues:95 processTicksAndRejections
    node:internal/process/task_queues:95:5


not finished Building production JavaScript and CSS bundles - 0.824s

PS C:\Users\zljsd\Desktop\blog-comments-step4_e>














run on my pc 
Windows PowerShell
Copyright (C) 2014 Microsoft Corporation. All rights reserved.

PS C:\Users\88> cd C:\Users\88\Desktop\blog-comments-step4_e
PS C:\Users\88\Desktop\blog-comments-step4_e> set NODE_OPTIONS=--openssl-legacy-provider
PS C:\Users\88\Desktop\blog-comments-step4_e> npm run build

> gatsby-starter-default@0.1.0 build
> gatsby build

success open and validate gatsby-configs - 49.378s
success load plugins - 9.489s
success onPreInit - 0.124s
success delete html and css files from previous builds - 0.014s
success initialize cache - 0.016s
success copy gatsby files - 0.857s
success onPreBootstrap - 0.122s
success createSchemaCustomization - 0.021s
success Checking for changed pages - 0.003s
success source and transform nodes - 0.196s
success building schema - 0.653s
info Total nodes: 55, SitePage nodes: 3 (use --verbose for breakdown)
success createPages - 0.054s
success Checking for changed pages - 0.001s
success createPagesStatefully - 0.102s
success Cleaning up stale page-data - 0.008s
success update schema - 0.027s
success onPreExtractQueries - 0.003s
warn Using the global `graphql` tag is deprecated, and will not be supported in v3.
Import it instead like:  import { graphql } from 'gatsby' in file:
C:/Users/88/Desktop/blog-comments-step4_e/src/pages/index.js
success extract queries from components - 0.666s
success write out redirect data - 0.067s
success Build manifest and related icons - 0.169s
success onPostBootstrap - 0.199s
info bootstrap finished - 92.906s
success run static queries - 0.026s - 2/2 77.71/s
success run page queries - 0.051s - 2/2 39.08/s
success write out requires - 0.017s
warn `isModuleDeclaration` has been deprecated, please migrate to `isImportOrExportDeclaration`
    at isModuleDeclaration
(C:\Users\88\Desktop\blog-comments-step4_e\node_modules\@babel\types\lib\validators\generated\index.js:2740:35)
    at PluginPass.Program
(C:\Users\88\Desktop\blog-comments-step4_e\node_modules\babel-plugin-lodash\lib\index.js:102:44)

 ERROR

UNHANDLED REJECTION error:0308010C:digital envelope routines::unsupported



  Error: error:0308010C:digital envelope routines::unsupported

  - hash:69 new Hash
    node:internal/crypto/hash:69:19

  - node:crypto:133 Object.createHash
    node:crypto:133:10

  - createHash.js:135 module.exports
    [blog-comments-step4_e]/[webpack]/lib/util/createHash.js:135:53

  - NormalModule.js:417 NormalModule._initBuildHash
    [blog-comments-step4_e]/[webpack]/lib/NormalModule.js:417:16

  - NormalModule.js:471 handleParseError
    [blog-comments-step4_e]/[webpack]/lib/NormalModule.js:471:10

  - NormalModule.js:503
    [blog-comments-step4_e]/[webpack]/lib/NormalModule.js:503:5

  - NormalModule.js:358
    [blog-comments-step4_e]/[webpack]/lib/NormalModule.js:358:12

  - LoaderRunner.js:373
    [blog-comments-step4_e]/[loader-runner]/lib/LoaderRunner.js:373:3

  - LoaderRunner.js:214 iterateNormalLoaders
    [blog-comments-step4_e]/[loader-runner]/lib/LoaderRunner.js:214:10

  - LoaderRunner.js:221 iterateNormalLoaders
    [blog-comments-step4_e]/[loader-runner]/lib/LoaderRunner.js:221:10

  - LoaderRunner.js:236
    [blog-comments-step4_e]/[loader-runner]/lib/LoaderRunner.js:236:3

  - LoaderRunner.js:111 context.callback
    [blog-comments-step4_e]/[loader-runner]/lib/LoaderRunner.js:111:13

  - index.js:44
    [blog-comments-step4_e]/[babel-loader]/lib/index.js:44:71


not finished Building production JavaScript and CSS bundles - 8.538s

npm notice
npm notice New major version of npm available! 9.6.7 -> 10.0.0
npm notice Changelog: https://github.com/npm/cli/releases/tag/v10.0.0
npm notice Run npm install -g npm@10.0.0 to update!
npm notice
PS C:\Users\88\Desktop\blog-comments-step4_e>











Windows PowerShell
版权所有（C） Microsoft Corporation。保留所有权利。

安装最新的 PowerShell，了解新功能和改进！https://aka.ms/PSWindows

PS C:\Users\zljsd> firebase login
i  Firebase optionally collects CLI and Emulator Suite usage and error reporting information to help improve our products. Data is collected in accordance with Google's privacy policy (https://policies.google.com/privacy) and is not used to identify you.

? Allow Firebase to collect CLI and Emulator Suite usage and error reporting information? Yes
i  To change your data collection preference at any time, run `firebase logout` and log in again.

Visit this URL on this device to log in:
https://accounts.google.com/o/oauth2/auth?client_id=563584335869-fgrhgmd47bqnekij5i8b5pr03ho849e6.apps.googleusercontent.com&scope=email%20openid%20https%3A%2F%2Fwww.googleapis.com%2Fauth%2Fcloudplatformprojects.readonly%20https%3A%2F%2Fwww.googleapis.com%2Fauth%2Ffirebase%20https%3A%2F%2Fwww.googleapis.com%2Fauth%2Fcloud-platform&response_type=code&state=678836039&redirect_uri=http%3A%2F%2Flocalhost%3A9005

Waiting for authentication...

+  Success! Logged in as aaa2417002@gmail.com

╭─────────────────────────────────────────────────────────────────────────────────────────────────────────────────────╮
│                                                                                                                     │
│                                          Update available 12.4.6 → 12.5.2                                           │
│                                   To update to the latest version using npm, run                                    │
│                                            npm install -g firebase-tools                                            │
│   For other CLI management options, visit the CLI documentation (https://firebase.google.com/docs/cli#update-cli)   │
│                                                                                                                     │
│                                                                                                                     │
│                                                                                                                     │
╰─────────────────────────────────────────────────────────────────────────────────────────────────────────────────────╯

PS C:\Users\zljsd> cd G:\blog-comments-step4_e
cd : 找不到路径“G:\blog-comments-step4_e”，因为该路径不存在。
所在位置 行:1 字符: 1
+ cd G:\blog-comments-step4_e
+ ~~~~~~~~~~~~~~~~~~~~~~~~~~~
    + CategoryInfo          : ObjectNotFound: (G:\blog-comments-step4_e:String) [Set-Location], ItemNotFoundException
    + FullyQualifiedErrorId : PathNotFound,Microsoft.PowerShell.Commands.SetLocationCommand

PS C:\Users\zljsd>
PS C:\Users\zljsd> :g
:g : 无法将“:g”项识别为 cmdlet、函数、脚本文件或可运行程序的名称。请检查名称的拼写，如果包括路径，请确保路径正确，然
后再试一次。
所在位置 行:1 字符: 1
+ :g
+ ~~
    + CategoryInfo          : ObjectNotFound: (:g:String) [], CommandNotFoundException
    + FullyQualifiedErrorId : CommandNotFoundException

PS C:\Users\zljsd> g：
g： : 无法将“g：”项识别为 cmdlet、函数、脚本文件或可运行程序的名称。请检查名称的拼写，如果包括路径，请确保路径正确，
然后再试一次。
所在位置 行:1 字符: 1
+ g：
+ ~~
    + CategoryInfo          : ObjectNotFound: (g：:String) [], CommandNotFoundException
    + FullyQualifiedErrorId : CommandNotFoundException

PS C:\Users\zljsd> g:
Set-Location : 找不到路径“G:\”，因为该路径不存在。
所在位置 行:1 字符: 1
+ Set-Location $MyInvocation.MyCommand.Name
+ ~~~~~~~~~~~~~~~~~~~~~~~~~~~~~~~~~~~~~~~~~
    + CategoryInfo          : ObjectNotFound: (G:\:String) [Set-Location], ItemNotFoundException
    + FullyQualifiedErrorId : PathNotFound,Microsoft.PowerShell.Commands.SetLocationCommand

PS C:\Users\zljsd> cd C:\Users\zljsd\Desktop\blog-comments-step4_e
PS C:\Users\zljsd\Desktop\blog-comments-step4_e> npm run build

> gatsby-starter-default@0.1.0 build
> gatsby build

success open and validate gatsby-configs - 0.074s
success load plugins - 2.130s
success onPreInit - 0.026s
success delete html and css files from previous builds - 0.006s
success initialize cache - 0.005s
success copy gatsby files - 0.153s
success onPreBootstrap - 0.017s
success createSchemaCustomization - 0.008s
success Checking for changed pages - 0.001s
success source and transform nodes - 0.068s
success building schema - 0.287s
info Total nodes: 55, SitePage nodes: 3 (use --verbose for breakdown)
success createPages - 0.029s
success Checking for changed pages - 0.001s
success createPagesStatefully - 0.046s
success Cleaning up stale page-data - 0.002s
success update schema - 0.011s
success onPreExtractQueries - 0.002s
warn Using the global `graphql` tag is deprecated, and will not be supported in v3.
Import it instead like:  import { graphql } from 'gatsby' in file:
C:/Users/zljsd/Desktop/blog-comments-step4_e/src/pages/index.js
success extract queries from components - 0.274s
success write out redirect data - 0.001s
success Build manifest and related icons - 0.057s
success onPostBootstrap - 0.061s
info bootstrap finished - 7.096s
success run static queries - 0.037s - 2/2 54.43/s
success run page queries - 0.044s - 3/3 68.09/s
success write out requires - 0.005s
warn `isModuleDeclaration` has been deprecated, please migrate to `isImportOrExportDeclaration`
    at isModuleDeclaration
(C:\Users\zljsd\Desktop\blog-comments-step4_e\node_modules\@babel\types\lib\validators\generated\index.js:2740:35)
    at PluginPass.Program
(C:\Users\zljsd\Desktop\blog-comments-step4_e\node_modules\babel-plugin-lodash\lib\index.js:102:44)

 ERROR

UNHANDLED REJECTION error:0308010C:digital envelope routines::unsupported



  Error: error:0308010C:digital envelope routines::unsupported

  - hash:69 new Hash
    node:internal/crypto/hash:69:19

  - node:crypto:133 Object.createHash
    node:crypto:133:10

  - createHash.js:135 module.exports
    [blog-comments-step4_e]/[webpack]/lib/util/createHash.js:135:53

  - NormalModule.js:417 NormalModule._initBuildHash
    [blog-comments-step4_e]/[webpack]/lib/NormalModule.js:417:16

  - NormalModule.js:471 handleParseError
    [blog-comments-step4_e]/[webpack]/lib/NormalModule.js:471:10

  - NormalModule.js:503
    [blog-comments-step4_e]/[webpack]/lib/NormalModule.js:503:5

  - NormalModule.js:358
    [blog-comments-step4_e]/[webpack]/lib/NormalModule.js:358:12

  - LoaderRunner.js:373
    [blog-comments-step4_e]/[loader-runner]/lib/LoaderRunner.js:373:3

  - LoaderRunner.js:214 iterateNormalLoaders
    [blog-comments-step4_e]/[loader-runner]/lib/LoaderRunner.js:214:10

  - LoaderRunner.js:221 iterateNormalLoaders
    [blog-comments-step4_e]/[loader-runner]/lib/LoaderRunner.js:221:10

  - LoaderRunner.js:236
    [blog-comments-step4_e]/[loader-runner]/lib/LoaderRunner.js:236:3

  - LoaderRunner.js:111 context.callback
    [blog-comments-step4_e]/[loader-runner]/lib/LoaderRunner.js:111:13

  - index.js:44
    [blog-comments-step4_e]/[babel-loader]/lib/index.js:44:71


not finished Building production JavaScript and CSS bundles - 1.800s

PS C:\Users\zljsd\Desktop\blog-comments-step4_e> set NODE_OPTIONS=--openssl-legacy-provider
PS C:\Users\zljsd\Desktop\blog-comments-step4_e> npm run build

> gatsby-starter-default@0.1.0 build
> gatsby build

success open and validate gatsby-configs - 0.076s
success load plugins - 1.280s
success onPreInit - 0.025s
success delete html and css files from previous builds - 0.005s
success initialize cache - 0.007s
success copy gatsby files - 0.162s
success onPreBootstrap - 0.015s
success createSchemaCustomization - 0.006s
success Checking for changed pages - 0.001s
success source and transform nodes - 0.072s
success building schema - 0.258s
info Total nodes: 55, SitePage nodes: 3 (use --verbose for breakdown)
success createPages - 0.021s
success Checking for changed pages - 0.001s
success createPagesStatefully - 0.042s
success Cleaning up stale page-data - 0.002s
success update schema - 0.012s
success onPreExtractQueries - 0.001s
warn Using the global `graphql` tag is deprecated, and will not be supported in v3.
Import it instead like:  import { graphql } from 'gatsby' in file:
C:/Users/zljsd/Desktop/blog-comments-step4_e/src/pages/index.js
success extract queries from components - 0.278s
success write out redirect data - 0.006s
success Build manifest and related icons - 0.150s
success onPostBootstrap - 0.164s
info bootstrap finished - 5.907s
success run static queries - 0.054s - 2/2 37.02/s
success run page queries - 0.044s - 3/3 68.81/s
success write out requires - 0.018s

 ERROR

UNHANDLED REJECTION error:0308010C:digital envelope routines::unsupported



  Error: error:0308010C:digital envelope routines::unsupported

  - hash:69 new Hash
    node:internal/crypto/hash:69:19

  - node:crypto:133 Object.createHash
    node:crypto:133:10

  - createHash.js:135 module.exports
    [blog-comments-step4_e]/[webpack]/lib/util/createHash.js:135:53

  - NormalModule.js:417 NormalModule._initBuildHash
    [blog-comments-step4_e]/[webpack]/lib/NormalModule.js:417:16

  - NormalModule.js:471 handleParseError
    [blog-comments-step4_e]/[webpack]/lib/NormalModule.js:471:10

  - NormalModule.js:503
    [blog-comments-step4_e]/[webpack]/lib/NormalModule.js:503:5

  - NormalModule.js:358
    [blog-comments-step4_e]/[webpack]/lib/NormalModule.js:358:12

  - LoaderRunner.js:373
    [blog-comments-step4_e]/[loader-runner]/lib/LoaderRunner.js:373:3

  - LoaderRunner.js:214 iterateNormalLoaders
    [blog-comments-step4_e]/[loader-runner]/lib/LoaderRunner.js:214:10

  - LoaderRunner.js:221 iterateNormalLoaders
    [blog-comments-step4_e]/[loader-runner]/lib/LoaderRunner.js:221:10

  - LoaderRunner.js:236
    [blog-comments-step4_e]/[loader-runner]/lib/LoaderRunner.js:236:3

  - LoaderRunner.js:111 context.callback
    [blog-comments-step4_e]/[loader-runner]/lib/LoaderRunner.js:111:13

  - index.js:44
    [blog-comments-step4_e]/[babel-loader]/lib/index.js:44:71

  - task_queues:95 processTicksAndRejections
    node:internal/process/task_queues:95:5


not finished Building production JavaScript and CSS bundles - 0.824s

PS C:\Users\zljsd\Desktop\blog-comments-step4_e> npm run develop

> gatsby-starter-default@0.1.0 develop
> set NODE_OPTIONS=--openssl-legacy-provider && gatsby develop

C:\Users\zljsd\Desktop\blog-comments-step4_e\node_modules\gatsby-recipes\dist\graphql-server\server.js:52
var remarkMdx = require('remark-mdx');
                ^

Error [ERR_REQUIRE_ESM]: require() of ES Module
C:\Users\zljsd\Desktop\blog-comments-step4_e\node_modules\remark-mdx\index.js from
C:\Users\zljsd\Desktop\blog-comments-step4_e\node_modules\gatsby-recipes\dist\graphql-server\server.js not supported.
Instead change the require of index.js in
C:\Users\zljsd\Desktop\blog-comments-step4_e\node_modules\gatsby-recipes\dist\graphql-server\server.js to a dynamic
import() which is available in all CommonJS modules.
    at Object.<anonymous>
(C:\Users\zljsd\Desktop\blog-comments-step4_e\node_modules\gatsby-recipes\dist\graphql-server\server.js:52:17) {
  code: 'ERR_REQUIRE_ESM'
}

Node.js v18.17.0


success open and validate gatsby-configs - 0.080s
success load plugins - 1.519s
success onPreInit - 0.025s
success initialize cache - 0.005s
success copy gatsby files - 0.152s
success onPreBootstrap - 0.017s
success createSchemaCustomization - 0.008s
success Checking for changed pages - 0.001s
success source and transform nodes - 0.075s
success building schema - 0.267s
info Total nodes: 55, SitePage nodes: 3 (use --verbose for breakdown)
success createPages - 0.020s
success Checking for changed pages - 0.000s
success createPagesStatefully - 0.048s
success update schema - 0.013s
success write out redirect data - 0.001s
success Build manifest and related icons - 0.056s
success onPostBootstrap - 0.061s
info bootstrap finished - 5.744s
success onPreExtractQueries - 0.001s
warn Using the global `graphql` tag is deprecated, and will not be supported in v3.
Import it instead like:  import { graphql } from 'gatsby' in file:
C:/Users/zljsd/Desktop/blog-comments-step4_e/src/pages/index.js
success extract queries from components - 0.270s
success write out requires - 0.007s
success run static queries - 0.032s - 2/2 62.03/s
success run page queries - 0.031s - 2/2 65.14/s
warn `isModuleDeclaration` has been deprecated, please migrate to `isImportOrExportDeclaration`
    at isModuleDeclaration
(C:\Users\zljsd\Desktop\blog-comments-step4_e\node_modules\@babel\types\lib\validators\generated\index.js:2740:35)
    at PluginPass.Program
(C:\Users\zljsd\Desktop\blog-comments-step4_e\node_modules\babel-plugin-lodash\lib\index.js:102:44)
⠀
You can now view gatsby-starter-default in the browser.
⠀
  http://localhost:8000/
⠀
View GraphiQL, an in-browser IDE, to explore your site's data and schema
⠀
  http://localhost:8000/___graphql
⠀
Note that the development build is not optimized.
To create a production build, use gatsby build
⠀
success Building development bundle - 8.281s
success onPreExtractQueries - 0.003s
success extract queries from components - 0.106s
success write out requires - 0.003s
success run page queries - 0.023s - 1/1 42.78/s












