Microsoft Windows [版本 10.0.22000.2176]
(c) Microsoft Corporation。保留所有权利。

C:\Users\zljsd>cd C:\Users\zljsd\Desktop\comment-main

C:\Users\zljsd\Desktop\comment-main>set NODE_OPTIONS=--openssl-legacy-provider

C:\Users\zljsd\Desktop\comment-main>gatsby develop
'gatsby' 不是内部或外部命令，也不是可运行的程序
或批处理文件。

C:\Users\zljsd\Desktop\comment-main>









PS C:\Users\zljsd\Desktop\comment-main> set NODE_OPTIONS=--openssl-legacy-provider
PS C:\Users\zljsd\Desktop\comment-main> gatsby develop
gatsby : 无法将“gatsby”项识别为 cmdlet、函数、脚本文件或可运行程序的名称。请检查名称的拼写，如果包括路径，请确保路径正确，然后再试一次。
所在位置 行:1 字符: 1
+ gatsby develop
+ ~~~~~~
    + CategoryInfo          : ObjectNotFound: (gatsby:String) [], CommandNotFoundException
    + FullyQualifiedErrorId : CommandNotFoundException
 
PS C:\Users\zljsd\Desktop\comment-main> 
