Windows PowerShell
Copyright (C) 2014 Microsoft Corporation. All rights reserved.

PS C:\Users\88\Desktop\blog-comments-step4_e> npm install
npm WARN deprecated @types/vfile-message@2.0.0: This is a stub types definition. vfile-message pr its own type definitions, so you do not need this installed.
npm WARN deprecated string-similarity@1.2.2: Package no longer supported. Contact Support at httpw.npmjs.com/support for more info.
npm WARN deprecated async-cache@1.1.0: No longer maintained. Use [lru-cache](http://npm.im/lru-caersion 7.6 or higher, and provide an asynchronous `fetchMethod` option.
npm WARN deprecated @babel/plugin-proposal-numeric-separator@7.18.6: This proposal has been mergehe ECMAScript standard and thus this plugin is no longer maintained. Please use @babel/plugin-tra-numeric-separator instead.
npm WARN deprecated @babel/plugin-proposal-nullish-coalescing-operator@7.18.6: This proposal has erged to the ECMAScript standard and thus this plugin is no longer maintained. Please use @babel/-transform-nullish-coalescing-operator instead.
npm WARN deprecated @babel/plugin-proposal-class-properties@7.18.6: This proposal has been mergede ECMAScript standard and thus this plugin is no longer maintained. Please use @babel/plugin-tranclass-properties instead.
npm WARN deprecated @babel/plugin-proposal-object-rest-spread@7.10.4: This proposal has been merg
the ECMAScript standard and thus this plugin is no longer maintained. Please use @babel/plugin-trm-object-rest-spread instead.
npm WARN deprecated source-map-url@0.4.1: See https://github.com/lydell/source-map-url#deprecated
npm WARN deprecated stable@0.1.8: Modern JS already guarantees Array#sort() is a stable sort, so ibrary is deprecated. See the compatibility table on MDN: https://developer.mozilla.org/en-US/docJavaScript/Reference/Global_Objects/Array/sort#browser_compatibility
npm WARN deprecated @hapi/bourne@1.3.2: This version has been deprecated and is no longer support
maintained
npm WARN deprecated @hapi/topo@3.1.6: This version has been deprecated and is no longer supportedintained
npm WARN deprecated eslint-loader@2.2.1: This loader has been deprecated. Please use eslint-webpagin
npm WARN deprecated @babel/plugin-proposal-optional-chaining@7.21.0: This proposal has been mergehe ECMAScript standard and thus this plugin is no longer maintained. Please use @babel/plugin-tra-optional-chaining instead.
npm WARN deprecated urix@0.1.0: Please see https://github.com/lydell/urix#deprecated
npm WARN deprecated trim@0.0.1: Use String.prototype.trim() instead
npm WARN deprecated source-map-resolve@0.5.3: See https://github.com/lydell/source-map-resolve#deed
npm WARN deprecated chokidar@2.1.8: Chokidar 2 does not receive security updates since 2019. Upgr chokidar 3 with 15x fewer dependencies
npm WARN deprecated chokidar@2.1.8: Chokidar 2 does not receive security updates since 2019. Upgr chokidar 3 with 15x fewer dependencies
npm WARN deprecated resolve-url@0.2.1: https://github.com/lydell/resolve-url#deprecated
npm WARN deprecated querystring@0.2.1: The querystring API is considered Legacy. new code should e URLSearchParams API instead.
npm WARN deprecated @hapi/address@2.1.4: Moved to 'npm install @sideway/address'
npm WARN deprecated gatsby-image@2.11.0: gatsby-image is now gatsby-plugin-image: https://npm.im/-plugin-image. This package will no longer receive updates.
npm WARN deprecated babel-eslint@10.1.0: babel-eslint is now @babel/eslint-parser. This package w longer receive updates.
npm WARN deprecated uuid@3.4.0: Please upgrade  to version 7 or higher.  Older versions may use Mndom() in certain circumstances, which is known to be problematic.  See https://v8.dev/blog/math- for details.
npm WARN deprecated @hapi/hoek@8.5.1: This version has been deprecated and is no longer supportedintained
npm WARN deprecated express-graphql@0.9.0: This package is no longer maintained. We recommend usiaphql-http` instead. Please consult the migration document https://github.com/graphql/graphql-httating-express-grpahql.
npm WARN deprecated @hapi/joi@15.1.1: Switch to 'npm install joi'
npm WARN deprecated subscriptions-transport-ws@0.9.19: The `subscriptions-transport-ws` package ionger maintained. We recommend you use `graphql-ws` instead. For help migrating Apollo software tphql-ws`, see https://www.apollographql.com/docs/apollo-server/data/subscriptions/#switching-fromriptions-transport-ws    For general help using `graphql-ws`, see https://github.com/enisdenjo/grws/blob/master/README.md
npm WARN deprecated svgo@1.3.2: This SVGO version is no longer supported. Upgrade to v2.x.x.
npm WARN deprecated gatsby-recipes@0.9.3: gatsby-recipes has been removed from gatsby/
0. Update to gatsby@latest/gatsby-cli@latest to use versions without gatsby-recipes. T
no longer receive updates.
npm WARN deprecated core-js@2.6.12: core-js@<3.23.3 is no longer maintained and not re
ge due to the number of issues. Because of the V8 engine whims, feature detection in o
ns could cause a slowdown up to 100x even if nothing is polyfilled. Some versions have
y issues. Please, upgrade your dependencies to the actual version of core-js.
npm WARN deprecated core-js@3.6.5: core-js@<3.23.3 is no longer maintained and not rec
e due to the number of issues. Because of the V8 engine whims, feature detection in ol
s could cause a slowdown up to 100x even if nothing is polyfilled. Some versions have
 issues. Please, upgrade your dependencies to the actual version of core-js.
npm WARN cleanup Failed to remove some directories [
npm WARN cleanup   [
npm WARN cleanup     'C:\\Users\\88\\Desktop\\blog-comments-step4_e\\node_modules\\mozjpeg',
npm WARN cleanup     [Error: EBUSY: resource busy or locked, rmdir 'C:\Users\88\Desktop\blog-comments-step4_e\node_modules\mozjpeg'] {
npm WARN cleanup       errno: -4082,
npm WARN cleanup       code: 'EBUSY',
npm WARN cleanup       syscall: 'rmdir',
npm WARN cleanup       path: 'C:\\Users\\88\\Desktop\\blog-comments-step4_e\\node_modules\\mozjpeg'
npm WARN cleanup     }
npm WARN cleanup   ]
npm WARN cleanup ]
npm ERR! code 1
npm ERR! path C:\Users\88\Desktop\blog-comments-step4_e\node_modules\pngquant-bin
npm ERR! command failed
npm ERR! command C:\Windows\system32\cmd.exe /d /s /c node lib/install.js
npm ERR! compiling from source
npm ERR! connect ETIMEDOUT 185.199.108.133:443
npm ERR! pngquant pre-build test failed
npm ERR! Error: pngquant failed to build, make sure that libpng-dev is installed
npm ERR!     at C:\Users\88\Desktop\blog-comments-step4_e\node_modules\bin-build\node_modules\execa\index.js:231:11
npm ERR!     at process.processTicksAndRejections (node:internal/process/task_queues:95:5)
npm ERR!     at async Promise.all (index 0)

npm ERR! A complete log of this run can be found in: C:\Users\88\AppData\Local\npm-cache\_logs\2023-09-25T13_35_48_247Z-debug-0.log
PS C:\Users\88\Desktop\blog-comments-step4_e>









Microsoft Windows [Version 6.3.9600]
(c) 2013 Microsoft Corporation. All rights reserved.

C:\Users\88>cd C:\Users\88\Desktop\blog-comments-step4_e

C:\Users\88\Desktop\blog-comments-step4_e>npm gatsby build
Unknown command: "gatsby"

To see a list of supported npm commands, run:
  npm help

C:\Users\88\Desktop\blog-comments-step4_e>npm run build

> gatsby-starter-default@0.1.0 build
> set NODE_OPTIONS=--openssl-legacy-provider && gatsby build

success open and validate gatsby-configs - 0.137s

 ERROR #11331  PLUGIN

Invalid plugin options for "gatsby-plugin-manifest":

- "value" must contain at least one of [icon, icons]

not finished load plugins - 8.116s


C:\Users\88\Desktop\blog-comments-step4_e>
C:\Users\88\Desktop\blog-comments-step4_e>













Windows PowerShell
Copyright (C) 2014 Microsoft Corporation. All rights reserved.

PS C:\Users\88> cd C:\Users\88\Desktop\blog-comments-step4_e
PS C:\Users\88\Desktop\blog-comments-step4_e> npm run build

> gatsby-starter-default@0.1.0 build
> set NODE_OPTIONS=--openssl-legacy-provider && gatsby build

success open and validate gatsby-configs - 1.111s

 ERROR #11331  PLUGIN

Invalid plugin options for "gatsby-plugin-manifest":

- "value" must contain at least one of [icon, icons]

not finished load plugins - 4.614s

PS C:\Users\88\Desktop\blog-comments-step4_e> npm run build

> gatsby-starter-default@0.1.0 build
> set NODE_OPTIONS=--openssl-legacy-provider && gatsby build

success open and validate gatsby-configs - 0.530s
success load plugins - 2.566s
success onPreInit - 0.132s
success delete html and css files from previous builds - 0.009s
success initialize cache - 0.015s
success copy gatsby files - 0.482s
success onPreBootstrap - 0.121s
success createSchemaCustomization - 0.028s
success Checking for changed pages - 0.008s
success source and transform nodes - 0.189s
success building schema - 0.563s
info Total nodes: 55, SitePage nodes: 3 (use --verbose for breakdown)
success createPages - 0.049s
success Checking for changed pages - 0.001s
success createPagesStatefully - 0.090s
success update schema - 0.028s
success onPreExtractQueries - 0.003s
warn Using the global `graphql` tag is deprecated, and will not be supported in v3.
Import it instead like:  import { graphql } from 'gatsby' in file:
C:/Users/88/Desktop/blog-comments-step4_e/src/pages/index.js
success extract queries from components - 0.674s
success write out redirect data - 0.002s
success Build manifest and related icons - 0.170s
success onPostBootstrap - 0.182s
info bootstrap finished - 14.317s
success run static queries - 0.028s - 2/2 70.42/s
success run page queries - 0.074s - 5/5 67.75/s
success write out requires - 0.010s
warn `isModuleDeclaration` has been deprecated, please migrate to `isImportOrExportDeclaration`
    at isModuleDeclaration
(C:\Users\88\Desktop\blog-comments-step4_e\node_modules\@babel\types\lib\validators\generated\index.js:2740:35)
    at PluginPass.Program
(C:\Users\88\Desktop\blog-comments-step4_e\node_modules\babel-plugin-lodash\lib\index.js:102:44)
success Building production JavaScript and CSS bundles - 27.541s
success Rewriting compilation hashes - 0.003s
success Building HTML renderer - 3.106s
[                            ]   0.001 s 0/5 0% Building static HTML for pages
[2023-09-25T14:38:44.223Z]  @firebase/app:
      Warning: This is a browser-targeted Firebase bundle but it appears it is being
      run in a Node environment.  If running in a Node environment, make sure you
      are using the bundle specified by the "main" field in package.json.

      If you are using Webpack, you can specify "main" as the first item in
      "resolve.mainFields":
      https://webpack.js.org/configuration/resolve/#resolvemainfields

      If using Rollup, use the rollup-plugin-node-resolve plugin and specify "main"
      as the first item in "mainFields", e.g. ['main', 'module'].
      https://github.com/rollup/rollup-plugin-node-resolve
success Building static HTML for pages - 0.433s - 5/5 11.56/s
success onPostBuild - 0.002s
info Done building in 45.711987384 sec

PS C:\Users\88\Desktop\blog-comments-step4_e> firebase deploy

Error: Not in a Firebase app directory (could not locate firebase.json)
PS C:\Users\88\Desktop\blog-comments-step4_e> firebase init

     ######## #### ########  ######## ########     ###     ######  ########
     ##        ##  ##     ## ##       ##     ##  ##   ##  ##       ##
     ######    ##  ########  ######   ########  #########  ######  ######
     ##        ##  ##    ##  ##       ##     ## ##     ##       ## ##
     ##       #### ##     ## ######## ########  ##     ##  ######  ########

You're about to initialize a Firebase project in this directory:

  C:\Users\88\Desktop\blog-comments-step4_e

? Are you ready to proceed? Yes
? Which Firebase features do you want to set up for this directory? Press Space to select features, then Enter to
confirm your choices. Hosting: Configure files for Firebase Hosting and (optionally) set up GitHub Action deploys

=== Project Setup

First, let's associate this project directory with a Firebase project.
You can create multiple project aliases by running firebase use --add,
but for now we'll just set up a default project.

? Please select an option: Use an existing project
? Select a default Firebase project for this directory: comment-66100 (comment)
i  Using project comment-66100 (comment)

=== Hosting Setup

Your public directory is the folder (relative to your project directory) that
will contain Hosting assets to be uploaded with firebase deploy. If you
have a build process for your assets, use your build's output directory.

? What do you want to use as your public directory? public
? Configure as a single-page app (rewrite all urls to /index.html)? No
? Set up automatic builds and deploys with GitHub? No
? File public/404.html already exists. Overwrite? No
i  Skipping write of public/404.html
? File public/index.html already exists. Overwrite? No
i  Skipping write of public/index.html

i  Writing configuration info to firebase.json...
i  Writing project information to .firebaserc...

+  Firebase initialization complete!
PS C:\Users\88\Desktop\blog-comments-step4_e> firebase deploy

=== Deploying to 'comment-66100'...

i  deploying hosting
i  hosting[comment-66100]: beginning deploy...
i  hosting[comment-66100]: found 53 files in public
+  hosting[comment-66100]: file upload complete
i  hosting[comment-66100]: finalizing version...
+  hosting[comment-66100]: version finalized
i  hosting[comment-66100]: releasing new version...
+  hosting[comment-66100]: release complete

+  Deploy complete!

Project Console: https://console.firebase.google.com/project/comment-66100/overview
Hosting URL: https://comment-66100.web.app
PS C:\Users\88\Desktop\blog-comments-step4_e>
