Windows PowerShell
版权所有（C） Microsoft Corporation。保留所有权利。

安装最新的 PowerShell，了解新功能和改进！https://aka.ms/PSWindows

PS C:\Users\zljsd> cd C:\Users\zljsd\Desktop\blog-comments-step4_e
PS C:\Users\zljsd\Desktop\blog-comments-step4_e> npm run build

> gatsby-starter-default@0.1.0 build
> set NODE_OPTIONS=--openssl-legacy-provider && gatsby build

'gatsby' 不是内部或外部命令，也不是可运行的程序
或批处理文件。
PS C:\Users\zljsd\Desktop\blog-comments-step4_e> cd C:\Users\zljsd
PS C:\Users\zljsd> npm install -g gatsby-cli

changed 333 packages in 2m

51 packages are looking for funding
  run `npm fund` for details
PS C:\Users\zljsd> cd C:\Users\zljsd\Desktop\blog-comments-step4_e
PS C:\Users\zljsd\Desktop\blog-comments-step4_e> npm run build

> gatsby-starter-default@0.1.0 build
> set NODE_OPTIONS=--openssl-legacy-provider && gatsby build

'gatsby' 不是内部或外部命令，也不是可运行的程序
或批处理文件。
PS C:\Users\zljsd\Desktop\blog-comments-step4_e> gatsby-cli -v
gatsby-cli : 无法将“gatsby-cli”项识别为 cmdlet、函数、脚本文件或可运行程序的名称。请检查名称的拼写，如果包括路径，请
确保路径正确，然后再试一次。
所在位置 行:1 字符: 1
+ gatsby-cli -v
+ ~~~~~~~~~~
    + CategoryInfo          : ObjectNotFound: (gatsby-cli:String) [], CommandNotFoundException
    + FullyQualifiedErrorId : CommandNotFoundException

PS C:\Users\zljsd\Desktop\blog-comments-step4_e> gatsby -v
gatsby : 无法将“gatsby”项识别为 cmdlet、函数、脚本文件或可运行程序的名称。请检查名称的拼写，如果包括路径，请确保路径
正确，然后再试一次。
所在位置 行:1 字符: 1
+ gatsby -v
+ ~~~~~~
    + CategoryInfo          : ObjectNotFound: (gatsby:String) [], CommandNotFoundException
    + FullyQualifiedErrorId : CommandNotFoundException

PS C:\Users\zljsd\Desktop\blog-comments-step4_e>
