Windows PowerShell
版权所有（C） Microsoft Corporation。保留所有权利。

安装最新的 PowerShell，了解新功能和改进！https://aka.ms/PSWindows

PS C:\Users\zljsd> cd  C:\Users\zljsd\Desktop\blog-comments-step4_e
PS C:\Users\zljsd\Desktop\blog-comments-step4_e> npm run build

> gatsby-starter-default@0.1.0 build
> set NODE_OPTIONS=--openssl-legacy-provider && gatsby build


 ERROR  UNKNOWN

There was a problem loading the local build command. Gatsby may not be installed in your site's "node_modules"
directory. Perhaps you need to run "npm install"? You might need to delete your "package-lock.json" as well.


PS C:\Users\zljsd\Desktop\blog-comments-step4_e> npm run build

> gatsby-starter-default@0.1.0 build
> set NODE_OPTIONS=--openssl-legacy-provider && gatsby build


 ERROR  UNKNOWN

There was a problem loading the local build command. Gatsby may not be installed in your site's "node_modules"
directory. Perhaps you need to run "npm install"? You might need to delete your "package-lock.json" as well.


PS C:\Users\zljsd\Desktop\blog-comments-step4_e> npm run buil
npm ERR! Missing script: "buil"
npm ERR!
npm ERR! Did you mean this?
npm ERR!     npm run build # run the "build" package script
npm ERR!
npm ERR! To see a list of scripts, run:
npm ERR!   npm run

npm ERR! A complete log of this run can be found in: C:\Users\zljsd\npm-cache\_logs\2023-09-28T17_34_20_486Z-debug-0.log
PS C:\Users\zljsd\Desktop\blog-comments-step4_e> npm run build

> gatsby-starter-default@0.1.0 build
> set NODE_OPTIONS=--openssl-legacy-provider && gatsby build


 ERROR  UNKNOWN

gatsby build

Build a Gatsby project.

Options:
  --verbose                   Turn on verbose output                                          [boolean] [default: false]
  --no-color, --no-colors     Turn off the color in output                                    [boolean] [default: false]
  --json                      Turn on the JSON logger                                         [boolean] [default: false]
  --prefix-paths              Build site with link paths prefixed with the pathPrefix value in gatsby-config.js. Default
                              is env.PREFIX_PATHS or false.                                   [boolean] [default: false]
  --no-uglify                 Build site without uglifying JS bundles (for debugging).        [boolean] [default: false]
  --profile                   Build site with react profiling (this can add some additional overhead). See
                              https://reactjs.org/docs/profiler                               [boolean] [default: false]
  --graphql-tracing           Trace every graphql resolver, may have performance implications [boolean] [default: false]
  --open-tracing-config-file  Tracer configuration file (OpenTracing compatible). See https://gatsby.dev/tracing[string]
  -h, --help                  Show help                                                                        [boolean]
  -v, --version               Show the version of the Gatsby CLI and the Gatsby package in the current project [boolean]


 ERROR  UNKNOWN

There was a problem loading the local build command. Gatsby may not be installed. Perhaps you need to run "npm install"?
 Cannot find module '@babel/runtime/helpers/interopRequireWildcard'
Require stack:
- C:\Users\zljsd\Desktop\blog-comments-step4_e\node_modules\gatsby\dist\commands\build.js
- C:\Users\zljsd\AppData\Roaming\npm\node_modules\gatsby-cli\lib\create-cli.js
- C:\Users\zljsd\AppData\Roaming\npm\node_modules\gatsby-cli\lib\index.js
- C:\Users\zljsd\AppData\Roaming\npm\node_modules\gatsby-cli\cli.js



  Error: Cannot find module '@babel/runtime/helpers/interopRequireWildcard'
  Require stack:
  - C:\Users\zljsd\Desktop\blog-comments-step4_e\node_modules\gatsby\dist\commands\build.js
  - C:\Users\zljsd\AppData\Roaming\npm\node_modules\gatsby-cli\lib\create-cli.js
  - C:\Users\zljsd\AppData\Roaming\npm\node_modules\gatsby-cli\lib\index.js
  - C:\Users\zljsd\AppData\Roaming\npm\node_modules\gatsby-cli\cli.js

  - loader:1077 Function.Module._resolveFilename
    node:internal/modules/cjs/loader:1077:15

  - loader:922 Function.Module._load
    node:internal/modules/cjs/loader:922:27

  - loader:1143 Module.require
    node:internal/modules/cjs/loader:1143:19

  - helpers:110 require
    node:internal/modules/cjs/helpers:110:18

  - build.js:3 Object.<anonymous>
    [blog-comments-step4_e]/[gatsby]/dist/commands/build.js:3:31

  - loader:1256 Module._compile
    node:internal/modules/cjs/loader:1256:14

  - loader:1310 Object.Module._extensions..js
    node:internal/modules/cjs/loader:1310:10

  - loader:1119 Module.load
    node:internal/modules/cjs/loader:1119:32

  - loader:960 Function.Module._load
    node:internal/modules/cjs/loader:960:12

  - loader:1143 Module.require
    node:internal/modules/cjs/loader:1143:19



PS C:\Users\zljsd\Desktop\blog-comments-step4_e> npm run build

> gatsby-starter-default@0.1.0 build
> set NODE_OPTIONS=--openssl-legacy-provider && gatsby build


 ERROR  UNKNOWN

gatsby build

Build a Gatsby project.

Options:
  --verbose                   Turn on verbose output                                          [boolean] [default: false]
  --no-color, --no-colors     Turn off the color in output                                    [boolean] [default: false]
  --json                      Turn on the JSON logger                                         [boolean] [default: false]
  --prefix-paths              Build site with link paths prefixed with the pathPrefix value in gatsby-config.js. Default
                              is env.PREFIX_PATHS or false.                                   [boolean] [default: false]
  --no-uglify                 Build site without uglifying JS bundles (for debugging).        [boolean] [default: false]
  --profile                   Build site with react profiling (this can add some additional overhead). See
                              https://reactjs.org/docs/profiler                               [boolean] [default: false]
  --graphql-tracing           Trace every graphql resolver, may have performance implications [boolean] [default: false]
  --open-tracing-config-file  Tracer configuration file (OpenTracing compatible). See https://gatsby.dev/tracing[string]
  -h, --help                  Show help                                                                        [boolean]
  -v, --version               Show the version of the Gatsby CLI and the Gatsby package in the current project [boolean]


 ERROR  UNKNOWN

There was a problem loading the local build command. Gatsby may not be installed. Perhaps you need to run "npm install"?
 Cannot find module '@babel/runtime/helpers/interopRequireWildcard'
Require stack:
- C:\Users\zljsd\Desktop\blog-comments-step4_e\node_modules\gatsby\dist\commands\build.js
- C:\Users\zljsd\AppData\Roaming\npm\node_modules\gatsby-cli\lib\create-cli.js
- C:\Users\zljsd\AppData\Roaming\npm\node_modules\gatsby-cli\lib\index.js
- C:\Users\zljsd\AppData\Roaming\npm\node_modules\gatsby-cli\cli.js



  Error: Cannot find module '@babel/runtime/helpers/interopRequireWildcard'
  Require stack:
  - C:\Users\zljsd\Desktop\blog-comments-step4_e\node_modules\gatsby\dist\commands\build.js
  - C:\Users\zljsd\AppData\Roaming\npm\node_modules\gatsby-cli\lib\create-cli.js
  - C:\Users\zljsd\AppData\Roaming\npm\node_modules\gatsby-cli\lib\index.js
  - C:\Users\zljsd\AppData\Roaming\npm\node_modules\gatsby-cli\cli.js

  - loader:1077 Function.Module._resolveFilename
    node:internal/modules/cjs/loader:1077:15

  - loader:922 Function.Module._load
    node:internal/modules/cjs/loader:922:27

  - loader:1143 Module.require
    node:internal/modules/cjs/loader:1143:19

  - helpers:110 require
    node:internal/modules/cjs/helpers:110:18

  - build.js:3 Object.<anonymous>
    [blog-comments-step4_e]/[gatsby]/dist/commands/build.js:3:31

  - loader:1256 Module._compile
    node:internal/modules/cjs/loader:1256:14

  - loader:1310 Object.Module._extensions..js
    node:internal/modules/cjs/loader:1310:10

  - loader:1119 Module.load
    node:internal/modules/cjs/loader:1119:32

  - loader:960 Function.Module._load
    node:internal/modules/cjs/loader:960:12

  - loader:1143 Module.require
    node:internal/modules/cjs/loader:1143:19



PS C:\Users\zljsd\Desktop\blog-comments-step4_e> npm run develop

> gatsby-starter-default@0.1.0 develop
> set NODE_OPTIONS=--openssl-legacy-provider && gatsby develop


 ERROR  UNKNOWN

gatsby develop

Start development server. Watches files, rebuilds, and hot reloads if something changes

Options:
  --verbose                   Turn on verbose output                                          [boolean] [default: false]
  --no-color, --no-colors     Turn off the color in output                                    [boolean] [default: false]
  --json                      Turn on the JSON logger                                         [boolean] [default: false]
  -H, --host                  Set host. Defaults to localhost                            [string] [default: "localhost"]
  -p, --port                  Set port. Defaults to 8000                                      [string] [default: "8000"]
  -o, --open                  Open the site in your (default) browser for you.                                 [boolean]
  -S, --https                 Use HTTPS. See https://www.gatsbyjs.com/docs/local-https/ as a guide             [boolean]
  -c, --cert-file             Custom HTTPS cert file (also required: --https, --key-file). See
                              https://www.gatsbyjs.com/docs/local-https/                          [string] [default: ""]
  -k, --key-file              Custom HTTPS key file (also required: --https, --cert-file). See
                              https://www.gatsbyjs.com/docs/local-https/                          [string] [default: ""]
  --ca-file                   Custom HTTPS CA certificate file (also required: --https, --cert-file, --key-file).  See
                              https://www.gatsbyjs.com/docs/local-https/                          [string] [default: ""]
  --graphql-tracing           Trace every graphql resolver, may have performance implications [boolean] [default: false]
  --open-tracing-config-file  Tracer configuration file (OpenTracing compatible). See https://gatsby.dev/tracing[string]
  --inspect                   Opens a port for debugging. See https://www.gatsbyjs.com/docs/debugging-the-build-process/
                                                                                                                [number]
  --inspect-brk               Opens a port for debugging. Will block until debugger is attached. See
                              https://www.gatsbyjs.com/docs/debugging-the-build-process/                        [number]
  -h, --help                  Show help                                                                        [boolean]
  -v, --version               Show the version of the Gatsby CLI and the Gatsby package in the current project [boolean]


 ERROR  UNKNOWN

There was a problem loading the local develop command. Gatsby may not be installed. Perhaps you need to run "npm
install"? Cannot find module '@babel/runtime/helpers/interopRequireDefault'
Require stack:
- C:\Users\zljsd\Desktop\blog-comments-step4_e\node_modules\gatsby\dist\commands\develop.js
- C:\Users\zljsd\AppData\Roaming\npm\node_modules\gatsby-cli\lib\create-cli.js
- C:\Users\zljsd\AppData\Roaming\npm\node_modules\gatsby-cli\lib\index.js
- C:\Users\zljsd\AppData\Roaming\npm\node_modules\gatsby-cli\cli.js



  Error: Cannot find module '@babel/runtime/helpers/interopRequireDefault'
  Require stack:
  - C:\Users\zljsd\Desktop\blog-comments-step4_e\node_modules\gatsby\dist\commands\develop.js
  - C:\Users\zljsd\AppData\Roaming\npm\node_modules\gatsby-cli\lib\create-cli.js
  - C:\Users\zljsd\AppData\Roaming\npm\node_modules\gatsby-cli\lib\index.js
  - C:\Users\zljsd\AppData\Roaming\npm\node_modules\gatsby-cli\cli.js

  - loader:1077 Function.Module._resolveFilename
    node:internal/modules/cjs/loader:1077:15

  - loader:922 Function.Module._load
    node:internal/modules/cjs/loader:922:27

  - loader:1143 Module.require
    node:internal/modules/cjs/loader:1143:19

  - helpers:110 require
    node:internal/modules/cjs/helpers:110:18

  - develop.js:3 Object.<anonymous>
    [blog-comments-step4_e]/[gatsby]/dist/commands/develop.js:3:30

  - loader:1256 Module._compile
    node:internal/modules/cjs/loader:1256:14

  - loader:1310 Object.Module._extensions..js
    node:internal/modules/cjs/loader:1310:10

  - loader:1119 Module.load
    node:internal/modules/cjs/loader:1119:32

  - loader:960 Function.Module._load
    node:internal/modules/cjs/loader:960:12

  - loader:1143 Module.require
    node:internal/modules/cjs/loader:1143:19



PS C:\Users\zljsd\Desktop\blog-comments-step4_e> npm start

> gatsby-starter-default@0.1.0 start
> npm run develop


> gatsby-starter-default@0.1.0 develop
> set NODE_OPTIONS=--openssl-legacy-provider && gatsby develop


 ERROR  UNKNOWN

gatsby develop

Start development server. Watches files, rebuilds, and hot reloads if something changes

Options:
  --verbose                   Turn on verbose output                                          [boolean] [default: false]
  --no-color, --no-colors     Turn off the color in output                                    [boolean] [default: false]
  --json                      Turn on the JSON logger                                         [boolean] [default: false]
  -H, --host                  Set host. Defaults to localhost                            [string] [default: "localhost"]
  -p, --port                  Set port. Defaults to 8000                                      [string] [default: "8000"]
  -o, --open                  Open the site in your (default) browser for you.                                 [boolean]
  -S, --https                 Use HTTPS. See https://www.gatsbyjs.com/docs/local-https/ as a guide             [boolean]
  -c, --cert-file             Custom HTTPS cert file (also required: --https, --key-file). See
                              https://www.gatsbyjs.com/docs/local-https/                          [string] [default: ""]
  -k, --key-file              Custom HTTPS key file (also required: --https, --cert-file). See
                              https://www.gatsbyjs.com/docs/local-https/                          [string] [default: ""]
  --ca-file                   Custom HTTPS CA certificate file (also required: --https, --cert-file, --key-file).  See
                              https://www.gatsbyjs.com/docs/local-https/                          [string] [default: ""]
  --graphql-tracing           Trace every graphql resolver, may have performance implications [boolean] [default: false]
  --open-tracing-config-file  Tracer configuration file (OpenTracing compatible). See https://gatsby.dev/tracing[string]
  --inspect                   Opens a port for debugging. See https://www.gatsbyjs.com/docs/debugging-the-build-process/
                                                                                                                [number]
  --inspect-brk               Opens a port for debugging. Will block until debugger is attached. See
                              https://www.gatsbyjs.com/docs/debugging-the-build-process/                        [number]
  -h, --help                  Show help                                                                        [boolean]
  -v, --version               Show the version of the Gatsby CLI and the Gatsby package in the current project [boolean]


 ERROR  UNKNOWN

There was a problem loading the local develop command. Gatsby may not be installed. Perhaps you need to run "npm
install"? Cannot find module '@babel/runtime/helpers/interopRequireDefault'
Require stack:
- C:\Users\zljsd\Desktop\blog-comments-step4_e\node_modules\gatsby\dist\commands\develop.js
- C:\Users\zljsd\AppData\Roaming\npm\node_modules\gatsby-cli\lib\create-cli.js
- C:\Users\zljsd\AppData\Roaming\npm\node_modules\gatsby-cli\lib\index.js
- C:\Users\zljsd\AppData\Roaming\npm\node_modules\gatsby-cli\cli.js



  Error: Cannot find module '@babel/runtime/helpers/interopRequireDefault'
  Require stack:
  - C:\Users\zljsd\Desktop\blog-comments-step4_e\node_modules\gatsby\dist\commands\develop.js
  - C:\Users\zljsd\AppData\Roaming\npm\node_modules\gatsby-cli\lib\create-cli.js
  - C:\Users\zljsd\AppData\Roaming\npm\node_modules\gatsby-cli\lib\index.js
  - C:\Users\zljsd\AppData\Roaming\npm\node_modules\gatsby-cli\cli.js

  - loader:1077 Function.Module._resolveFilename
    node:internal/modules/cjs/loader:1077:15

  - loader:922 Function.Module._load
    node:internal/modules/cjs/loader:922:27

  - loader:1143 Module.require
    node:internal/modules/cjs/loader:1143:19

  - helpers:110 require
    node:internal/modules/cjs/helpers:110:18

  - develop.js:3 Object.<anonymous>
    [blog-comments-step4_e]/[gatsby]/dist/commands/develop.js:3:30

  - loader:1256 Module._compile
    node:internal/modules/cjs/loader:1256:14

  - loader:1310 Object.Module._extensions..js
    node:internal/modules/cjs/loader:1310:10

  - loader:1119 Module.load
    node:internal/modules/cjs/loader:1119:32

  - loader:960 Function.Module._load
    node:internal/modules/cjs/loader:960:12

  - loader:1143 Module.require
    node:internal/modules/cjs/loader:1143:19



PS C:\Users\zljsd\Desktop\blog-comments-step4_e> npm run build

> gatsby-starter-default@0.1.0 build
> set NODE_OPTIONS=--openssl-legacy-provider && gatsby build


 ERROR  UNKNOWN

gatsby build

Build a Gatsby project.

Options:
  --verbose                   Turn on verbose output                                          [boolean] [default: false]
  --no-color, --no-colors     Turn off the color in output                                    [boolean] [default: false]
  --json                      Turn on the JSON logger                                         [boolean] [default: false]
  --prefix-paths              Build site with link paths prefixed with the pathPrefix value in gatsby-config.js. Default
                              is env.PREFIX_PATHS or false.                                   [boolean] [default: false]
  --no-uglify                 Build site without uglifying JS bundles (for debugging).        [boolean] [default: false]
  --profile                   Build site with react profiling (this can add some additional overhead). See
                              https://reactjs.org/docs/profiler                               [boolean] [default: false]
  --graphql-tracing           Trace every graphql resolver, may have performance implications [boolean] [default: false]
  --open-tracing-config-file  Tracer configuration file (OpenTracing compatible). See https://gatsby.dev/tracing[string]
  -h, --help                  Show help                                                                        [boolean]
  -v, --version               Show the version of the Gatsby CLI and the Gatsby package in the current project [boolean]


 ERROR  UNKNOWN

There was a problem loading the local build command. Gatsby may not be installed. Perhaps you need to run "npm install"?
 Cannot find module 'gatsby-core-utils'
Require stack:
- C:\Users\zljsd\Desktop\blog-comments-step4_e\node_modules\gatsby-cli\lib\reporter\start-logger.js
- C:\Users\zljsd\Desktop\blog-comments-step4_e\node_modules\gatsby-cli\lib\reporter\index.js
- C:\Users\zljsd\Desktop\blog-comments-step4_e\node_modules\gatsby\dist\commands\build.js
- C:\Users\zljsd\AppData\Roaming\npm\node_modules\gatsby-cli\lib\create-cli.js
- C:\Users\zljsd\AppData\Roaming\npm\node_modules\gatsby-cli\lib\index.js
- C:\Users\zljsd\AppData\Roaming\npm\node_modules\gatsby-cli\cli.js



  Error: Cannot find module 'gatsby-core-utils'
  Require stack:
  - C:\Users\zljsd\Desktop\blog-comments-step4_e\node_modules\gatsby-cli\lib\reporter\start-logger.js
  - C:\Users\zljsd\Desktop\blog-comments-step4_e\node_modules\gatsby-cli\lib\reporter\index.js
  - C:\Users\zljsd\Desktop\blog-comments-step4_e\node_modules\gatsby\dist\commands\build.js
  - C:\Users\zljsd\AppData\Roaming\npm\node_modules\gatsby-cli\lib\create-cli.js
  - C:\Users\zljsd\AppData\Roaming\npm\node_modules\gatsby-cli\lib\index.js
  - C:\Users\zljsd\AppData\Roaming\npm\node_modules\gatsby-cli\cli.js

  - loader:1077 Function.Module._resolveFilename
    node:internal/modules/cjs/loader:1077:15

  - loader:922 Function.Module._load
    node:internal/modules/cjs/loader:922:27

  - loader:1143 Module.require
    node:internal/modules/cjs/loader:1143:19

  - helpers:110 require
    node:internal/modules/cjs/helpers:110:18

  - start-logger.js:10 Object.<anonymous>
    [blog-comments-step4_e]/[gatsby-cli]/lib/reporter/start-logger.js:10:24

  - loader:1256 Module._compile
    node:internal/modules/cjs/loader:1256:14

  - loader:1310 Object.Module._extensions..js
    node:internal/modules/cjs/loader:1310:10

  - loader:1119 Module.load
    node:internal/modules/cjs/loader:1119:32

  - loader:960 Function.Module._load
    node:internal/modules/cjs/loader:960:12

  - loader:1143 Module.require
    node:internal/modules/cjs/loader:1143:19



PS C:\Users\zljsd\Desktop\blog-comments-step4_e> npm run build

> gatsby-starter-default@0.1.0 build
> set NODE_OPTIONS=--openssl-legacy-provider && gatsby build


 ERROR  UNKNOWN

gatsby build

Build a Gatsby project.

Options:
  --verbose                   Turn on verbose output                                          [boolean] [default: false]
  --no-color, --no-colors     Turn off the color in output                                    [boolean] [default: false]
  --json                      Turn on the JSON logger                                         [boolean] [default: false]
  --prefix-paths              Build site with link paths prefixed with the pathPrefix value in gatsby-config.js. Default
                              is env.PREFIX_PATHS or false.                                   [boolean] [default: false]
  --no-uglify                 Build site without uglifying JS bundles (for debugging).        [boolean] [default: false]
  --profile                   Build site with react profiling (this can add some additional overhead). See
                              https://reactjs.org/docs/profiler                               [boolean] [default: false]
  --graphql-tracing           Trace every graphql resolver, may have performance implications [boolean] [default: false]
  --open-tracing-config-file  Tracer configuration file (OpenTracing compatible). See https://gatsby.dev/tracing[string]
  -h, --help                  Show help                                                                        [boolean]
  -v, --version               Show the version of the Gatsby CLI and the Gatsby package in the current project [boolean]


 ERROR  UNKNOWN

There was a problem loading the local build command. Gatsby may not be installed. Perhaps you need to run "npm install"?
 Cannot find module 'node-object-hash'
Require stack:
- C:\Users\zljsd\Desktop\blog-comments-step4_e\node_modules\gatsby-core-utils\dist\create-content-digest.js
- C:\Users\zljsd\Desktop\blog-comments-step4_e\node_modules\gatsby-core-utils\dist\index.js
- C:\Users\zljsd\Desktop\blog-comments-step4_e\node_modules\gatsby-cli\lib\reporter\start-logger.js
- C:\Users\zljsd\Desktop\blog-comments-step4_e\node_modules\gatsby-cli\lib\reporter\index.js
- C:\Users\zljsd\Desktop\blog-comments-step4_e\node_modules\gatsby\dist\commands\build.js
- C:\Users\zljsd\AppData\Roaming\npm\node_modules\gatsby-cli\lib\create-cli.js
- C:\Users\zljsd\AppData\Roaming\npm\node_modules\gatsby-cli\lib\index.js
- C:\Users\zljsd\AppData\Roaming\npm\node_modules\gatsby-cli\cli.js



  Error: Cannot find module 'node-object-hash'
  Require stack:
  - C:\Users\zljsd\Desktop\blog-comments-step4_e\node_modules\gatsby-core-utils\dist\create-content-digest.js
  - C:\Users\zljsd\Desktop\blog-comments-step4_e\node_modules\gatsby-core-utils\dist\index.js
  - C:\Users\zljsd\Desktop\blog-comments-step4_e\node_modules\gatsby-cli\lib\reporter\start-logger.js
  - C:\Users\zljsd\Desktop\blog-comments-step4_e\node_modules\gatsby-cli\lib\reporter\index.js
  - C:\Users\zljsd\Desktop\blog-comments-step4_e\node_modules\gatsby\dist\commands\build.js
  - C:\Users\zljsd\AppData\Roaming\npm\node_modules\gatsby-cli\lib\create-cli.js
  - C:\Users\zljsd\AppData\Roaming\npm\node_modules\gatsby-cli\lib\index.js
  - C:\Users\zljsd\AppData\Roaming\npm\node_modules\gatsby-cli\cli.js

  - loader:1077 Function.Module._resolveFilename
    node:internal/modules/cjs/loader:1077:15

  - loader:922 Function.Module._load
    node:internal/modules/cjs/loader:922:27

  - loader:1143 Module.require
    node:internal/modules/cjs/loader:1143:19

  - helpers:110 require
    node:internal/modules/cjs/helpers:110:18

  - create-content-digest.js:10 Object.<anonymous>
    [blog-comments-step4_e]/[gatsby-core-utils]/dist/create-content-digest.js:10:46

  - loader:1256 Module._compile
    node:internal/modules/cjs/loader:1256:14

  - loader:1310 Object.Module._extensions..js
    node:internal/modules/cjs/loader:1310:10

  - loader:1119 Module.load
    node:internal/modules/cjs/loader:1119:32

  - loader:960 Function.Module._load
    node:internal/modules/cjs/loader:960:12

  - loader:1143 Module.require
    node:internal/modules/cjs/loader:1143:19



PS C:\Users\zljsd\Desktop\blog-comments-step4_e> npm run buil
npm ERR! Missing script: "buil"
npm ERR!
npm ERR! Did you mean this?
npm ERR!     npm run build # run the "build" package script
npm ERR!
npm ERR! To see a list of scripts, run:
npm ERR!   npm run

npm ERR! A complete log of this run can be found in: C:\Users\zljsd\npm-cache\_logs\2023-09-28T17_46_13_581Z-debug-0.log
PS C:\Users\zljsd\Desktop\blog-comments-step4_e> npm run build

> gatsby-starter-default@0.1.0 build
> set NODE_OPTIONS=--openssl-legacy-provider && gatsby build


 ERROR  UNKNOWN

gatsby build

Build a Gatsby project.

Options:
  --verbose                   Turn on verbose output                                          [boolean] [default: false]
  --no-color, --no-colors     Turn off the color in output                                    [boolean] [default: false]
  --json                      Turn on the JSON logger                                         [boolean] [default: false]
  --prefix-paths              Build site with link paths prefixed with the pathPrefix value in gatsby-config.js. Default
                              is env.PREFIX_PATHS or false.                                   [boolean] [default: false]
  --no-uglify                 Build site without uglifying JS bundles (for debugging).        [boolean] [default: false]
  --profile                   Build site with react profiling (this can add some additional overhead). See
                              https://reactjs.org/docs/profiler                               [boolean] [default: false]
  --graphql-tracing           Trace every graphql resolver, may have performance implications [boolean] [default: false]
  --open-tracing-config-file  Tracer configuration file (OpenTracing compatible). See https://gatsby.dev/tracing[string]
  -h, --help                  Show help                                                                        [boolean]
  -v, --version               Show the version of the Gatsby CLI and the Gatsby package in the current project [boolean]


 ERROR  UNKNOWN

There was a problem loading the local build command. Gatsby may not be installed. Perhaps you need to run "npm install"?
 Cannot find module 'graceful-fs'
Require stack:
- C:\Users\zljsd\Desktop\blog-comments-step4_e\node_modules\gatsby-core-utils\node_modules\configstore\index.js
- C:\Users\zljsd\Desktop\blog-comments-step4_e\node_modules\gatsby-core-utils\dist\get-config-store.js
- C:\Users\zljsd\Desktop\blog-comments-step4_e\node_modules\gatsby-core-utils\dist\index.js
- C:\Users\zljsd\Desktop\blog-comments-step4_e\node_modules\gatsby-cli\lib\reporter\start-logger.js
- C:\Users\zljsd\Desktop\blog-comments-step4_e\node_modules\gatsby-cli\lib\reporter\index.js
- C:\Users\zljsd\Desktop\blog-comments-step4_e\node_modules\gatsby\dist\commands\build.js
- C:\Users\zljsd\AppData\Roaming\npm\node_modules\gatsby-cli\lib\create-cli.js
- C:\Users\zljsd\AppData\Roaming\npm\node_modules\gatsby-cli\lib\index.js
- C:\Users\zljsd\AppData\Roaming\npm\node_modules\gatsby-cli\cli.js



  Error: Cannot find module 'graceful-fs'
  Require stack:
  - C:\Users\zljsd\Desktop\blog-comments-step4_e\node_modules\gatsby-core-utils\node_modules\configstore\index.js
  - C:\Users\zljsd\Desktop\blog-comments-step4_e\node_modules\gatsby-core-utils\dist\get-config-store.js
  - C:\Users\zljsd\Desktop\blog-comments-step4_e\node_modules\gatsby-core-utils\dist\index.js
  - C:\Users\zljsd\Desktop\blog-comments-step4_e\node_modules\gatsby-cli\lib\reporter\start-logger.js
  - C:\Users\zljsd\Desktop\blog-comments-step4_e\node_modules\gatsby-cli\lib\reporter\index.js
  - C:\Users\zljsd\Desktop\blog-comments-step4_e\node_modules\gatsby\dist\commands\build.js
  - C:\Users\zljsd\AppData\Roaming\npm\node_modules\gatsby-cli\lib\create-cli.js
  - C:\Users\zljsd\AppData\Roaming\npm\node_modules\gatsby-cli\lib\index.js
  - C:\Users\zljsd\AppData\Roaming\npm\node_modules\gatsby-cli\cli.js

  - loader:1077 Function.Module._resolveFilename
    node:internal/modules/cjs/loader:1077:15

  - loader:922 Function.Module._load
    node:internal/modules/cjs/loader:922:27

  - loader:1143 Module.require
    node:internal/modules/cjs/loader:1143:19

  - helpers:110 require
    node:internal/modules/cjs/helpers:110:18

  - index.js:4 Object.<anonymous>
    [blog-comments-step4_e]/[gatsby-core-utils]/[configstore]/index.js:4:12

  - loader:1256 Module._compile
    node:internal/modules/cjs/loader:1256:14

  - loader:1310 Object.Module._extensions..js
    node:internal/modules/cjs/loader:1310:10

  - loader:1119 Module.load
    node:internal/modules/cjs/loader:1119:32

  - loader:960 Function.Module._load
    node:internal/modules/cjs/loader:960:12

  - loader:1143 Module.require
    node:internal/modules/cjs/loader:1143:19



PS C:\Users\zljsd\Desktop\blog-comments-step4_e> npm run build

> gatsby-starter-default@0.1.0 build
> set NODE_OPTIONS=--openssl-legacy-provider && gatsby build


 ERROR  UNKNOWN

gatsby build

Build a Gatsby project.

Options:
  --verbose                   Turn on verbose output                                          [boolean] [default: false]
  --no-color, --no-colors     Turn off the color in output                                    [boolean] [default: false]
  --json                      Turn on the JSON logger                                         [boolean] [default: false]
  --prefix-paths              Build site with link paths prefixed with the pathPrefix value in gatsby-config.js. Default
                              is env.PREFIX_PATHS or false.                                   [boolean] [default: false]
  --no-uglify                 Build site without uglifying JS bundles (for debugging).        [boolean] [default: false]
  --profile                   Build site with react profiling (this can add some additional overhead). See
                              https://reactjs.org/docs/profiler                               [boolean] [default: false]
  --graphql-tracing           Trace every graphql resolver, may have performance implications [boolean] [default: false]
  --open-tracing-config-file  Tracer configuration file (OpenTracing compatible). See https://gatsby.dev/tracing[string]
  -h, --help                  Show help                                                                        [boolean]
  -v, --version               Show the version of the Gatsby CLI and the Gatsby package in the current project [boolean]


 ERROR  UNKNOWN

There was a problem loading the local build command. Gatsby may not be installed. Perhaps you need to run "npm install"?
 Cannot find module 'semver'
Require stack:
- C:\Users\zljsd\Desktop\blog-comments-step4_e\node_modules\gatsby-core-utils\node_modules\make-dir\index.js
- C:\Users\zljsd\Desktop\blog-comments-step4_e\node_modules\gatsby-core-utils\node_modules\configstore\index.js
- C:\Users\zljsd\Desktop\blog-comments-step4_e\node_modules\gatsby-core-utils\dist\get-config-store.js
- C:\Users\zljsd\Desktop\blog-comments-step4_e\node_modules\gatsby-core-utils\dist\index.js
- C:\Users\zljsd\Desktop\blog-comments-step4_e\node_modules\gatsby-cli\lib\reporter\start-logger.js
- C:\Users\zljsd\Desktop\blog-comments-step4_e\node_modules\gatsby-cli\lib\reporter\index.js
- C:\Users\zljsd\Desktop\blog-comments-step4_e\node_modules\gatsby\dist\commands\build.js
- C:\Users\zljsd\AppData\Roaming\npm\node_modules\gatsby-cli\lib\create-cli.js
- C:\Users\zljsd\AppData\Roaming\npm\node_modules\gatsby-cli\lib\index.js
- C:\Users\zljsd\AppData\Roaming\npm\node_modules\gatsby-cli\cli.js



  Error: Cannot find module 'semver'
  Require stack:
  - C:\Users\zljsd\Desktop\blog-comments-step4_e\node_modules\gatsby-core-utils\node_modules\make-dir\index.js
  - C:\Users\zljsd\Desktop\blog-comments-step4_e\node_modules\gatsby-core-utils\node_modules\configstore\index.js
  - C:\Users\zljsd\Desktop\blog-comments-step4_e\node_modules\gatsby-core-utils\dist\get-config-store.js
  - C:\Users\zljsd\Desktop\blog-comments-step4_e\node_modules\gatsby-core-utils\dist\index.js
  - C:\Users\zljsd\Desktop\blog-comments-step4_e\node_modules\gatsby-cli\lib\reporter\start-logger.js
  - C:\Users\zljsd\Desktop\blog-comments-step4_e\node_modules\gatsby-cli\lib\reporter\index.js
  - C:\Users\zljsd\Desktop\blog-comments-step4_e\node_modules\gatsby\dist\commands\build.js
  - C:\Users\zljsd\AppData\Roaming\npm\node_modules\gatsby-cli\lib\create-cli.js
  - C:\Users\zljsd\AppData\Roaming\npm\node_modules\gatsby-cli\lib\index.js
  - C:\Users\zljsd\AppData\Roaming\npm\node_modules\gatsby-cli\cli.js

  - loader:1077 Function.Module._resolveFilename
    node:internal/modules/cjs/loader:1077:15

  - loader:922 Function.Module._load
    node:internal/modules/cjs/loader:922:27

  - loader:1143 Module.require
    node:internal/modules/cjs/loader:1143:19

  - helpers:110 require
    node:internal/modules/cjs/helpers:110:18

  - index.js:5 Object.<anonymous>
    [blog-comments-step4_e]/[gatsby-core-utils]/[make-dir]/index.js:5:16

  - loader:1256 Module._compile
    node:internal/modules/cjs/loader:1256:14

  - loader:1310 Object.Module._extensions..js
    node:internal/modules/cjs/loader:1310:10

  - loader:1119 Module.load
    node:internal/modules/cjs/loader:1119:32

  - loader:960 Function.Module._load
    node:internal/modules/cjs/loader:960:12

  - loader:1143 Module.require
    node:internal/modules/cjs/loader:1143:19



PS C:\Users\zljsd\Desktop\blog-comments-step4_e> npm run build

> gatsby-starter-default@0.1.0 build
> set NODE_OPTIONS=--openssl-legacy-provider && gatsby build

success open and validate gatsby-configs - 0.083s

 ERROR #11331  PLUGIN

Invalid plugin options for "gatsby-plugin-manifest":

- "value" must contain at least one of [icon, icons]

not finished load plugins - 1.932s

PS C:\Users\zljsd\Desktop\blog-comments-step4_e> npm run build

> gatsby-starter-default@0.1.0 build
> set NODE_OPTIONS=--openssl-legacy-provider && gatsby build

success open and validate gatsby-configs - 0.363s
success load plugins - 1.336s
success onPreInit - 0.028s
success delete html and css files from previous builds - 0.003s
success initialize cache - 0.007s
success copy gatsby files - 0.128s
success onPreBootstrap - 0.019s
success createSchemaCustomization - 0.007s
success Checking for changed pages - 0.001s
success source and transform nodes - 0.098s
success building schema - 0.256s
info Total nodes: 55, SitePage nodes: 3 (use --verbose for breakdown)
success createPages - 0.022s
success Checking for changed pages - 0.001s
success createPagesStatefully - 0.047s
success update schema - 0.014s
success onPreExtractQueries - 0.001s
warn Using the global `graphql` tag is deprecated, and will not be supported in v3.
Import it instead like:  import { graphql } from 'gatsby' in file:
C:/Users/zljsd/Desktop/blog-comments-step4_e/src/pages/index.js
success extract queries from components - 0.446s
success write out redirect data - 0.011s
success Build manifest and related icons - 0.119s
success onPostBootstrap - 0.127s
info bootstrap finished - 6.447s
success run static queries - 0.059s - 2/2 33.89/s
success run page queries - 0.114s - 5/5 43.76/s
success write out requires - 0.011s
warn `isModuleDeclaration` has been deprecated, please migrate to `isImportOrExportDeclaration`
    at isModuleDeclaration
(C:\Users\zljsd\Desktop\blog-comments-step4_e\node_modules\@babel\types\lib\validators\generated\index.js:2740:35)
    at PluginPass.Program
(C:\Users\zljsd\Desktop\blog-comments-step4_e\node_modules\babel-plugin-lodash\lib\index.js:102:44)
success Building production JavaScript and CSS bundles - 10.987s
success Rewriting compilation hashes - 0.002s
success Building HTML renderer - 1.783s
[                            ]   0.000 s 0/5 0% Building static HTML for pages
[2023-09-28T17:59:15.936Z]  @firebase/app:
      Warning: This is a browser-targeted Firebase bundle but it appears it is being
      run in a Node environment.  If running in a Node environment, make sure you
      are using the bundle specified by the "main" field in package.json.

      If you are using Webpack, you can specify "main" as the first item in
      "resolve.mainFields":
      https://webpack.js.org/configuration/resolve/#resolvemainfields

      If using Rollup, use the rollup-plugin-node-resolve plugin and specify "main"
      as the first item in "mainFields", e.g. ['main', 'module'].
      https://github.com/rollup/rollup-plugin-node-resolve
success Building static HTML for pages - 0.212s - 5/5 23.57/s
success onPostBuild - 0.001s
info Done building in 19.8993466 sec


Hi there! Will you tell us about how you're learning Gatsby?
It takes less than 5 minutes and your feedback will help us make installing and using Gatsby so much better.

Give us your feedback here: https://gatsby.dev/feedback-survey



PS C:\Users\zljsd\Desktop\blog-comments-step4_e> firebase deploy

Error: Not in a Firebase app directory (could not locate firebase.json)

╭─────────────────────────────────────────────────────────────────────────────────────────────────────────────────────╮
│                                                                                                                     │
│                                          Update available 12.4.6 → 12.5.2                                           │
│                                   To update to the latest version using npm, run                                    │
│                                            npm install -g firebase-tools                                            │
│   For other CLI management options, visit the CLI documentation (https://firebase.google.com/docs/cli#update-cli)   │
│                                                                                                                     │
│                                                                                                                     │
│                                                                                                                     │
╰─────────────────────────────────────────────────────────────────────────────────────────────────────────────────────╯

PS C:\Users\zljsd\Desktop\blog-comments-step4_e> firebase init

     ######## #### ########  ######## ########     ###     ######  ########
     ##        ##  ##     ## ##       ##     ##  ##   ##  ##       ##
     ######    ##  ########  ######   ########  #########  ######  ######
     ##        ##  ##    ##  ##       ##     ## ##     ##       ## ##
     ##       #### ##     ## ######## ########  ##     ##  ######  ########

You're about to initialize a Firebase project in this directory:

  C:\Users\zljsd\Desktop\blog-comments-step4_e

? Are you ready to proceed? Yes
? Which Firebase features do you want to set up for this directory? Press Space to select features, then Enter to
confirm your choices. Hosting: Configure files for Firebase Hosting and (optionally) set up GitHub Action deploys

=== Project Setup

First, let's associate this project directory with a Firebase project.
You can create multiple project aliases by running firebase use --add,
but for now we'll just set up a default project.

? Please select an option: Use an existing project
? Select a default Firebase project for this directory: comment-66100 (comment)
i  Using project comment-66100 (comment)

=== Hosting Setup

Your public directory is the folder (relative to your project directory) that
will contain Hosting assets to be uploaded with firebase deploy. If you
have a build process for your assets, use your build's output directory.

? What do you want to use as your public directory? public
? Configure as a single-page app (rewrite all urls to /index.html)? No
? Set up automatic builds and deploys with GitHub? No
? File public/404.html already exists. Overwrite? No
i  Skipping write of public/404.html
? File public/index.html already exists. Overwrite? No
i  Skipping write of public/index.html

i  Writing configuration info to firebase.json...
i  Writing project information to .firebaserc...

+  Firebase initialization complete!

╭─────────────────────────────────────────────────────────────────────────────────────────────────────────────────────╮
│                                                                                                                     │
│                                          Update available 12.4.6 → 12.6.1                                           │
│                                   To update to the latest version using npm, run                                    │
│                                            npm install -g firebase-tools                                            │
│   For other CLI management options, visit the CLI documentation (https://firebase.google.com/docs/cli#update-cli)   │
│                                                                                                                     │
│                                                                                                                     │
│                                                                                                                     │
╰─────────────────────────────────────────────────────────────────────────────────────────────────────────────────────╯

PS C:\Users\zljsd\Desktop\blog-comments-step4_e> firebase deploy

=== Deploying to 'comment-66100'...

i  deploying hosting
i  hosting[comment-66100]: beginning deploy...
i  hosting[comment-66100]: found 53 files in public
+  hosting[comment-66100]: file upload complete
i  hosting[comment-66100]: finalizing version...
+  hosting[comment-66100]: version finalized
i  hosting[comment-66100]: releasing new version...
+  hosting[comment-66100]: release complete

+  Deploy complete!

Project Console: https://console.firebase.google.com/project/comment-66100/overview
Hosting URL: https://comment-66100.web.app
PS C:\Users\zljsd\Desktop\blog-comments-step4_e> https://comment-66100.web.app
