Windows PowerShell
Copyright (C) 2014 Microsoft Corporation. All rights reserved.

PS C:\Users\88\Desktop\blog-comments-step4_e> npm install
npm WARN deprecated @types/vfile-message@2.0.0: This is a stub types definition. vfile-message provides its own type definitions, so you do not need this installed.
npm WARN deprecated string-similarity@1.2.2: Package no longer supported. Contact Support at https://www.npmjs.com/support for more info.
npm WARN deprecated ini@1.3.5: Please update to ini >=1.3.6 to avoid a prototype pollution issue
npm WARN deprecated @babel/plugin-proposal-unicode-property-regex@7.8.8: This proposal has been merged to the ECMAScript standard and thus this plugin is no longer maintained. Please use @babel/plugin-transform-unicode-property-regex instead.
npm WARN deprecated @babel/plugin-proposal-optional-catch-binding@7.8.3: This proposal has been merged to the ECMAScript standard and thus this plugin is no longer maintained. Please use @babel/plugin-transform-optional-catch-binding instead.
npm WARN deprecated @babel/plugin-proposal-class-properties@7.8.3: This proposal has been merged to the ECMAScript standard and thus this plugin is no longer maintained. Please use @babel/plugin-transform-class-properties instead.
npm WARN deprecated @babel/plugin-proposal-json-strings@7.8.3: This proposal has been merged to the ECMAScript standard and thus this plugin is no longer maintained. Please use @babel/plugin-transform-json-strings instead.
npm WARN deprecated @babel/plugin-proposal-optional-chaining@7.9.0: This proposal has been merged to the ECMAScript standard and thus this plugin is no longer maintained. Please use @babel/plugin-transform-optional-chaining instead.
npm WARN deprecated @babel/plugin-proposal-numeric-separator@7.8.3: This proposal has been merged to the ECMAScript standard and thus this plugin is no longer maintained. Please use @babel/plugin-transform-numeric-separator instead.
npm WARN deprecated @babel/plugin-proposal-dynamic-import@7.8.3: This proposal has been merged to the ECMAScript standard and thus this plugin is no longer maintained. Please use @babel/plugin-transform-dynamic-import instead.
npm WARN deprecated @babel/plugin-proposal-nullish-coalescing-operator@7.8.3: This proposal has been merged to the ECMAScript standard and thus this plugin is no longer maintained. Please
use @babel/plugin-transform-nullish-coalescing-operator instead.
npm WARN deprecated @babel/plugin-proposal-object-rest-spread@7.9.6: This proposal has been merged to the ECMAScript standard and thus this plugin is no longer maintained. Please use @babel/plugin-transform-object-rest-spread instead.
npm WARN deprecated @babel/plugin-proposal-object-rest-spread@7.9.5: This proposal has been merged to the ECMAScript standard and thus this plugin is no longer maintained. Please use @babel/plugin-transform-object-rest-spread instead.
npm WARN deprecated stable@0.1.8: Modern JS already guarantees Array#sort() is a stable sort,
so this library is deprecated. See the compatibility table on MDN: https://developer.mozilla.org/en-US/docs/Web/JavaScript/Reference/Global_Objects/Array/sort#browser_compatibility
npm WARN deprecated @babel/plugin-proposal-async-generator-functions@7.8.3: This proposal has
been merged to the ECMAScript standard and thus this plugin is no longer maintained. Please use @babel/plugin-transform-async-generator-functions instead.
npm WARN deprecated @hapi/bourne@1.3.2: This version has been deprecated and is no longer supported or maintained
npm WARN deprecated @hapi/topo@3.1.6: This version has been deprecated and is no longer supported or maintained
npm WARN deprecated eslint-loader@2.2.1: This loader has been deprecated. Please use eslint-webpack-plugin
npm WARN deprecated urix@0.1.0: Please see https://github.com/lydell/urix#deprecated
npm WARN deprecated har-validator@5.1.3: this library is no longer supported
npm WARN deprecated trim@0.0.1: Use String.prototype.trim() instead
npm WARN deprecated flat@4.1.0: Fixed a prototype pollution security issue in 4.1.0, please upgrade to ^4.1.1 or ^5.0.1.
npm WARN deprecated acorn-dynamic-import@4.0.0: This is probably built in to whatever tool you're using. If you still need it... idk
npm WARN deprecated source-map-resolve@0.5.3: See https://github.com/lydell/source-map-resolve#deprecated
npm WARN deprecated chokidar@2.1.8: Chokidar 2 does not receive security updates since 2019. Upgrade to chokidar 3 with 15x fewer dependencies
npm WARN deprecated chokidar@2.1.8: Chokidar 2 does not receive security updates since 2019. Upgrade to chokidar 3 with 15x fewer dependencies
npm WARN deprecated chokidar@2.1.8: Chokidar 2 does not receive security updates since 2019. Upgrade to chokidar 3 with 15x fewer dependencies
npm WARN deprecated resolve-url@0.2.1: https://github.com/lydell/resolve-url#deprecated
npm WARN deprecated sourcemap-codec@1.4.8: Please use @jridgewell/sourcemap-codec instead
npm WARN deprecated source-map-url@0.4.0: See https://github.com/lydell/source-map-url#deprecated
npm WARN deprecated debug@4.1.1: Debug versions >=3.2.0 <3.2.7 || >=4 <4.3.1 have a low-severity ReDos regression when used in a Node.js environment. It is recommended you upgrade to 3.2.7 or 4.3.1. (https://github.com/visionmedia/debug/issues/797)
npm WARN deprecated debug@4.1.1: Debug versions >=3.2.0 <3.2.7 || >=4 <4.3.1 have a low-severity ReDos regression when used in a Node.js environment. It is recommended you upgrade to 3.2.7 or 4.3.1. (https://github.com/visionmedia/debug/issues/797)
npm WARN deprecated debug@4.1.1: Debug versions >=3.2.0 <3.2.7 || >=4 <4.3.1 have a low-severity ReDos regression when used in a Node.js environment. It is recommended you upgrade to 3.2.7 or 4.3.1. (https://github.com/visionmedia/debug/issues/797)
npm WARN deprecated debug@4.1.1: Debug versions >=3.2.0 <3.2.7 || >=4 <4.3.1 have a low-severity ReDos regression when used in a Node.js environment. It is recommended you upgrade to 3.2.7 or 4.3.1. (https://github.com/visionmedia/debug/issues/797)
npm WARN deprecated debug@4.1.1: Debug versions >=3.2.0 <3.2.7 || >=4 <4.3.1 have a low-severity ReDos regression when used in a Node.js environment. It is recommended you upgrade to 3.2.7 or 4.3.1. (https://github.com/visionmedia/debug/issues/797)
npm WARN deprecated debug@4.1.1: Debug versions >=3.2.0 <3.2.7 || >=4 <4.3.1 have a low-severity ReDos regression when used in a Node.js environment. It is recommended you upgrade to 3.2.7 or 4.3.1. (https://github.com/visionmedia/debug/issues/797)
npm WARN deprecated debug@4.1.1: Debug versions >=3.2.0 <3.2.7 || >=4 <4.3.1 have a low-severity ReDos regression when used in a Node.js environment. It is recommended you upgrade to 3.2.7 or 4.3.1. (https://github.com/visionmedia/debug/issues/797)
npm WARN deprecated debug@4.1.1: Debug versions >=3.2.0 <3.2.7 || >=4 <4.3.1 have a low-severity ReDos regression when used in a Node.js environment. It is recommended you upgrade to 3.2.7 or 4.3.1. (https://github.com/visionmedia/debug/issues/797)
npm WARN deprecated debug@4.1.1: Debug versions >=3.2.0 <3.2.7 || >=4 <4.3.1 have a low-severity ReDos regression when used in a Node.js environment. It is recommended you upgrade to 3.2.7 or 4.3.1. (https://github.com/visionmedia/debug/issues/797)
npm WARN deprecated debug@4.1.1: Debug versions >=3.2.0 <3.2.7 || >=4 <4.3.1 have a low-severity ReDos regression when used in a Node.js environment. It is recommended you upgrade to 3.2.7 or 4.3.1. (https://github.com/visionmedia/debug/issues/797)
npm WARN deprecated debug@4.1.1: Debug versions >=3.2.0 <3.2.7 || >=4 <4.3.1 have a low-severity ReDos regression when used in a Node.js environment. It is recommended you upgrade to 3.2.7 or 4.3.1. (https://github.com/visionmedia/debug/issues/797)
npm WARN deprecated debug@4.1.1: Debug versions >=3.2.0 <3.2.7 || >=4 <4.3.1 have a low-severity ReDos regression when used in a Node.js environment. It is recommended you upgrade to 3.2.7 or 4.3.1. (https://github.com/visionmedia/debug/issues/797)
npm WARN deprecated debug@4.1.1: Debug versions >=3.2.0 <3.2.7 || >=4 <4.3.1 have a low-severity ReDos regression when used in a Node.js environment. It is recommended you upgrade to 3.2.7 or 4.3.1. (https://github.com/visionmedia/debug/issues/797)
npm WARN deprecated debug@4.1.1: Debug versions >=3.2.0 <3.2.7 || >=4 <4.3.1 have a low-severity ReDos regression when used in a Node.js environment. It is recommended you upgrade to 3.2.7 or 4.3.1. (https://github.com/visionmedia/debug/issues/797)
npm WARN deprecated debug@4.1.1: Debug versions >=3.2.0 <3.2.7 || >=4 <4.3.1 have a low-severity ReDos regression when used in a Node.js environment. It is recommended you upgrade to 3.2.7 or 4.3.1. (https://github.com/visionmedia/debug/issues/797)
npm WARN deprecated debug@3.2.6: Debug versions >=3.2.0 <3.2.7 || >=4 <4.3.1 have a low-severity ReDos regression when used in a Node.js environment. It is recommended you upgrade to 3.2.7 or 4.3.1. (https://github.com/visionmedia/debug/issues/797)
npm WARN deprecated debug@3.2.6: Debug versions >=3.2.0 <3.2.7 || >=4 <4.3.1 have a low-severity ReDos regression when used in a Node.js environment. It is recommended you upgrade to 3.2.7 or 4.3.1. (https://github.com/visionmedia/debug/issues/797)
npm WARN deprecated gatsby-image@2.4.4: gatsby-image is now gatsby-plugin-image: https://npm.im/gatsby-plugin-image. This package will no longer receive updates.
npm WARN deprecated graphql-import@0.7.1: GraphQL Import has been deprecated and merged into GraphQL Tools, so it will no longer get updates. Use GraphQL Tools instead to stay up-to-date!
Check out https://www.graphql-tools.com/docs/migration-from-import for migration and https://the-guild.dev/blog/graphql-tools-v6 for new changes.
npm WARN deprecated @hapi/address@2.1.4: Moved to 'npm install @sideway/address'
npm WARN deprecated querystring@0.2.0: The querystring API is considered Legacy. new code should use the URLSearchParams API instead.
npm WARN deprecated babel-eslint@10.1.0: babel-eslint is now @babel/eslint-parser. This package will no longer receive updates.
npm WARN deprecated @babel/polyfill@7.8.7: 🚨 This package has been deprecated in favor of s
eparate inclusion of a polyfill and regenerator-runtime (when needed). See the @babel/polyfill docs (https://babeljs.io/docs/en/babel-polyfill) for more information.
[#################.] / reify:@babel/polyfill: WARN deprecated @babel/polyfill@7.8.7: 🚨 This
npm WARN deprecated uuid@3.4.0: Please upgrade  to version 7 or higher.  Older versions may use Math.random() in certain circumstances, which is known to be problematic.  See https://v8.dev/blog/math-random for details.
npm WARN deprecated request@2.88.2: request has been deprecated, see https://github.com/request/request/issues/3142
npm WARN deprecated @hapi/hoek@8.5.1: This version has been deprecated and is no longer supported or maintained
npm WARN deprecated express-graphql@0.9.0: This package is no longer maintained. We recommend
using `graphql-http` instead. Please consult the migration document https://github.com/graphql/graphql-http#migrating-express-grpahql.
npm WARN deprecated @hapi/joi@15.1.1: Switch to 'npm install joi'
npm WARN deprecated devcert@1.1.0: critical regex denial of service bug fixed in 1.2.1 patch
npm WARN deprecated axios@0.19.2: Critical security vulnerability fixed in v0.21.1. For more information, see https://github.com/axios/axios/pull/3410
npm WARN deprecated subscriptions-transport-ws@0.9.16: The `subscriptions-transport-ws` package is no longer maintained. We recommend you use `graphql-ws` instead. For help migrating Apollo software to `graphql-ws`, see https://www.apollographql.com/docs/apollo-server/data/subscriptions/#switching-from-subscriptions-transport-ws    For general help using `graphql-ws`, see https://github.com/enisdenjo/graphql-ws/blob/master/README.md
npm WARN deprecated svgo@1.3.2: This SVGO version is no longer supported. Upgrade to v2.x.x.
npm WARN deprecated gatsby-recipes@0.1.21: gatsby-recipes has been removed from gatsby/gatsby-cli >=4.5.0. Update to gatsby@latest/gatsby-cli@latest to use versions without gatsby-recipes. This package will no longer receive updates.
npm WARN deprecated highlight.js@8.9.1: Version no longer supported. Upgrade to @latest
npm WARN deprecated core-js@2.6.11: core-js@<3.23.3 is no longer maintained and not recommended for usage due to the number of issues. Because of the V8 engine whims, feature detection in
old core-js versions could cause a slowdown up to 100x even if nothing is polyfilled. Some versions have web compatibility issues. Please, upgrade your dependencies to the actual version of core-js.
npm WARN deprecated core-js@2.6.11: core-js@<3.23.3 is no longer maintained and not recommended for usage due to the number of issues. Because of the V8 engine whims, feature detection in
old core-js versions could cause a slowdown up to 100x even if nothing is polyfilled. Some versions have web compatibility issues. Please, upgrade your dependencies to the actual version of core-js.
npm WARN deprecated core-js@2.6.11: core-js@<3.23.3 is no longer maintained and not recommended for usage due to the number of issues. Because of the V8 engine whims, feature detection in
old core-js versions could cause a slowdown up to 100x even if nothing is polyfilled. Some versions have web compatibility issues. Please, upgrade your dependencies to the actual version of core-js.
npm WARN deprecated core-js@2.6.11: core-js@<3.23.3 is no longer maintained and not recommended for usage due to the number of issues. Because of the V8 engine whims, feature detection in
old core-js versions could cause a slowdown up to 100x even if nothing is polyfilled. Some versions have web compatibility issues. Please, upgrade your dependencies to the actual version of core-js.
npm WARN deprecated core-js-pure@3.6.5: core-js-pure@<3.23.3 is no longer maintained and not recommended for usage due to the number of issues. Because of the V8 engine whims, feature detection in old core-js versions could cause a slowdown up to 100x even if nothing is polyfilled. Some versions have web compatibility issues. Please, upgrade your dependencies to the actual
version of core-js-pure.
npm WARN deprecated core-js@3.6.5: core-js@<3.23.3 is no longer maintained and not recommended for usage due to the number of issues. Because of the V8 engine whims, feature detection in old core-js versions could cause a slowdown up to 100x even if nothing is polyfilled. Some versions have web compatibility issues. Please, upgrade your dependencies to the actual version of core-js.
npm WARN cleanup Failed to remove some directories [
npm WARN cleanup   [
npm WARN cleanup     'C:\\Users\\88\\Desktop\\blog-comments-step4_e\\node_modules\\@babel',
npm WARN cleanup     [Error: EPERM: operation not permitted, rmdir 'C:\Users\88\Desktop\blog-comments-step4_e\node_modules\@babel\polyfill'] {
npm WARN cleanup       errno: -4048,
npm WARN cleanup       code: 'EPERM',
npm WARN cleanup       syscall: 'rmdir',
npm WARN cleanup       path: 'C:\\Users\\88\\Desktop\\blog-comments-step4_e\\node_modules\\@babel\\polyfill'
npm WARN cleanup     }
npm WARN cleanup   ],
npm WARN cleanup   [
npm WARN cleanup     'C:\\Users\\88\\Desktop\\blog-comments-step4_e\\node_modules',
npm WARN cleanup     [Error: EPERM: operation not permitted, rmdir 'C:\Users\88\Desktop\blog-comments-step4_e\node_modules\gatsby-recipes\src\providers\gatsby\fixtures\node_modules'] {
npm WARN cleanup       errno: -4048,
npm WARN cleanup       code: 'EPERM',
npm WARN cleanup       syscall: 'rmdir',
npm WARN cleanup       path: 'C:\\Users\\88\\Desktop\\blog-comments-step4_e\\node_modules\\gatsby-recipes\\src\\providers\\gatsby\\fixtures\\node_modules'
npm WARN cleanup     }
npm WARN cleanup   ]
npm WARN cleanup ]
npm ERR! code 1
npm ERR! path C:\Users\88\Desktop\blog-comments-step4_e\node_modules\sharp
npm ERR! command failed
npm ERR! command C:\Windows\system32\cmd.exe /d /s /c (node install/libvips && node install/dll-copy && prebuild-install --runtime=napi) || (node-gyp rebuild && node install/dll-copy)
npm ERR! info sharp Using cached C:\Users\88\AppData\Local\npm-cache\_libvips\libvips-8.9.1-win32-x64.tar.gz
npm ERR! info sharp Creating C:\Users\88\Desktop\blog-comments-step4_e\node_modules\sharp\build\Release
npm ERR! info sharp Copying DLLs from C:\Users\88\Desktop\blog-comments-step4_e\node_modules\sharp\vendor\lib to C:\Users\88\Desktop\blog-comments-step4_e\node_modules\sharp\build\Release
npm ERR! gyp info it worked if it ends with ok
npm ERR! gyp info using node-gyp@9.3.1
npm ERR! gyp info using node@18.17.0 | win32 | x64
npm ERR! gyp info find Python using Python version 3.11.4 found at "C:\Users\88\AppData\Local\Programs\Python\Python311\python.exe"
npm ERR! gyp ERR! find VS
npm ERR! gyp ERR! find VS msvs_version not set from command line or npm config
npm ERR! gyp ERR! find VS VCINSTALLDIR not set, not running in VS Command Prompt
npm ERR! gyp ERR! find VS could not use PowerShell to find Visual Studio 2017 or newer, try re-running with '--loglevel silly' for more details
npm ERR! gyp ERR! find VS looking for Visual Studio 2015
npm ERR! gyp ERR! find VS - not found
npm ERR! gyp ERR! find VS not looking for VS2013 as it is only supported up to Node.js 8
npm ERR! gyp ERR! find VS
npm ERR! gyp ERR! find VS **************************************************************
npm ERR! gyp ERR! find VS You need to install the latest version of Visual Studio
npm ERR! gyp ERR! find VS including the "Desktop development with C++" workload.
npm ERR! gyp ERR! find VS For more information consult the documentation at:
npm ERR! gyp ERR! find VS https://github.com/nodejs/node-gyp#on-windows
npm ERR! gyp ERR! find VS **************************************************************
npm ERR! gyp ERR! find VS
npm ERR! gyp ERR! configure error
npm ERR! gyp ERR! stack Error: Could not find any Visual Studio installation to use
npm ERR! gyp ERR! stack     at VisualStudioFinder.fail (C:\Users\88\AppData\Roaming\nvm\v18.17.0\node_modules\npm\node_modules\node-gyp\lib\find-visualstudio.js:122:47)
npm ERR! gyp ERR! stack     at C:\Users\88\AppData\Roaming\nvm\v18.17.0\node_modules\npm\node_modules\node-gyp\lib\find-visualstudio.js:75:16
npm ERR! gyp ERR! stack     at VisualStudioFinder.findVisualStudio2013 (C:\Users\88\AppData\Roaming\nvm\v18.17.0\node_modules\npm\node_modules\node-gyp\lib\find-visualstudio.js:369:14)
npm ERR! gyp ERR! stack     at C:\Users\88\AppData\Roaming\nvm\v18.17.0\node_modules\npm\node_modules\node-gyp\lib\find-visualstudio.js:71:14
npm ERR! gyp ERR! stack     at C:\Users\88\AppData\Roaming\nvm\v18.17.0\node_modules\npm\node_modules\node-gyp\lib\find-visualstudio.js:390:16
npm ERR! gyp ERR! stack     at C:\Users\88\AppData\Roaming\nvm\v18.17.0\node_modules\npm\node_modules\node-gyp\lib\util.js:54:7
npm ERR! gyp ERR! stack     at C:\Users\88\AppData\Roaming\nvm\v18.17.0\node_modules\npm\node_modules\node-gyp\lib\util.js:33:16
npm ERR! gyp ERR! stack     at ChildProcess.exithandler (node:child_process:427:5)
npm ERR! gyp ERR! stack     at ChildProcess.emit (node:events:514:28)
npm ERR! gyp ERR! stack     at maybeClose (node:internal/child_process:1091:16)
npm ERR! gyp ERR! System Windows_NT 6.3.9600
npm ERR! gyp ERR! command "C:\\Program Files\\nodejs\\node.exe" "C:\\Users\\88\\AppData\\Roaming\\nvm\\v18.17.0\\node_modules\\npm\\node_modules\\node-gyp\\bin\\node-gyp.js" "rebuild"
npm ERR! gyp ERR! cwd C:\Users\88\Desktop\blog-comments-step4_e\node_modules\sharp
npm ERR! gyp ERR! node -v v18.17.0
npm ERR! gyp ERR! node-gyp -v v9.3.1
npm ERR! gyp ERR! not ok

npm ERR! A complete log of this run can be found in: C:\Users\88\AppData\Local\npm-cache\_logs\2023-10-05T10_55_03_878Z-debug-0.log
PS C:\Users\88\Desktop\blog-comments-step4_e> yarn install
node:internal/modules/cjs/loader:1080
  throw err;
  ^

Error: Cannot find module 'C:\Users\88\AppData\Roaming\npm\node_modules\yarn\bin\yarn.js'
    at Module._resolveFilename (node:internal/modules/cjs/loader:1077:15)
    at Module._load (node:internal/modules/cjs/loader:922:27)
    at Function.executeUserEntryPoint [as runMain] (node:internal/modules/run_main:81:12)
    at node:internal/main/run_main_module:23:47 {
  code: 'MODULE_NOT_FOUND',
  requireStack: []
}

Node.js v18.17.0
PS C:\Users\88\Desktop\blog-comments-step4_e>














Microsoft Windows [Version 6.3.9600]
(c) 2013 Microsoft Corporation. All rights reserved.

C:\Users\88>npm install -g yarn

changed 1 package in 4s

C:\Users\88>npm install -g yarn
npm ERR! code EEXIST
npm ERR! path C:\Users\88\${APPDATA}\npm\node_modules\yarn
npm ERR! EEXIST: file already exists
npm ERR! File exists: C:\Users\88\${APPDATA}\npm\node_modules\yarn
npm ERR! Remove the existing file and try again, or run npm
npm ERR! with --force to overwrite files recklessly.

npm ERR! A complete log of this run can be found in: C:\Users\88\npm-cache\_logs
\2023-10-05T11_19_46_829Z-debug-0.log

C:\Users\88>npm install -g yarn --force
npm WARN using --force Recommended protections disabled.
npm ERR! code EISDIR
npm ERR! syscall open
npm ERR! path C:\Users\88\${APPDATA}\npm\node_modules\yarn
npm ERR! errno -4068
npm ERR! EISDIR: illegal operation on a directory, open 'C:\Users\88\${APPDATA}\
npm\node_modules\yarn'

npm ERR! A complete log of this run can be found in: C:\Users\88\npm-cache\_logs
\2023-10-05T11_21_44_065Z-debug-0.log

C:\Users\88>
