How do I fix npm's global location?
in npmrc 
${APPDATA}/npm










Windows PowerShell
Copyright (C) 2014 Microsoft Corporation. All rights reserved.

PS C:\Users\88\Desktop\blog-comments-step4_e> npm install
npm WARN deprecated @types/vfile-message@2.0.0: This is a stub types definition. vfile-message provides its own type definitions, so you do not need this installed.
npm WARN deprecated string-similarity@1.2.2: Package no longer supported. Contact Support at https://www.npmjs.com/support for more info.
npm WARN deprecated ini@1.3.5: Please update to ini >=1.3.6 to avoid a prototype pollution issue
npm WARN deprecated @babel/plugin-proposal-unicode-property-regex@7.8.8: This proposal has been merged to the ECMAScript standard and thus this plugin is no longer maintained. Please use @babel/plugin-transform-unicode-property-regex instead.
npm WARN deprecated @babel/plugin-proposal-optional-catch-binding@7.8.3: This proposal has been merged to the ECMAScript standard and thus this plugin is no longer maintained. Please use @babel/plugin-transform-optional-catch-binding instead.
npm WARN deprecated @babel/plugin-proposal-class-properties@7.8.3: This proposal has been merged to the ECMAScript standard and thus this plugin is no longer maintained. Please use @babel/plugin-transform-class-properties instead.
npm WARN deprecated @babel/plugin-proposal-json-strings@7.8.3: This proposal has been merged to the ECMAScript standard and thus this plugin is no longer maintained. Please use @babel/plugin-transform-json-strings instead.
npm WARN deprecated @babel/plugin-proposal-optional-chaining@7.9.0: This proposal has been merged to the ECMAScript standard and thus this plugin is no longer maintained. Please use @babel/plugin-transform-optional-chaining instead.
npm WARN deprecated @babel/plugin-proposal-numeric-separator@7.8.3: This proposal has been merged to the ECMAScript standard and thus this plugin is no longer maintained. Please use @babel/plugin-transform-numeric-separator instead.
npm WARN deprecated @babel/plugin-proposal-dynamic-import@7.8.3: This proposal has been merged to the ECMAScript standard and thus this plugin is no longer maintained. Please use @babel/plugin-transform-dynamic-import instead.
npm WARN deprecated @babel/plugin-proposal-nullish-coalescing-operator@7.8.3: This proposal has been merged to the ECMAScript standard and thus this plugin is no longer maintained. Please
use @babel/plugin-transform-nullish-coalescing-operator instead.
npm WARN deprecated @babel/plugin-proposal-object-rest-spread@7.9.6: This proposal has been merged to the ECMAScript standard and thus this plugin is no longer maintained. Please use @babel/plugin-transform-object-rest-spread instead.
npm WARN deprecated @babel/plugin-proposal-object-rest-spread@7.9.5: This proposal has been merged to the ECMAScript standard and thus this plugin is no longer maintained. Please use @babel/plugin-transform-object-rest-spread instead.
npm WARN deprecated stable@0.1.8: Modern JS already guarantees Array#sort() is a stable sort,
so this library is deprecated. See the compatibility table on MDN: https://developer.mozilla.org/en-US/docs/Web/JavaScript/Reference/Global_Objects/Array/sort#browser_compatibility
npm WARN deprecated @babel/plugin-proposal-async-generator-functions@7.8.3: This proposal has
been merged to the ECMAScript standard and thus this plugin is no longer maintained. Please use @babel/plugin-transform-async-generator-functions instead.
npm WARN deprecated @hapi/bourne@1.3.2: This version has been deprecated and is no longer supported or maintained
npm WARN deprecated @hapi/topo@3.1.6: This version has been deprecated and is no longer supported or maintained
npm WARN deprecated eslint-loader@2.2.1: This loader has been deprecated. Please use eslint-webpack-plugin
npm WARN deprecated urix@0.1.0: Please see https://github.com/lydell/urix#deprecated
npm WARN deprecated har-validator@5.1.3: this library is no longer supported
npm WARN deprecated trim@0.0.1: Use String.prototype.trim() instead
npm WARN deprecated flat@4.1.0: Fixed a prototype pollution security issue in 4.1.0, please upgrade to ^4.1.1 or ^5.0.1.
npm WARN deprecated acorn-dynamic-import@4.0.0: This is probably built in to whatever tool you're using. If you still need it... idk
npm WARN deprecated source-map-resolve@0.5.3: See https://github.com/lydell/source-map-resolve#deprecated
npm WARN deprecated chokidar@2.1.8: Chokidar 2 does not receive security updates since 2019. Upgrade to chokidar 3 with 15x fewer dependencies
npm WARN deprecated chokidar@2.1.8: Chokidar 2 does not receive security updates since 2019. Upgrade to chokidar 3 with 15x fewer dependencies
npm WARN deprecated chokidar@2.1.8: Chokidar 2 does not receive security updates since 2019. Upgrade to chokidar 3 with 15x fewer dependencies
npm WARN deprecated resolve-url@0.2.1: https://github.com/lydell/resolve-url#deprecated
npm WARN deprecated sourcemap-codec@1.4.8: Please use @jridgewell/sourcemap-codec instead
npm WARN deprecated source-map-url@0.4.0: See https://github.com/lydell/source-map-url#deprecated
npm WARN deprecated debug@4.1.1: Debug versions >=3.2.0 <3.2.7 || >=4 <4.3.1 have a low-severity ReDos regression when used in a Node.js environment. It is recommended you upgrade to 3.2.7 or 4.3.1. (https://github.com/visionmedia/debug/issues/797)
npm WARN deprecated debug@4.1.1: Debug versions >=3.2.0 <3.2.7 || >=4 <4.3.1 have a low-severity ReDos regression when used in a Node.js environment. It is recommended you upgrade to 3.2.7 or 4.3.1. (https://github.com/visionmedia/debug/issues/797)
npm WARN deprecated debug@4.1.1: Debug versions >=3.2.0 <3.2.7 || >=4 <4.3.1 have a low-severity ReDos regression when used in a Node.js environment. It is recommended you upgrade to 3.2.7 or 4.3.1. (https://github.com/visionmedia/debug/issues/797)
npm WARN deprecated debug@4.1.1: Debug versions >=3.2.0 <3.2.7 || >=4 <4.3.1 have a low-severity ReDos regression when used in a Node.js environment. It is recommended you upgrade to 3.2.7 or 4.3.1. (https://github.com/visionmedia/debug/issues/797)
npm WARN deprecated debug@4.1.1: Debug versions >=3.2.0 <3.2.7 || >=4 <4.3.1 have a low-severity ReDos regression when used in a Node.js environment. It is recommended you upgrade to 3.2.7 or 4.3.1. (https://github.com/visionmedia/debug/issues/797)
npm WARN deprecated debug@4.1.1: Debug versions >=3.2.0 <3.2.7 || >=4 <4.3.1 have a low-severity ReDos regression when used in a Node.js environment. It is recommended you upgrade to 3.2.7 or 4.3.1. (https://github.com/visionmedia/debug/issues/797)
npm WARN deprecated debug@4.1.1: Debug versions >=3.2.0 <3.2.7 || >=4 <4.3.1 have a low-severity ReDos regression when used in a Node.js environment. It is recommended you upgrade to 3.2.7 or 4.3.1. (https://github.com/visionmedia/debug/issues/797)
npm WARN deprecated debug@4.1.1: Debug versions >=3.2.0 <3.2.7 || >=4 <4.3.1 have a low-severity ReDos regression when used in a Node.js environment. It is recommended you upgrade to 3.2.7 or 4.3.1. (https://github.com/visionmedia/debug/issues/797)
npm WARN deprecated debug@4.1.1: Debug versions >=3.2.0 <3.2.7 || >=4 <4.3.1 have a low-severity ReDos regression when used in a Node.js environment. It is recommended you upgrade to 3.2.7 or 4.3.1. (https://github.com/visionmedia/debug/issues/797)
npm WARN deprecated debug@4.1.1: Debug versions >=3.2.0 <3.2.7 || >=4 <4.3.1 have a low-severity ReDos regression when used in a Node.js environment. It is recommended you upgrade to 3.2.7 or 4.3.1. (https://github.com/visionmedia/debug/issues/797)
npm WARN deprecated debug@4.1.1: Debug versions >=3.2.0 <3.2.7 || >=4 <4.3.1 have a low-severity ReDos regression when used in a Node.js environment. It is recommended you upgrade to 3.2.7 or 4.3.1. (https://github.com/visionmedia/debug/issues/797)
npm WARN deprecated debug@4.1.1: Debug versions >=3.2.0 <3.2.7 || >=4 <4.3.1 have a low-severity ReDos regression when used in a Node.js environment. It is recommended you upgrade to 3.2.7 or 4.3.1. (https://github.com/visionmedia/debug/issues/797)
npm WARN deprecated debug@4.1.1: Debug versions >=3.2.0 <3.2.7 || >=4 <4.3.1 have a low-severity ReDos regression when used in a Node.js environment. It is recommended you upgrade to 3.2.7 or 4.3.1. (https://github.com/visionmedia/debug/issues/797)
npm WARN deprecated debug@4.1.1: Debug versions >=3.2.0 <3.2.7 || >=4 <4.3.1 have a low-severity ReDos regression when used in a Node.js environment. It is recommended you upgrade to 3.2.7 or 4.3.1. (https://github.com/visionmedia/debug/issues/797)
npm WARN deprecated debug@4.1.1: Debug versions >=3.2.0 <3.2.7 || >=4 <4.3.1 have a low-severity ReDos regression when used in a Node.js environment. It is recommended you upgrade to 3.2.7 or 4.3.1. (https://github.com/visionmedia/debug/issues/797)
npm WARN deprecated debug@3.2.6: Debug versions >=3.2.0 <3.2.7 || >=4 <4.3.1 have a low-severity ReDos regression when used in a Node.js environment. It is recommended you upgrade to 3.2.7 or 4.3.1. (https://github.com/visionmedia/debug/issues/797)
npm WARN deprecated debug@3.2.6: Debug versions >=3.2.0 <3.2.7 || >=4 <4.3.1 have a low-severity ReDos regression when used in a Node.js environment. It is recommended you upgrade to 3.2.7 or 4.3.1. (https://github.com/visionmedia/debug/issues/797)
npm WARN deprecated gatsby-image@2.4.4: gatsby-image is now gatsby-plugin-image: https://npm.im/gatsby-plugin-image. This package will no longer receive updates.
npm WARN deprecated graphql-import@0.7.1: GraphQL Import has been deprecated and merged into GraphQL Tools, so it will no longer get updates. Use GraphQL Tools instead to stay up-to-date!
Check out https://www.graphql-tools.com/docs/migration-from-import for migration and https://the-guild.dev/blog/graphql-tools-v6 for new changes.
npm WARN deprecated @hapi/address@2.1.4: Moved to 'npm install @sideway/address'
npm WARN deprecated querystring@0.2.0: The querystring API is considered Legacy. new code should use the URLSearchParams API instead.
npm WARN deprecated babel-eslint@10.1.0: babel-eslint is now @babel/eslint-parser. This package will no longer receive updates.
npm WARN deprecated @babel/polyfill@7.8.7: ðŸš¨ This package has been deprecated in favor of s
eparate inclusion of a polyfill and regenerator-runtime (when needed). See the @babel/polyfill docs (https://babeljs.io/docs/en/babel-polyfill) for more information.
[#################.] / reify:@babel/polyfill: WARN deprecated @babel/polyfill@7.8.7: ðŸš¨ This
npm WARN deprecated uuid@3.4.0: Please upgrade  to version 7 or higher.  Older versions may use Math.random() in certain circumstances, which is known to be problematic.  See https://v8.dev/blog/math-random for details.
npm WARN deprecated request@2.88.2: request has been deprecated, see https://github.com/request/request/issues/3142
npm WARN deprecated @hapi/hoek@8.5.1: This version has been deprecated and is no longer supported or maintained
npm WARN deprecated express-graphql@0.9.0: This package is no longer maintained. We recommend
using `graphql-http` instead. Please consult the migration document https://github.com/graphql/graphql-http#migrating-express-grpahql.
npm WARN deprecated @hapi/joi@15.1.1: Switch to 'npm install joi'
npm WARN deprecated devcert@1.1.0: critical regex denial of service bug fixed in 1.2.1 patch
npm WARN deprecated axios@0.19.2: Critical security vulnerability fixed in v0.21.1. For more information, see https://github.com/axios/axios/pull/3410
npm WARN deprecated subscriptions-transport-ws@0.9.16: The `subscriptions-transport-ws` package is no longer maintained. We recommend you use `graphql-ws` instead. For help migrating Apollo software to `graphql-ws`, see https://www.apollographql.com/docs/apollo-server/data/subscriptions/#switching-from-subscriptions-transport-ws    For general help using `graphql-ws`, see https://github.com/enisdenjo/graphql-ws/blob/master/README.md
npm WARN deprecated svgo@1.3.2: This SVGO version is no longer supported. Upgrade to v2.x.x.
npm WARN deprecated gatsby-recipes@0.1.21: gatsby-recipes has been removed from gatsby/gatsby-cli >=4.5.0. Update to gatsby@latest/gatsby-cli@latest to use versions without gatsby-recipes. This package will no longer receive updates.
npm WARN deprecated highlight.js@8.9.1: Version no longer supported. Upgrade to @latest
npm WARN deprecated core-js@2.6.11: core-js@<3.23.3 is no longer maintained and not recommended for usage due to the number of issues. Because of the V8 engine whims, feature detection in
old core-js versions could cause a slowdown up to 100x even if nothing is polyfilled. Some versions have web compatibility issues. Please, upgrade your dependencies to the actual version of core-js.
npm WARN deprecated core-js@2.6.11: core-js@<3.23.3 is no longer maintained and not recommended for usage due to the number of issues. Because of the V8 engine whims, feature detection in
old core-js versions could cause a slowdown up to 100x even if nothing is polyfilled. Some versions have web compatibility issues. Please, upgrade your dependencies to the actual version of core-js.
npm WARN deprecated core-js@2.6.11: core-js@<3.23.3 is no longer maintained and not recommended for usage due to the number of issues. Because of the V8 engine whims, feature detection in
old core-js versions could cause a slowdown up to 100x even if nothing is polyfilled. Some versions have web compatibility issues. Please, upgrade your dependencies to the actual version of core-js.
npm WARN deprecated core-js@2.6.11: core-js@<3.23.3 is no longer maintained and not recommended for usage due to the number of issues. Because of the V8 engine whims, feature detection in
old core-js versions could cause a slowdown up to 100x even if nothing is polyfilled. Some versions have web compatibility issues. Please, upgrade your dependencies to the actual version of core-js.
npm WARN deprecated core-js-pure@3.6.5: core-js-pure@<3.23.3 is no longer maintained and not recommended for usage due to the number of issues. Because of the V8 engine whims, feature detection in old core-js versions could cause a slowdown up to 100x even if nothing is polyfilled. Some versions have web compatibility issues. Please, upgrade your dependencies to the actual
version of core-js-pure.
npm WARN deprecated core-js@3.6.5: core-js@<3.23.3 is no longer maintained and not recommended for usage due to the number of issues. Because of the V8 engine whims, feature detection in old core-js versions could cause a slowdown up to 100x even if nothing is polyfilled. Some versions have web compatibility issues. Please, upgrade your dependencies to the actual version of core-js.
npm WARN cleanup Failed to remove some directories [
npm WARN cleanup   [
npm WARN cleanup     'C:\\Users\\88\\Desktop\\blog-comments-step4_e\\node_modules\\@babel',
npm WARN cleanup     [Error: EPERM: operation not permitted, rmdir 'C:\Users\88\Desktop\blog-comments-step4_e\node_modules\@babel\polyfill'] {
npm WARN cleanup       errno: -4048,
npm WARN cleanup       code: 'EPERM',
npm WARN cleanup       syscall: 'rmdir',
npm WARN cleanup       path: 'C:\\Users\\88\\Desktop\\blog-comments-step4_e\\node_modules\\@babel\\polyfill'
npm WARN cleanup     }
npm WARN cleanup   ],
npm WARN cleanup   [
npm WARN cleanup     'C:\\Users\\88\\Desktop\\blog-comments-step4_e\\node_modules',
npm WARN cleanup     [Error: EPERM: operation not permitted, rmdir 'C:\Users\88\Desktop\blog-comments-step4_e\node_modules\gatsby-recipes\src\providers\gatsby\fixtures\node_modules'] {
npm WARN cleanup       errno: -4048,
npm WARN cleanup       code: 'EPERM',
npm WARN cleanup       syscall: 'rmdir',
npm WARN cleanup       path: 'C:\\Users\\88\\Desktop\\blog-comments-step4_e\\node_modules\\gatsby-recipes\\src\\providers\\gatsby\\fixtures\\node_modules'
npm WARN cleanup     }
npm WARN cleanup   ]
npm WARN cleanup ]
npm ERR! code 1
npm ERR! path C:\Users\88\Desktop\blog-comments-step4_e\node_modules\sharp
npm ERR! command failed
npm ERR! command C:\Windows\system32\cmd.exe /d /s /c (node install/libvips && node install/dll-copy && prebuild-install --runtime=napi) || (node-gyp rebuild && node install/dll-copy)
npm ERR! info sharp Using cached C:\Users\88\AppData\Local\npm-cache\_libvips\libvips-8.9.1-win32-x64.tar.gz
npm ERR! info sharp Creating C:\Users\88\Desktop\blog-comments-step4_e\node_modules\sharp\build\Release
npm ERR! info sharp Copying DLLs from C:\Users\88\Desktop\blog-comments-step4_e\node_modules\sharp\vendor\lib to C:\Users\88\Desktop\blog-comments-step4_e\node_modules\sharp\build\Release
npm ERR! gyp info it worked if it ends with ok
npm ERR! gyp info using node-gyp@9.3.1
npm ERR! gyp info using node@18.17.0 | win32 | x64
npm ERR! gyp info find Python using Python version 3.11.4 found at "C:\Users\88\AppData\Local\Programs\Python\Python311\python.exe"
npm ERR! gyp ERR! find VS
npm ERR! gyp ERR! find VS msvs_version not set from command line or npm config
npm ERR! gyp ERR! find VS VCINSTALLDIR not set, not running in VS Command Prompt
npm ERR! gyp ERR! find VS could not use PowerShell to find Visual Studio 2017 or newer, try re-running with '--loglevel silly' for more details
npm ERR! gyp ERR! find VS looking for Visual Studio 2015
npm ERR! gyp ERR! find VS - not found
npm ERR! gyp ERR! find VS not looking for VS2013 as it is only supported up to Node.js 8
npm ERR! gyp ERR! find VS
npm ERR! gyp ERR! find VS **************************************************************
npm ERR! gyp ERR! find VS You need to install the latest version of Visual Studio
npm ERR! gyp ERR! find VS including the "Desktop development with C++" workload.
npm ERR! gyp ERR! find VS For more information consult the documentation at:
npm ERR! gyp ERR! find VS https://github.com/nodejs/node-gyp#on-windows
npm ERR! gyp ERR! find VS **************************************************************
npm ERR! gyp ERR! find VS
npm ERR! gyp ERR! configure error
npm ERR! gyp ERR! stack Error: Could not find any Visual Studio installation to use
npm ERR! gyp ERR! stack     at VisualStudioFinder.fail (C:\Users\88\AppData\Roaming\nvm\v18.17.0\node_modules\npm\node_modules\node-gyp\lib\find-visualstudio.js:122:47)
npm ERR! gyp ERR! stack     at C:\Users\88\AppData\Roaming\nvm\v18.17.0\node_modules\npm\node_modules\node-gyp\lib\find-visualstudio.js:75:16
npm ERR! gyp ERR! stack     at VisualStudioFinder.findVisualStudio2013 (C:\Users\88\AppData\Roaming\nvm\v18.17.0\node_modules\npm\node_modules\node-gyp\lib\find-visualstudio.js:369:14)
npm ERR! gyp ERR! stack     at C:\Users\88\AppData\Roaming\nvm\v18.17.0\node_modules\npm\node_modules\node-gyp\lib\find-visualstudio.js:71:14
npm ERR! gyp ERR! stack     at C:\Users\88\AppData\Roaming\nvm\v18.17.0\node_modules\npm\node_modules\node-gyp\lib\find-visualstudio.js:390:16
npm ERR! gyp ERR! stack     at C:\Users\88\AppData\Roaming\nvm\v18.17.0\node_modules\npm\node_modules\node-gyp\lib\util.js:54:7
npm ERR! gyp ERR! stack     at C:\Users\88\AppData\Roaming\nvm\v18.17.0\node_modules\npm\node_modules\node-gyp\lib\util.js:33:16
npm ERR! gyp ERR! stack     at ChildProcess.exithandler (node:child_process:427:5)
npm ERR! gyp ERR! stack     at ChildProcess.emit (node:events:514:28)
npm ERR! gyp ERR! stack     at maybeClose (node:internal/child_process:1091:16)
npm ERR! gyp ERR! System Windows_NT 6.3.9600
npm ERR! gyp ERR! command "C:\\Program Files\\nodejs\\node.exe" "C:\\Users\\88\\AppData\\Roaming\\nvm\\v18.17.0\\node_modules\\npm\\node_modules\\node-gyp\\bin\\node-gyp.js" "rebuild"
npm ERR! gyp ERR! cwd C:\Users\88\Desktop\blog-comments-step4_e\node_modules\sharp
npm ERR! gyp ERR! node -v v18.17.0
npm ERR! gyp ERR! node-gyp -v v9.3.1
npm ERR! gyp ERR! not ok

npm ERR! A complete log of this run can be found in: C:\Users\88\AppData\Local\npm-cache\_logs\2023-10-05T10_55_03_878Z-debug-0.log
PS C:\Users\88\Desktop\blog-comments-step4_e> yarn install
node:internal/modules/cjs/loader:1080
  throw err;
  ^

Error: Cannot find module 'C:\Users\88\AppData\Roaming\npm\node_modules\yarn\bin\yarn.js'
    at Module._resolveFilename (node:internal/modules/cjs/loader:1077:15)
    at Module._load (node:internal/modules/cjs/loader:922:27)
    at Function.executeUserEntryPoint [as runMain] (node:internal/modules/run_main:81:12)
    at node:internal/main/run_main_module:23:47 {
  code: 'MODULE_NOT_FOUND',
  requireStack: []
}

Node.js v18.17.0
PS C:\Users\88\Desktop\blog-comments-step4_e>














Microsoft Windows [Version 6.3.9600]
(c) 2013 Microsoft Corporation. All rights reserved.

C:\Users\88>npm install -g yarn

changed 1 package in 4s

C:\Users\88>npm install -g yarn
npm ERR! code EEXIST
npm ERR! path C:\Users\88\${APPDATA}\npm\node_modules\yarn
npm ERR! EEXIST: file already exists
npm ERR! File exists: C:\Users\88\${APPDATA}\npm\node_modules\yarn
npm ERR! Remove the existing file and try again, or run npm
npm ERR! with --force to overwrite files recklessly.

npm ERR! A complete log of this run can be found in: C:\Users\88\npm-cache\_logs
\2023-10-05T11_19_46_829Z-debug-0.log

C:\Users\88>npm install -g yarn --force
npm WARN using --force Recommended protections disabled.
npm ERR! code EISDIR
npm ERR! syscall open
npm ERR! path C:\Users\88\${APPDATA}\npm\node_modules\yarn
npm ERR! errno -4068
npm ERR! EISDIR: illegal operation on a directory, open 'C:\Users\88\${APPDATA}\
npm\node_modules\yarn'

npm ERR! A complete log of this run can be found in: C:\Users\88\npm-cache\_logs
\2023-10-05T11_21_44_065Z-debug-0.log

C:\Users\88>npm install -g yarn

added 1 package in 3s

C:\Users\88>npm i -g yarn

changed 1 package in 2s

C:\Users\88>npm i -g yarn

added 1 package in 3s

C:\Users\88>npm ls -g
C:\Users\88\${APPDATA}
`-- yarn@1.22.19


C:\Users\88>npm i -g yarn

changed 1 package in 945ms

C:\Users\88>npm i -g yarn

added 1 package in 3s

C:\Users\88>






















Windows PowerShell
Copyright (C) 2014 Microsoft Corporation. All rights reserved.

PS C:\Users\88\Desktop\blog-comments-step4_e> yarn install
yarn install v1.22.19
[1/4] Resolving packages...
[2/4] Fetching packages...
[3/4] Linking dependencies...
warning "firebase > @firebase/firestore > @grpc/grpc-js@1.1.1" has unmet peer dependency "google-auth-library@5.x || 6.x".
warning "gatsby > @pmmmwh/react-refresh-webpack-plugin@0.3.1" has incorrect peer dependency "react-refresh@^0.8.2".
warning "gatsby > @typescript-eslint/eslint-plugin > tsutils@3.17.1" has unmet peer dependency "typescript@>=2.8.0 || >= 3.2.0-dev || >= 3.3.0-dev || >= 3.4.0-dev || >= 3.5.0-dev || >= 3.6.0-dev || >= 3.6.0-beta || >= 3.7.0-dev || >= 3.7.0-beta".
warning " > styled-components@5.1.0" has unmet peer dependency "react-is@>= 16.8.0".
[4/4] Building fresh packages...
[8/14] â „ sharp
[11/14] â „ cwebp-bin
[9/14] â „ mozjpeg
[-/14] â¡€ waiting...
error C:\Users\88\Desktop\blog-comments-step4_e\node_modules\sharp: Command failed.
Exit code: 1
Command: (node install/libvips && node install/dll-copy && prebuild-install --runtime=napi) || (node-gyp rebuild && node install/dll-copy)
Arguments:
Directory: C:\Users\88\Desktop\blog-comments-step4_e\node_modules\sharp
Output:
info sharp Downloading https://github.com/lovell/sharp-libvips/releases/download/v8.9.1/libvips-8.9.1-win32-x64.tar.gz
ERR! sharp read ECONNRESET
info sharp Attempting to build from source via node-gyp but this may fail due to the above error
info sharp Please see https://sharp.pixelplumbing.com/install for required dependencies

C:\Users\88\Desktop\blog-comments-step4_e\node_modules\sharp>if not defined npm_config_node_gyp (node "C:\Program Files\nodejs\node_modules\npm\bin\node-gyp-bin\\..\..\node_modules\node-gyp\bin\node-gyp.js" rebuild )  else (node "" rebuild )
gyp info it worked if it ends with ok
gyp info using node-gyp@9.3.1
gyp info using node@18.17.0 | win32 | x64
gyp info find Python using Python version 3.11.4 found at "C:\Users\88\AppData\Local\Programs\Python\Python311\python.exe"
gyp ERR! find VS
gyp ERR! find VS msvs_version not set from command line or npm config
gyp ERR! find VS VCINSTALLDIR not set, not running in VS Command Prompt
gyp ERR! find VS could not use PowerShell to find Visual Studio 2017 or newer, try re-running
with '--loglevel silly' for more details
gyp ERR! find VS looking for Visual Studio 2015
gyp ERR! find VS - not found
gyp ERR! find VS not looking for VS2013 as it is only supported up to Node.js 8
gyp ERR! find VS
gyp ERR! find VS **************************************************************
gyp ERR! find VS You need to install the latest version of Visual Studio
gyp ERR! find VS including the "Desktop development with C++" workload.
gyp ERR! find VS For more information consult the documentation at:
gyp ERR! find VS https://github.com/nodejs/node-gyp#on-windows
gyp ERR! find VS **************************************************************
gyp ERR! find VS
gyp ERR! configure error
gyp ERR! stack Error: Could not find any Visual Studio installation to use
gyp ERR! stack     at VisualStudioFinder.fail (C:\Users\88\AppData\Roaming\nvm\v18.17.0\node_modules\npm\node_modules\node-gyp\lib\find-visualstudio.js:122:47)
gyp ERR! stack     at C:\Users\88\AppData\Roaming\nvm\v18.17.0\node_modules\npm\node_modules\node-gyp\lib\find-visualstudio.js:75:16
gyp ERR! stack     at VisualStudioFinder.findVisualStudio2013 (C:\Users\88\AppData\Roaming\nvm\v18.17.0\node_modules\npm\node_modules\node-gyp\lib\find-visualstudio.js:369:14)
gyp ERR! stack     at C:\Users\88\AppData\Roaming\nvm\v18.17.0\node_modules\npm\node_modules\node-gyp\lib\find-visualstudio.js:71:14
gyp ERR! stack     at C:\Users\88\AppData\Roaming\nvm\v18.17.0\node_modules\npm\node_modules\node-gyp\lib\find-visualstudio.js:390:16
gyp ERR! stack     at C:\Users\88\AppData\Roaming\nvm\v18.17.0\node_modules\npm\node_modules\node-gyp\lib\util.js:54:7
gyp ERR! stack     at C:\Users\88\AppData\Roaming\nvm\v18.17.0\node_modules\npm\node_modules\node-gyp\lib\util.js:33:16
gyp ERR! stack     at ChildProcess.exithandler (node:child_process:427:5)
gyp ERR! stack     at ChildProcess.emit (node:events:514:28)
gyp ERR! stack     at maybeClose (node:internal/child_process:1091:16)
gyp ERR! System Windows_NT 6.3.9600
gyp ERR! command "C:\\Program Files\\nodejs\\node.exe" "C:\\Program Files\\nodejs\\node_modules\\npm\\node_modules\\node-gyp\\bin\\node-gyp.js" "rebuild"
gyp ERR! cwd C:\Users\88\Desktop\blog-comments-step4_e\node_modules\sharp












Windows PowerShell
Copyright (C) 2014 Microsoft Corporation. All rights reserved.

PS C:\Users\88> cd  C:\Users\88\Desktop\blog-comments-step4_e
PS C:\Users\88\Desktop\blog-comments-step4_e> npm run build

> gatsby-starter-default@0.1.0 build
> set NODE_OPTIONS=--openssl-legacy-provider && gatsby build

success open and validate gatsby-configs - 3.070s

 ERROR

Error in "C:\Users\88\Desktop\blog-comments-step4_e\node_modules\gatsby-transformer-sharp\gatsby-node.js":
Something went wrong installing the "sharp" module

Cannot find module '../build/Release/sharp.node'
Require stack:
- C:\Users\88\Desktop\blog-comments-step4_e\node_modules\sharp\lib\constructor.js
- C:\Users\88\Desktop\blog-comments-step4_e\node_modules\sharp\lib\index.js
- C:\Users\88\Desktop\blog-comments-step4_e\node_modules\gatsby-plugin-sharp\safe-sharp.js
- C:\Users\88\Desktop\blog-comments-step4_e\node_modules\gatsby-plugin-sharp\index.js
- C:\Users\88\Desktop\blog-comments-step4_e\node_modules\gatsby-transformer-sharp\customize-schema.js
- C:\Users\88\Desktop\blog-comments-step4_e\node_modules\gatsby-transformer-sharp\gatsby-node.js
- C:\Users\88\Desktop\blog-comments-step4_e\node_modules\gatsby\dist\bootstrap\resolve-module-exports.js
- C:\Users\88\Desktop\blog-comments-step4_e\node_modules\gatsby\dist\bootstrap\load-plugins\validate.js
- C:\Users\88\Desktop\blog-comments-step4_e\node_modules\gatsby\dist\bootstrap\load-plugins\load.js
- C:\Users\88\Desktop\blog-comments-step4_e\node_modules\gatsby\dist\bootstrap\load-plugins\index.js
- C:\Users\88\Desktop\blog-comments-step4_e\node_modules\gatsby\dist\bootstrap\index.js
- C:\Users\88\Desktop\blog-comments-step4_e\node_modules\gatsby\dist\commands\build.js
- C:\Users\88\Desktop\blog-comments-step4_e\node_modules\gatsby-cli\lib\create-cli.js
- C:\Users\88\Desktop\blog-comments-step4_e\node_modules\gatsby-cli\lib\index.js
- C:\Users\88\Desktop\blog-comments-step4_e\node_modules\gatsby\dist\bin\gatsby.js

- Run "npm rebuild --verbose sharp" and look for errors
- Consult the installation documentation at https://sharp.pixelplumbing.com/install
- Search for this error at https://github.com/lovell/sharp/issues




  Error: Something went wrong installing the "sharp" module
  Cannot find module '../build/Release/sharp.node'
  Require stack:
  - C:\Users\88\Desktop\blog-comments-step4_e\node_modules\sharp\lib\constructor.js
  - C:\Users\88\Desktop\blog-comments-step4_e\node_modules\sharp\lib\index.js
  - C:\Users\88\Desktop\blog-comments-step4_e\node_modules\gatsby-plugin-sharp\safe-sharp.js
  - C:\Users\88\Desktop\blog-comments-step4_e\node_modules\gatsby-plugin-sharp\index.js
  - C:\Users\88\Desktop\blog-comments-step4_e\node_modules\gatsby-transformer-sharp\customize-schema.js
  - C:\Users\88\Desktop\blog-comments-step4_e\node_modules\gatsby-transformer-sharp\gatsby-node.js
  - C:\Users\88\Desktop\blog-comments-step4_e\node_modules\gatsby\dist\bootstrap\resolve-module-exports.js
  - C:\Users\88\Desktop\blog-comments-step4_e\node_modules\gatsby\dist\bootstrap\load-plugins\validate.js
  - C:\Users\88\Desktop\blog-comments-step4_e\node_modules\gatsby\dist\bootstrap\load-plugins\load.js
  - C:\Users\88\Desktop\blog-comments-step4_e\node_modules\gatsby\dist\bootstrap\load-plugins\index.js
  - C:\Users\88\Desktop\blog-comments-step4_e\node_modules\gatsby\dist\bootstrap\index.js
  - C:\Users\88\Desktop\blog-comments-step4_e\node_modules\gatsby\dist\commands\build.js
  - C:\Users\88\Desktop\blog-comments-step4_e\node_modules\gatsby-cli\lib\create-cli.js
  - C:\Users\88\Desktop\blog-comments-step4_e\node_modules\gatsby-cli\lib\index.js
  - C:\Users\88\Desktop\blog-comments-step4_e\node_modules\gatsby\dist\bin\gatsby.js
  - Run "npm rebuild --verbose sharp" and look for errors
  - Consult the installation documentation at https://sharp.pixelplumbing.com/install
  - Search for this error at https://github.com/lovell/sharp/issues

  - constructor.js:34 Object.<anonymous>
    [blog-comments-step4_e]/[sharp]/lib/constructor.js:34:9

  - v8-compile-cache.js:178 Module._compile
    [blog-comments-step4_e]/[v8-compile-cache]/v8-compile-cache.js:178:30

  - loader:1310 Module._extensions..js
    node:internal/modules/cjs/loader:1310:10

  - loader:1119 Module.load
    node:internal/modules/cjs/loader:1119:32

  - loader:960 Module._load
    node:internal/modules/cjs/loader:960:12

  - loader:1143 Module.require
    node:internal/modules/cjs/loader:1143:19

  - v8-compile-cache.js:159 require
    [blog-comments-step4_e]/[v8-compile-cache]/v8-compile-cache.js:159:20

  - index.js:3 Object.<anonymous>
    [blog-comments-step4_e]/[sharp]/lib/index.js:3:15

  - v8-compile-cache.js:178 Module._compile
    [blog-comments-step4_e]/[v8-compile-cache]/v8-compile-cache.js:178:30

  - loader:1310 Module._extensions..js
    node:internal/modules/cjs/loader:1310:10

  - loader:1119 Module.load
    node:internal/modules/cjs/loader:1119:32

  - loader:960 Module._load
    node:internal/modules/cjs/loader:960:12

  - loader:1143 Module.require
    node:internal/modules/cjs/loader:1143:19

  - v8-compile-cache.js:159 require
    [blog-comments-step4_e]/[v8-compile-cache]/v8-compile-cache.js:159:20

  - safe-sharp.js:127 Object.<anonymous>
    [blog-comments-step4_e]/[gatsby-plugin-sharp]/safe-sharp.js:127:11

  - v8-compile-cache.js:178 Module._compile
    [blog-comments-step4_e]/[v8-compile-cache]/v8-compile-cache.js:178:30


not finished load plugins - 0.597s
npm notice
npm notice New major version of npm available! 9.6.7 -> 10.2.0
npm notice Changelog: https://github.com/npm/cli/releases/tag/v10.2.0
npm notice Run npm install -g npm@10.2.0 to update!
npm notice
PS C:\Users\88\Desktop\blog-comments-step4_e>
PS C:\Users\88\Desktop\blog-comments-step4_e> npm start

> gatsby-starter-default@0.1.0 start
> npm run develop


> gatsby-starter-default@0.1.0 develop
> set NODE_OPTIONS=--openssl-legacy-provider && gatsby develop

success open and validate gatsby-configs - 0.047s

 ERROR

Error in "C:\Users\88\Desktop\blog-comments-step4_e\node_modules\gatsby-transformer-sharp\gatsby-node.js":
Something went wrong installing the "sharp" module

Cannot find module '../build/Release/sharp.node'
Require stack:
- C:\Users\88\Desktop\blog-comments-step4_e\node_modules\sharp\lib\constructor.js
- C:\Users\88\Desktop\blog-comments-step4_e\node_modules\sharp\lib\index.js
- C:\Users\88\Desktop\blog-comments-step4_e\node_modules\gatsby-plugin-sharp\safe-sharp.js
- C:\Users\88\Desktop\blog-comments-step4_e\node_modules\gatsby-plugin-sharp\index.js
- C:\Users\88\Desktop\blog-comments-step4_e\node_modules\gatsby-transformer-sharp\customize-schema.js
- C:\Users\88\Desktop\blog-comments-step4_e\node_modules\gatsby-transformer-sharp\gatsby-node.js
- C:\Users\88\Desktop\blog-comments-step4_e\node_modules\gatsby\dist\bootstrap\resolve-module-exports.js
- C:\Users\88\Desktop\blog-comments-step4_e\node_modules\gatsby\dist\bootstrap\load-plugins\validate.js
- C:\Users\88\Desktop\blog-comments-step4_e\node_modules\gatsby\dist\bootstrap\load-plugins\load.js
- C:\Users\88\Desktop\blog-comments-step4_e\node_modules\gatsby\dist\bootstrap\load-plugins\index.js
- C:\Users\88\Desktop\blog-comments-step4_e\node_modules\gatsby\dist\bootstrap\index.js
- C:\Users\88\Desktop\blog-comments-step4_e\node_modules\gatsby\dist\commands\develop.js
- C:\Users\88\Desktop\blog-comments-step4_e\node_modules\gatsby-cli\lib\create-cli.js
- C:\Users\88\Desktop\blog-comments-step4_e\node_modules\gatsby-cli\lib\index.js
- C:\Users\88\Desktop\blog-comments-step4_e\node_modules\gatsby\dist\bin\gatsby.js

- Run "npm rebuild --verbose sharp" and look for errors
- Consult the installation documentation at https://sharp.pixelplumbing.com/install
- Search for this error at https://github.com/lovell/sharp/issues




  Error: Something went wrong installing the "sharp" module
  Cannot find module '../build/Release/sharp.node'
  Require stack:
  - C:\Users\88\Desktop\blog-comments-step4_e\node_modules\sharp\lib\constructor.js
  - C:\Users\88\Desktop\blog-comments-step4_e\node_modules\sharp\lib\index.js
  - C:\Users\88\Desktop\blog-comments-step4_e\node_modules\gatsby-plugin-sharp\safe-sharp.js
  - C:\Users\88\Desktop\blog-comments-step4_e\node_modules\gatsby-plugin-sharp\index.js
  - C:\Users\88\Desktop\blog-comments-step4_e\node_modules\gatsby-transformer-sharp\customize-schema.js
  - C:\Users\88\Desktop\blog-comments-step4_e\node_modules\gatsby-transformer-sharp\gatsby-node.js
  - C:\Users\88\Desktop\blog-comments-step4_e\node_modules\gatsby\dist\bootstrap\resolve-module-exports.js
  - C:\Users\88\Desktop\blog-comments-step4_e\node_modules\gatsby\dist\bootstrap\load-plugins\validate.js
  - C:\Users\88\Desktop\blog-comments-step4_e\node_modules\gatsby\dist\bootstrap\load-plugins\load.js
  - C:\Users\88\Desktop\blog-comments-step4_e\node_modules\gatsby\dist\bootstrap\load-plugins\index.js
  - C:\Users\88\Desktop\blog-comments-step4_e\node_modules\gatsby\dist\bootstrap\index.js
  - C:\Users\88\Desktop\blog-comments-step4_e\node_modules\gatsby\dist\commands\develop.js
  - C:\Users\88\Desktop\blog-comments-step4_e\node_modules\gatsby-cli\lib\create-cli.js
  - C:\Users\88\Desktop\blog-comments-step4_e\node_modules\gatsby-cli\lib\index.js
  - C:\Users\88\Desktop\blog-comments-step4_e\node_modules\gatsby\dist\bin\gatsby.js
  - Run "npm rebuild --verbose sharp" and look for errors
  - Consult the installation documentation at https://sharp.pixelplumbing.com/install
  - Search for this error at https://github.com/lovell/sharp/issues

  - constructor.js:34 Object.<anonymous>
    [blog-comments-step4_e]/[sharp]/lib/constructor.js:34:9

  - v8-compile-cache.js:178 Module._compile
    [blog-comments-step4_e]/[v8-compile-cache]/v8-compile-cache.js:178:30

  - loader:1310 Module._extensions..js
    node:internal/modules/cjs/loader:1310:10

  - loader:1119 Module.load
    node:internal/modules/cjs/loader:1119:32

  - loader:960 Module._load
    node:internal/modules/cjs/loader:960:12

  - loader:1143 Module.require
    node:internal/modules/cjs/loader:1143:19

  - v8-compile-cache.js:159 require
    [blog-comments-step4_e]/[v8-compile-cache]/v8-compile-cache.js:159:20

  - index.js:3 Object.<anonymous>
    [blog-comments-step4_e]/[sharp]/lib/index.js:3:15

  - v8-compile-cache.js:178 Module._compile
    [blog-comments-step4_e]/[v8-compile-cache]/v8-compile-cache.js:178:30

  - loader:1310 Module._extensions..js
    node:internal/modules/cjs/loader:1310:10

  - loader:1119 Module.load
    node:internal/modules/cjs/loader:1119:32

  - loader:960 Module._load
    node:internal/modules/cjs/loader:960:12

  - loader:1143 Module.require
    node:internal/modules/cjs/loader:1143:19

  - v8-compile-cache.js:159 require
    [blog-comments-step4_e]/[v8-compile-cache]/v8-compile-cache.js:159:20

  - safe-sharp.js:127 Object.<anonymous>
    [blog-comments-step4_e]/[gatsby-plugin-sharp]/safe-sharp.js:127:11

  - v8-compile-cache.js:178 Module._compile
    [blog-comments-step4_e]/[v8-compile-cache]/v8-compile-cache.js:178:30


not finished load plugins - 0.441s
PS C:\Users\88\Desktop\blog-comments-step4_e>
PS C:\Users\88\Desktop\blog-comments-step4_e> npm rebuild --verbose sharp
npm verb cli C:\Program Files\nodejs\node.exe C:\Program Files\nodejs\node_modules\npm\bin\npm-cli.js
npm info using npm@9.6.7
npm info using node@v18.17.0
npm verb title npm rebuild sharp
npm verb argv "rebuild" "--loglevel" "verbose" "sharp"
npm verb logfile logs-max:10 dir:C:\Users\88\npm-cache\_logs\2023-10-05T13_05_50_480Z-
npm verb logfile C:\Users\88\npm-cache\_logs\2023-10-05T13_05_50_480Z-debug-0.log
npm info run sharp@0.25.2 install node_modules/sharp (node install/libvips && node install/dll-copy && prebuild-install
--runtime=napi) || (node-gyp rebuild && node install/dll-copy)
npm info run sharp@0.25.2 install { code: 1, signal: null }
npm verb stack Error: command failed
npm verb stack     at ChildProcess.<anonymous> (C:\Users\88\AppData\Roaming\nvm\v18.17.0\node_modules\npm\node_modules\@
npmcli\promise-spawn\lib\index.js:53:27)
npm verb stack     at ChildProcess.emit (node:events:514:28)
npm verb stack     at maybeClose (node:internal/child_process:1091:16)
npm verb stack     at ChildProcess._handle.onexit (node:internal/child_process:302:5)
npm verb pkgid sharp@0.25.2
npm verb cwd C:\Users\88\Desktop\blog-comments-step4_e
npm verb Windows_NT 6.3.9600
npm verb node v18.17.0
npm verb npm  v9.6.7
npm ERR! code 1
npm ERR! path C:\Users\88\Desktop\blog-comments-step4_e\node_modules\sharp
npm ERR! command failed
npm ERR! command C:\Windows\system32\cmd.exe /d /s /c (node install/libvips && node install/dll-copy && prebuild-install
 --runtime=napi) || (node-gyp rebuild && node install/dll-copy)
npm ERR! info sharp Downloading https://github.com/lovell/sharp-libvips/releases/download/v8.9.1/libvips-8.9.1-win32-x64
.tar.gz
npm ERR! info sharp Creating C:\Users\88\Desktop\blog-comments-step4_e\node_modules\sharp\build\Release
npm ERR! info sharp Copying DLLs from C:\Users\88\Desktop\blog-comments-step4_e\node_modules\sharp\vendor\lib to C:\User
s\88\Desktop\blog-comments-step4_e\node_modules\sharp\build\Release
npm ERR! prebuild-install info begin Prebuild-install version 5.3.3
npm ERR! prebuild-install info install installing standalone, skipping download.
npm ERR! gyp info it worked if it ends with ok
npm ERR! gyp verb cli [
npm ERR! gyp verb cli   'C:\\Program Files\\nodejs\\node.exe',
npm ERR! gyp verb cli   'C:\\Users\\88\\AppData\\Roaming\\nvm\\v18.17.0\\node_modules\\npm\\node_modules\\node-gyp\\bin\
\node-gyp.js',
npm ERR! gyp verb cli   'rebuild'
npm ERR! gyp verb cli ]
npm ERR! gyp info using node-gyp@9.3.1
npm ERR! gyp info using node@18.17.0 | win32 | x64
npm ERR! gyp verb command rebuild []
npm ERR! gyp verb command clean []
npm ERR! gyp verb clean removing "build" directory
npm ERR! gyp verb command configure []
npm ERR! gyp verb find Python Python is not set from command line or npm configuration
npm ERR! gyp verb find Python Python is not set from environment variable PYTHON
npm ERR! gyp verb find Python checking if "python3" can be used
npm ERR! gyp verb find Python - executing "python3" to get executable path
npm ERR! gyp verb find Python - "python3" is not in PATH or produced an error
npm ERR! gyp verb find Python checking if "python" can be used
npm ERR! gyp verb find Python - executing "python" to get executable path
npm ERR! gyp verb find Python - executable path is "C:\Users\88\AppData\Local\Programs\Python\Python311\python.exe"
npm ERR! gyp verb find Python - executing "C:\Users\88\AppData\Local\Programs\Python\Python311\python.exe" to get versio
n
npm ERR! gyp verb find Python - version is "3.11.4"
npm ERR! gyp info find Python using Python version 3.11.4 found at "C:\Users\88\AppData\Local\Programs\Python\Python311\
python.exe"
npm ERR! gyp verb get node dir no --target version specified, falling back to host node version: 18.17.0
npm ERR! gyp verb command install [ '18.17.0' ]
npm ERR! gyp verb install input version string "18.17.0"
npm ERR! gyp verb install installing version: 18.17.0
npm ERR! gyp verb install --ensure was passed, so won't reinstall if already installed
npm ERR! gyp verb install version is already installed, need to check "installVersion"
npm ERR! gyp verb got "installVersion" 11
npm ERR! gyp verb needs "installVersion" 9
npm ERR! gyp verb install version is good
npm ERR! gyp verb get node dir target node version installed: 18.17.0
npm ERR! gyp verb build dir attempting to create "build" dir: C:\Users\88\Desktop\blog-comments-step4_e\node_modules\sha
rp\build
npm ERR! gyp verb build dir "build" dir needed to be created? Yes
npm ERR! gyp verb find VS msvs_version not set from command line or npm config
npm ERR! gyp verb find VS VCINSTALLDIR not set, not running in VS Command Prompt
npm ERR! gyp verb find VS could not use PowerShell to find Visual Studio 2017 or newer, try re-running with '--loglevel
silly' for more details
npm ERR! gyp verb find VS looking for Visual Studio 2015
npm ERR! gyp verb find VS - not found
npm ERR! gyp verb find VS not looking for VS2013 as it is only supported up to Node.js 8
npm ERR! gyp ERR! find VS
npm ERR! gyp ERR! find VS msvs_version not set from command line or npm config
npm ERR! gyp ERR! find VS VCINSTALLDIR not set, not running in VS Command Prompt
npm ERR! gyp ERR! find VS could not use PowerShell to find Visual Studio 2017 or newer, try re-running with '--loglevel
silly' for more details
npm ERR! gyp ERR! find VS looking for Visual Studio 2015
npm ERR! gyp ERR! find VS - not found
npm ERR! gyp ERR! find VS not looking for VS2013 as it is only supported up to Node.js 8
npm ERR! gyp ERR! find VS
npm ERR! gyp ERR! find VS **************************************************************
npm ERR! gyp ERR! find VS You need to install the latest version of Visual Studio
npm ERR! gyp ERR! find VS including the "Desktop development with C++" workload.
npm ERR! gyp ERR! find VS For more information consult the documentation at:
npm ERR! gyp ERR! find VS https://github.com/nodejs/node-gyp#on-windows
npm ERR! gyp ERR! find VS **************************************************************
npm ERR! gyp ERR! find VS
npm ERR! gyp ERR! configure error
npm ERR! gyp ERR! stack Error: Could not find any Visual Studio installation to use
npm ERR! gyp ERR! stack     at VisualStudioFinder.fail (C:\Users\88\AppData\Roaming\nvm\v18.17.0\node_modules\npm\node_m
odules\node-gyp\lib\find-visualstudio.js:122:47)
npm ERR! gyp ERR! stack     at C:\Users\88\AppData\Roaming\nvm\v18.17.0\node_modules\npm\node_modules\node-gyp\lib\find-
visualstudio.js:75:16
npm ERR! gyp ERR! stack     at VisualStudioFinder.findVisualStudio2013 (C:\Users\88\AppData\Roaming\nvm\v18.17.0\node_mo
dules\npm\node_modules\node-gyp\lib\find-visualstudio.js:369:14)
npm ERR! gyp ERR! stack     at C:\Users\88\AppData\Roaming\nvm\v18.17.0\node_modules\npm\node_modules\node-gyp\lib\find-
visualstudio.js:71:14
npm ERR! gyp ERR! stack     at C:\Users\88\AppData\Roaming\nvm\v18.17.0\node_modules\npm\node_modules\node-gyp\lib\find-
visualstudio.js:390:16
npm ERR! gyp ERR! stack     at C:\Users\88\AppData\Roaming\nvm\v18.17.0\node_modules\npm\node_modules\node-gyp\lib\util.
js:54:7
npm ERR! gyp ERR! stack     at C:\Users\88\AppData\Roaming\nvm\v18.17.0\node_modules\npm\node_modules\node-gyp\lib\util.
js:33:16
npm ERR! gyp ERR! stack     at ChildProcess.exithandler (node:child_process:427:5)
npm ERR! gyp ERR! stack     at ChildProcess.emit (node:events:514:28)
npm ERR! gyp ERR! stack     at maybeClose (node:internal/child_process:1091:16)
npm ERR! gyp ERR! System Windows_NT 6.3.9600
npm ERR! gyp ERR! command "C:\\Program Files\\nodejs\\node.exe" "C:\\Users\\88\\AppData\\Roaming\\nvm\\v18.17.0\\node_mo
dules\\npm\\node_modules\\node-gyp\\bin\\node-gyp.js" "rebuild"
npm ERR! gyp ERR! cwd C:\Users\88\Desktop\blog-comments-step4_e\node_modules\sharp
npm ERR! gyp ERR! node -v v18.17.0
npm ERR! gyp ERR! node-gyp -v v9.3.1
npm ERR! gyp ERR! not ok
npm verb exit 1
npm verb unfinished npm timer build 1696511154715
npm verb unfinished npm timer build:deps 1696511154716
npm verb unfinished npm timer build:run:install 1696511154717
npm verb unfinished npm timer build:run:install:node_modules/sharp 1696511154718
npm verb code 1

npm ERR! A complete log of this run can be found in: C:\Users\88\npm-cache\_logs\2023-10-05T13_05_50_480Z-debug-0.log
PS C:\Users\88\Desktop\blog-comments-step4_e>
PS C:\Users\88\Desktop\blog-comments-step4_e> npm run build

> gatsby-starter-default@0.1.0 build
> set NODE_OPTIONS=--openssl-legacy-provider && gatsby build

success open and validate gatsby-configs - 0.089s

 ERROR

Error in "C:\Users\88\Desktop\blog-comments-step4_e\node_modules\gatsby-transformer-sharp\gatsby-node.js":
Something went wrong installing the "sharp" module

Cannot find module '../build/Release/sharp.node'
Require stack:
- C:\Users\88\Desktop\blog-comments-step4_e\node_modules\sharp\lib\constructor.js
- C:\Users\88\Desktop\blog-comments-step4_e\node_modules\sharp\lib\index.js
- C:\Users\88\Desktop\blog-comments-step4_e\node_modules\gatsby-plugin-sharp\safe-sharp.js
- C:\Users\88\Desktop\blog-comments-step4_e\node_modules\gatsby-plugin-sharp\index.js
- C:\Users\88\Desktop\blog-comments-step4_e\node_modules\gatsby-transformer-sharp\customize-schema.js
- C:\Users\88\Desktop\blog-comments-step4_e\node_modules\gatsby-transformer-sharp\gatsby-node.js
- C:\Users\88\Desktop\blog-comments-step4_e\node_modules\gatsby\dist\bootstrap\resolve-module-exports.js
- C:\Users\88\Desktop\blog-comments-step4_e\node_modules\gatsby\dist\bootstrap\load-plugins\validate.js
- C:\Users\88\Desktop\blog-comments-step4_e\node_modules\gatsby\dist\bootstrap\load-plugins\load.js
- C:\Users\88\Desktop\blog-comments-step4_e\node_modules\gatsby\dist\bootstrap\load-plugins\index.js
- C:\Users\88\Desktop\blog-comments-step4_e\node_modules\gatsby\dist\bootstrap\index.js
- C:\Users\88\Desktop\blog-comments-step4_e\node_modules\gatsby\dist\commands\build.js
- C:\Users\88\Desktop\blog-comments-step4_e\node_modules\gatsby-cli\lib\create-cli.js
- C:\Users\88\Desktop\blog-comments-step4_e\node_modules\gatsby-cli\lib\index.js
- C:\Users\88\Desktop\blog-comments-step4_e\node_modules\gatsby\dist\bin\gatsby.js

- Run "npm rebuild --verbose sharp" and look for errors
- Consult the installation documentation at https://sharp.pixelplumbing.com/install
- Search for this error at https://github.com/lovell/sharp/issues




  Error: Something went wrong installing the "sharp" module
  Cannot find module '../build/Release/sharp.node'
  Require stack:
  - C:\Users\88\Desktop\blog-comments-step4_e\node_modules\sharp\lib\constructor.js
  - C:\Users\88\Desktop\blog-comments-step4_e\node_modules\sharp\lib\index.js
  - C:\Users\88\Desktop\blog-comments-step4_e\node_modules\gatsby-plugin-sharp\safe-sharp.js
  - C:\Users\88\Desktop\blog-comments-step4_e\node_modules\gatsby-plugin-sharp\index.js
  - C:\Users\88\Desktop\blog-comments-step4_e\node_modules\gatsby-transformer-sharp\customize-schema.js
  - C:\Users\88\Desktop\blog-comments-step4_e\node_modules\gatsby-transformer-sharp\gatsby-node.js
  - C:\Users\88\Desktop\blog-comments-step4_e\node_modules\gatsby\dist\bootstrap\resolve-module-exports.js
  - C:\Users\88\Desktop\blog-comments-step4_e\node_modules\gatsby\dist\bootstrap\load-plugins\validate.js
  - C:\Users\88\Desktop\blog-comments-step4_e\node_modules\gatsby\dist\bootstrap\load-plugins\load.js
  - C:\Users\88\Desktop\blog-comments-step4_e\node_modules\gatsby\dist\bootstrap\load-plugins\index.js
  - C:\Users\88\Desktop\blog-comments-step4_e\node_modules\gatsby\dist\bootstrap\index.js
  - C:\Users\88\Desktop\blog-comments-step4_e\node_modules\gatsby\dist\commands\build.js
  - C:\Users\88\Desktop\blog-comments-step4_e\node_modules\gatsby-cli\lib\create-cli.js
  - C:\Users\88\Desktop\blog-comments-step4_e\node_modules\gatsby-cli\lib\index.js
  - C:\Users\88\Desktop\blog-comments-step4_e\node_modules\gatsby\dist\bin\gatsby.js
  - Run "npm rebuild --verbose sharp" and look for errors
  - Consult the installation documentation at https://sharp.pixelplumbing.com/install
  - Search for this error at https://github.com/lovell/sharp/issues

  - constructor.js:34 Object.<anonymous>
    [blog-comments-step4_e]/[sharp]/lib/constructor.js:34:9

  - v8-compile-cache.js:178 Module._compile
    [blog-comments-step4_e]/[v8-compile-cache]/v8-compile-cache.js:178:30

  - loader:1310 Module._extensions..js
    node:internal/modules/cjs/loader:1310:10

  - loader:1119 Module.load
    node:internal/modules/cjs/loader:1119:32

  - loader:960 Module._load
    node:internal/modules/cjs/loader:960:12

  - loader:1143 Module.require
    node:internal/modules/cjs/loader:1143:19

  - v8-compile-cache.js:159 require
    [blog-comments-step4_e]/[v8-compile-cache]/v8-compile-cache.js:159:20

  - index.js:3 Object.<anonymous>
    [blog-comments-step4_e]/[sharp]/lib/index.js:3:15

  - v8-compile-cache.js:178 Module._compile
    [blog-comments-step4_e]/[v8-compile-cache]/v8-compile-cache.js:178:30

  - loader:1310 Module._extensions..js
    node:internal/modules/cjs/loader:1310:10

  - loader:1119 Module.load
    node:internal/modules/cjs/loader:1119:32

  - loader:960 Module._load
    node:internal/modules/cjs/loader:960:12

  - loader:1143 Module.require
    node:internal/modules/cjs/loader:1143:19

  - v8-compile-cache.js:159 require
    [blog-comments-step4_e]/[v8-compile-cache]/v8-compile-cache.js:159:20

  - safe-sharp.js:127 Object.<anonymous>
    [blog-comments-step4_e]/[gatsby-plugin-sharp]/safe-sharp.js:127:11

  - v8-compile-cache.js:178 Module._compile
    [blog-comments-step4_e]/[v8-compile-cache]/v8-compile-cache.js:178:30


not finished load plugins - 0.392s
PS C:\Users\88\Desktop\blog-comments-step4_e>
PS C:\Users\88\Desktop\blog-comments-step4_e>
