PS C:\Users\zljsd\Desktop\blog-comments-step4_e> npm run build

> gatsby-starter-default@0.1.0 build
> gatsby set NODE_OPTIONS=--openssl-legacy-provider && build


 ERROR 

Usage: gatsby <command> [options]

Commands:
  gatsby develop                   Start development server. Watches files, rebuilds, and hot reloads if something changes
  gatsby build                     Build a Gatsby project.
  gatsby serve                     Serve previously built Gatsby site.
  gatsby info                      Get environment information for debugging and issue reporting
  gatsby clean                     Wipe the local gatsby environment including built assets and cache
  gatsby repl                      Get a node repl with context of Gatsby environment, see (https://www.gatsbyjs.org/docs/gatsby-repl/)
  gatsby recipes [recipe]          [EXPERIMENTAL] Run a recipe
  gatsby new [rootPath] [starter]  Create new Gatsby project.
  gatsby plugin                    Useful commands relating to Gatsby plugins
  gatsby telemetry                 Enable or disable Gatsby anonymous analytics collection.

Options:
  --verbose                Turn on verbose output                                                                                                                                                                                                            [boolean] [default: false]
  --no-color, --no-colors  Turn off the color in output                                                                                                                                                                                                      [boolean] [default: false]
  --json                   Turn on the JSON logger                                                                                                                                                                                                           [boolean] [default: false]
  -h, --help               Show help                                                                                                                                                                                                                                          [boolean]
  -v, --version            Show the version of the Gatsby CLI and the Gatsby package in the current project                                                                                                                                                                   [boolean]


 ERROR 

There was an error


 ERROR 

Did you mean new?

PS C:\Users\zljsd\Desktop\blog-comments-step4_e> npm run build

> gatsby-starter-default@0.1.0 build
> set NODE_OPTIONS=--openssl-legacy-provider && gatsby build

success open and validate gatsby-configs - 0.027s
success load plugins - 1.793s
success onPreInit - 0.012s
success delete html and css files from previous builds - 0.010s
success initialize cache - 0.009s                                                                                                                                                                                                                                                      
success copy gatsby files - 0.100s
success onPreBootstrap - 0.013s                                                                                                                                                                                                                                                        
success createSchemaCustomization - 0.007s
success source and transform nodes - 0.080s
success building schema - 0.224s
success createPages - 0.022s
success createPagesStatefully - 0.050s
success onPreExtractQueries - 0.002s                                                                                                                                                                                                                                                   
success update schema - 0.013s
warn Using the global `graphql` tag is deprecated, and will not be supported in v3.
Import it instead like:  import { graphql } from 'gatsby' in file:
C:/Users/zljsd/Desktop/blog-comments-step4_e/src/pages/index.js
success extract queries from components - 0.212s
success write out requires - 0.005s
success write out redirect data - 0.002s                                                                                                                                                                                                                                               
success Build manifest and related icons - 0.057s
success onPostBootstrap - 0.063s
⠀
info bootstrap finished - 5.236s
⠀
warn Browserslist: caniuse-lite is outdated. Please run:
npx browserslist@latest --update-db
success Building production JavaScript and CSS bundles - 9.583s
success Rewriting compilation hashes - 0.004s                                                                                                                                                                                                                                          
success run queries - 9.886s - 7/7 0.71/s
[                            ]   0.000 s 0/5 0% Building static HTML for pages
[2023-10-13T13:54:26.638Z]  @firebase/app: 
      Warning: This is a browser-targeted Firebase bundle but it appears it is being
      run in a Node environment.  If running in a Node environment, make sure you
      are using the bundle specified by the "main" field in package.json.

      If you are using Webpack, you can specify "main" as the first item in
      "resolve.mainFields":
      https://webpack.js.org/configuration/resolve/#resolvemainfields

      If using Rollup, use the rollup-plugin-node-resolve plugin and specify "main"
      as the first item in "mainFields", e.g. ['main', 'module'].
      https://github.com/rollup/rollup-plugin-node-resolve
success Building static HTML for pages - 1.518s - 5/5 3.29/s
success onPostBuild - 0.002s                                                                                                                                                                                                                                                           
info Done building in 16.6835842 sec
PS C:\Users\zljsd\Desktop\blog-comments-step4_e> firebase init

     ######## #### ########  ######## ########     ###     ######  ########
     ##        ##  ##     ## ##       ##     ##  ##   ##  ##       ##
     ######    ##  ########  ######   ########  #########  ######  ######
     ##        ##  ##    ##  ##       ##     ## ##     ##       ## ##
     ##       #### ##     ## ######## ########  ##     ##  ######  ########

You're about to initialize a Firebase project in this directory:

  C:\Users\zljsd\Desktop\blog-comments-step4_e

? Are you ready to proceed? Yes
? Which Firebase features do you want to set up for this directory? Press Space to select features, then Enter to confirm your choices. Hosting: Configure files for Firebase Hosting and (optionally) set up GitHub Action deploys

=== Project Setup

First, let's associate this project directory with a Firebase project.
You can create multiple project aliases by running firebase use --add, 
but for now we'll just set up a default project.

? Please select an option: Use an existing project

Error: Failed to list Firebase projects. See firebase-debug.log for more info.
PS C:\Users\zljsd\Desktop\blog-comments-step4_e> 
PS C:\Users\zljsd\Desktop\blog-comments-step4_e> 
PS C:\Users\zljsd\Desktop\blog-comments-step4_e> firebase login --reauth

Visit this URL on this device to log in:
https://accounts.google.com/o/oauth2/auth?client_id=563584335869-fgrhgmd47bqnekij5i8b5pr03ho849e6.apps.googleusercontent.com&scope=email%20openid%20https%3A%2F%2Fwww.googleapis.com%2Fauth%2Fcloudplatformprojects.readonly%20https%3A%2F%2Fwww.googleapis.com%2Fauth%2Ffirebase%20https%3A%2F%2Fwww.googleapis.com%2Fauth%2Fcloud-platform&response_type=code&state=724768003&redirect_uri=http%3A%2F%2Flocalhost%3A9005&login_hint=aaa2417002%40gmail.com

Waiting for authentication...

Error: Failed to make request to https://auth.firebase.tools/attest

Having trouble? Try firebase [command] --help

   ╭─────────────────────────────────────────────────────────────────────────────────────────────────────────────────────╮
   │                                                                                                                     │
   │                                          Update available 12.4.6 → 12.7.0                                           │
   │                                   To update to the latest version using npm, run                                    │
   │                                            npm install -g firebase-tools                                            │
   │   For other CLI management options, visit the CLI documentation (https://firebase.google.com/docs/cli#update-cli)   │
   │                                                                                                                     │
   │                                                                                                                     │
   │                                                                                                                     │
   ╰─────────────────────────────────────────────────────────────────────────────────────────────────────────────────────╯

PS C:\Users\zljsd\Desktop\blog-comments-step4_e> firebase init

     ######## #### ########  ######## ########     ###     ######  ########
     ##        ##  ##     ## ##       ##     ##  ##   ##  ##       ##
     ######    ##  ########  ######   ########  #########  ######  ######
     ##        ##  ##    ##  ##       ##     ## ##     ##       ## ##
     ##       #### ##     ## ######## ########  ##     ##  ######  ########

You're about to initialize a Firebase project in this directory:

  C:\Users\zljsd\Desktop\blog-comments-step4_e

? Are you ready to proceed? Yes
? Which Firebase features do you want to set up for this directory? Press Space to select features, then Enter to confirm your choices. Hosting: Configure files for Firebase Hosting and (optionally) set up GitHub Action deploys

=== Project Setup

First, let's associate this project directory with a Firebase project.
You can create multiple project aliases by running firebase use --add, 
but for now we'll just set up a default project.

? Please select an option: Use an existing project

Error: Failed to list Firebase projects. See firebase-debug.log for more info.
PS C:\Users\zljsd\Desktop\blog-comments-step4_e> firebase init

     ######## #### ########  ######## ########     ###     ######  ########
     ##        ##  ##     ## ##       ##     ##  ##   ##  ##       ##
     ######    ##  ########  ######   ########  #########  ######  ######
     ##        ##  ##    ##  ##       ##     ## ##     ##       ## ##
     ##       #### ##     ## ######## ########  ##     ##  ######  ########

You're about to initialize a Firebase project in this directory:

  C:\Users\zljsd\Desktop\blog-comments-step4_e

? Are you ready to proceed? Yes
? Which Firebase features do you want to set up for this directory? Press Space to select features, then Enter to confirm your choices. Hosting: Configure files for Firebase Hosting and (optionally) set up GitHub Action deploys

=== Project Setup

First, let's associate this project directory with a Firebase project.
You can create multiple project aliases by running firebase use --add, 
but for now we'll just set up a default project.

? Please select an option: Use an existing project

Error: Failed to list Firebase projects. See firebase-debug.log for more info.

Having trouble? Try again or contact support with contents of firebase-debug.log
PS C:\Users\zljsd\Desktop\blog-comments-step4_e>  https://comment-66100.web.app












    Windows PowerShell
版权所有（C） Microsoft Corporation。保留所有权利。

安装最新的 PowerShell，了解新功能和改进！https://aka.ms/PSWindows

PS C:\Users\zljsd> firebase login --reauth

Visit this URL on this device to log in:
https://accounts.google.com/o/oauth2/auth?client_id=563584335869-fgrhgmd47bqnekij5i8b5pr03ho849e6.apps.googleusercontent.com&scope=email%20openid%20https%3A%2F%2Fwww.googleapis.com%2Fauth%2Fcloudplatformprojects.readonly%20https%3A%2F%2Fwww.googleapis.com%2Fauth%2Ffirebase%20https%3A%2F%2Fwww.googleapis.com%2Fauth%2Fcloud-platform&response_type=code&state=84767138&redirect_uri=http%3A%2F%2Flocalhost%3A9005&login_hint=aaa2417002%40gmail.com

Waiting for authentication...

+  Success! Logged in as aaa2417002@gmail.com
PS C:\Users\zljsd> cd  C:\Users\zljsd\Desktop\blog-comments-step4_e
PS C:\Users\zljsd\Desktop\blog-comments-step4_e> firebase init

     ######## #### ########  ######## ########     ###     ######  ########
     ##        ##  ##     ## ##       ##     ##  ##   ##  ##       ##
     ######    ##  ########  ######   ########  #########  ######  ######
     ##        ##  ##    ##  ##       ##     ## ##     ##       ## ##
     ##       #### ##     ## ######## ########  ##     ##  ######  ########

You're about to initialize a Firebase project in this directory:

  C:\Users\zljsd\Desktop\blog-comments-step4_e

? Are you ready to proceed? Yes
? Which Firebase features do you want to set up for this directory? Press Space to select features, then Enter to
confirm your choices. Hosting: Configure files for Firebase Hosting and (optionally) set up GitHub Action deploys

=== Project Setup

First, let's associate this project directory with a Firebase project.
You can create multiple project aliases by running firebase use --add,
but for now we'll just set up a default project.

? Please select an option: Use an existing project
? Select a default Firebase project for this directory: comment-66100 (comment)
i  Using project comment-66100 (comment)

=== Hosting Setup

Your public directory is the folder (relative to your project directory) that
will contain Hosting assets to be uploaded with firebase deploy. If you
have a build process for your assets, use your build's output directory.

? What do you want to use as your public directory? public
? Configure as a single-page app (rewrite all urls to /index.html)? No
? Set up automatic builds and deploys with GitHub? No
? File public/404.html already exists. Overwrite? No
i  Skipping write of public/404.html
? File public/index.html already exists. Overwrite? No
i  Skipping write of public/index.html

i  Writing configuration info to firebase.json...
i  Writing project information to .firebaserc...

+  Firebase initialization complete!
PS C:\Users\zljsd\Desktop\blog-comments-step4_e> firebase deploy

=== Deploying to 'comment-66100'...

i  deploying hosting
i  hosting[comment-66100]: beginning deploy...
i  hosting[comment-66100]: found 46 files in public
+  hosting[comment-66100]: file upload complete
i  hosting[comment-66100]: finalizing version...
+  hosting[comment-66100]: version finalized
i  hosting[comment-66100]: releasing new version...
+  hosting[comment-66100]: release complete

+  Deploy complete!

Project Console: https://console.firebase.google.com/project/comment-66100/overview
Hosting URL: https://comment-66100.web.app
PS C:\Users\zljsd\Desktop\blog-comments-step4_e>                                                                  
