Windows PowerShell
Copyright (C) 2014 Microsoft Corporation. All rights reserved.

PS C:\Users\88\Desktop\react-firebase-chat-app-main> npm install
npm WARN deprecated source-map-resolve@0.6.0: See https://github.com/lydell/source-map-resolve#deprecated
npm WARN deprecated svgo@1.3.2: This SVGO version is no longer supported. Upgrade to v2.x.x.

added 1498 packages, and audited 1499 packages in 2m

187 packages are looking for funding
  run `npm fund` for details

21 vulnerabilities (6 moderate, 11 high, 4 critical)

To address issues that do not require attention, run:
  npm audit fix

To address all issues (including breaking changes), run:
  npm audit fix --force

Run `npm audit` for details.
npm notice
npm notice New major version of npm available! 9.6.7 -> 10.2.4
npm notice Changelog: https://github.com/npm/cli/releases/tag/v10.2.4
npm notice Run npm install -g npm@10.2.4 to update!
npm notice
PS C:\Users\88\Desktop\react-firebase-chat-app-main> npm run build

> react-firebase-chat-app@0.1.0 build
> react-scripts build

Creating an optimized production build...
Browserslist: caniuse-lite is outdated. Please run:
  npx browserslist@latest --update-db
  Why you should do it regularly: https://github.com/browserslist/browserslist#browsers-data-updating
Browserslist: caniuse-lite is outdated. Please run:
  npx browserslist@latest --update-db
  Why you should do it regularly: https://github.com/browserslist/browserslist#browsers-data-updating
Compiled successfully.

File sizes after gzip:

  151.49 kB  build\static\js\main.1a0b926b.js
  859 B      build\static\css\main.941bab45.css

The project was built assuming it is hosted at /.
You can control this with the homepage field in your package.json.

The build folder is ready to be deployed.
You may serve it with a static server:

  npm install -g serve
  serve -s build

Find out more about deployment here:

  https://cra.link/deployment

PS C:\Users\88\Desktop\react-firebase-chat-app-main>
PS C:\Users\88\Desktop\react-firebase-chat-app-main> firebase deploy

Error: Not in a Firebase app directory (could not locate firebase.json)
PS C:\Users\88\Desktop\react-firebase-chat-app-main> firebase init

     ######## #### ########  ######## ########     ###     ######  ########
     ##        ##  ##     ## ##       ##     ##  ##   ##  ##       ##
     ######    ##  ########  ######   ########  #########  ######  ######
     ##        ##  ##    ##  ##       ##     ## ##     ##       ## ##
     ##       #### ##     ## ######## ########  ##     ##  ######  ########

You're about to initialize a Firebase project in this directory:

  C:\Users\88\Desktop\react-firebase-chat-app-main

? Are you ready to proceed? Yes
? Which Firebase features do you want to set up for this directory? Press Space to select 
? Which Firebase features do you want to set up for this directory? Press Space to select 
? Which Firebase features do you want to set up for this directory? Press Space to select 
? Which Firebase features do you want to set up for this directory? Press Space to select 
? Which Firebase features do you want to set up for this directory? Press Space to select 
? Which Firebase features do you want to set up for this directory? Press Space to select 
features, then Enter to confirm your choices. Hosting: Configure files for Firebase Hosting and

(optionally) set up GitHub Action deploys

=== Project Setup

First, let's associate this project directory with a Firebase project.
You can create multiple project aliases by running firebase use --add,
but for now we'll just set up a default project.

? Please select an option: (Use arrow keys)
? Please select an option: Use an existing project

Error: Failed to list Firebase projects. See firebase-debug.log for more info.

Having trouble? Try again or contact support with contents of firebase-debug.log

   ╭─────────────────────────────────────────────
───────────────────────╮
   │                                                                    │
   │                  Update available 12.4.7 → 12.9.1                  │
   │           To update to the latest version using npm, run           │
   │                   npm install -g firebase-tools                    │
   │   For other CLI management options, visit the CLI documentation    │
   │         (https://firebase.google.com/docs/cli#update-cli)          │
   │                                                                    │
   │                                                                    │
   │                                                                    │
   ╰─────────────────────────────────────────────
───────────────────────╯

PS C:\Users\88\Desktop\react-firebase-chat-app-main> firebase init

     ######## #### ########  ######## ########     ###     ######  ########
     ##        ##  ##     ## ##       ##     ##  ##   ##  ##       ##
     ######    ##  ########  ######   ########  #########  ######  ######
     ##        ##  ##    ##  ##       ##     ## ##     ##       ## ##
     ##       #### ##     ## ######## ########  ##     ##  ######  ########

You're about to initialize a Firebase project in this directory:

  C:\Users\88\Desktop\react-firebase-chat-app-main

? Are you ready to proceed? Yes
? Which Firebase features do you want to set up for this directory? Press Space to select 
? Which Firebase features do you want to set up for this directory? Press Space to select 
? Which Firebase features do you want to set up for this directory? Press Space to select 
? Which Firebase features do you want to set up for this directory? Press Space to select 
? Which Firebase features do you want to set up for this directory? Press Space to select 
? Which Firebase features do you want to set up for this directory? Press Space to select 
features, then Enter to confirm your choices. Hosting: Configure files for Firebase Hosting and

(optionally) set up GitHub Action deploys

=== Project Setup

First, let's associate this project directory with a Firebase project.
You can create multiple project aliases by running firebase use --add,
but for now we'll just set up a default project.

? Please select an option: Create a new project
i  If you want to create a project in a Google Cloud organization or folder, please use "firebase projects:create" instead, and return to this command when you've created the project.
? Please specify a unique project id (warning: cannot be modified afterward) [6-30 characters]:
? Please specify a unique project id (warning: cannot be modified afterward) [6-30 characters]:

? What would you like to call your project? (defaults to your project ID)

Error: Project ID cannot be empty

Having trouble? Try firebase [command] --help
PS C:\Users\88\Desktop\react-firebase-chat-app-main> firebase init

     ######## #### ########  ######## ########     ###     ######  ########
     ##        ##  ##     ## ##       ##     ##  ##   ##  ##       ##
     ######    ##  ########  ######   ########  #########  ######  ######
     ##        ##  ##    ##  ##       ##     ## ##     ##       ## ##
     ##       #### ##     ## ######## ########  ##     ##  ######  ########

You're about to initialize a Firebase project in this directory:

  C:\Users\88\Desktop\react-firebase-chat-app-main

? Are you ready to proceed? Yes
? Which Firebase features do you want to set up for this directory? Press Space to select 
? Which Firebase features do you want to set up for this directory? Press Space to select 
? Which Firebase features do you want to set up for this directory? Press Space to select 
? Which Firebase features do you want to set up for this directory? Press Space to select 
? Which Firebase features do you want to set up for this directory? Press Space to select 
? Which Firebase features do you want to set up for this directory? Press Space to select 
? Which Firebase features do you want to set up for this directory? Press Space to select 
? Which Firebase features do you want to set up for this directory? Press Space to select 
features, then Enter to confirm your choices. Hosting: Configure files for Firebase Hosting and

(optionally) set up GitHub Action deploys

=== Project Setup

First, let's associate this project directory with a Firebase project.
You can create multiple project aliases by running firebase use --add,
but for now we'll just set up a default project.

? Please select an option: Create a new project
i  If you want to create a project in a Google Cloud organization or folder, please use "firebase projects:create" instead, and return to this command when you've created the project.
? Please specify a unique project id (warning: cannot be modified afterward) [6-30 characters]:
? Please specify a unique project id (warning: cannot be modified afterward) [6-30 characters]:
 123456
? What would you like to call your project? (defaults to your project ID) 123456
✖ Creating Google Cloud Platform project

Error: Failed to create project. See firebase-debug.log for more info.
PS C:\Users\88\Desktop\react-firebase-chat-app-main> firebase login --reauth

Visit this URL on this device to log in:
https://accounts.google.com/o/oauth2/auth?client_id=563584335869-fgrhgmd47bqnekij5i8b5pr03ho849e6.apps.googleusercontent.com&scope=email%20openid%20https%3A%2F%2Fwww.googleapis.com%2Fauth%2Fcloudplatformprojects.readonly%20https%3A%2F%2Fwww.googleapis.com%2Fauth%2Ffirebase%20https%3A%2F%2Fwww.googleapis.com%2Fauth%2Fcloud-platform&response_type=code&state=335444241&redirect_uri=http%3A%2F%2Flocalhost%3A9005&login_hint=aaa2417002%40gmail.com

Waiting for authentication...











visual studio code terminal
Windows PowerShell
Copyright (C) 2014 Microsoft Corporation. All rights reserved.

PS C:\Users\88\Desktop\react-firebase-chat-app-main> npm install
npm WARN deprecated source-map-resolve@0.6.0: See https://github.com/lydell/source-map-resolve#deprecated
npm WARN deprecated svgo@1.3.2: This SVGO version is no longer supported. Upgrade to v2.x.x.

added 1498 packages, and audited 1499 packages in 2m

187 packages are looking for funding
  run `npm fund` for details

21 vulnerabilities (6 moderate, 11 high, 4 critical)

To address issues that do not require attention, run:
  npm audit fix

To address all issues (including breaking changes), run:
  npm audit fix --force

Run `npm audit` for details.
npm notice
npm notice New major version of npm available! 9.6.7 -> 10.2.4
npm notice Changelog: https://github.com/npm/cli/releases/tag/v10.2.4
npm notice Run npm install -g npm@10.2.4 to update!
npm notice
PS C:\Users\88\Desktop\react-firebase-chat-app-main> npm run build

> react-firebase-chat-app@0.1.0 build
> react-scripts build

Creating an optimized production build...
Browserslist: caniuse-lite is outdated. Please run:
  npx browserslist@latest --update-db
  Why you should do it regularly: https://github.com/browserslist/browserslist#browsers-data-updating
Browserslist: caniuse-lite is outdated. Please run:
  npx browserslist@latest --update-db
  Why you should do it regularly: https://github.com/browserslist/browserslist#browsers-data-updating
Compiled successfully.

File sizes after gzip:

  151.49 kB  build\static\js\main.1a0b926b.js
  859 B      build\static\css\main.941bab45.css

The project was built assuming it is hosted at /.
You can control this with the homepage field in your package.json.

The build folder is ready to be deployed.
You may serve it with a static server:

  npm install -g serve
  serve -s build

Find out more about deployment here:

  https://cra.link/deployment

PS C:\Users\88\Desktop\react-firebase-chat-app-main>
PS C:\Users\88\Desktop\react-firebase-chat-app-main> firebase deploy

Error: Not in a Firebase app directory (could not locate firebase.json)
PS C:\Users\88\Desktop\react-firebase-chat-app-main> firebase init

     ######## #### ########  ######## ########     ###     ######  ########
     ##        ##  ##     ## ##       ##     ##  ##   ##  ##       ##
     ######    ##  ########  ######   ########  #########  ######  ######
     ##        ##  ##    ##  ##       ##     ## ##     ##       ## ##
     ##       #### ##     ## ######## ########  ##     ##  ######  ########

You're about to initialize a Firebase project in this directory:

  C:\Users\88\Desktop\react-firebase-chat-app-main

? Are you ready to proceed? Yes
? Which Firebase features do you want to set up for this directory? Press Space to select 
? Which Firebase features do you want to set up for this directory? Press Space to select 
? Which Firebase features do you want to set up for this directory? Press Space to select 
? Which Firebase features do you want to set up for this directory? Press Space to select 
? Which Firebase features do you want to set up for this directory? Press Space to select 
? Which Firebase features do you want to set up for this directory? Press Space to select 
features, then Enter to confirm your choices. Hosting: Configure files for Firebase Hosting and

(optionally) set up GitHub Action deploys

=== Project Setup

First, let's associate this project directory with a Firebase project.
You can create multiple project aliases by running firebase use --add,
but for now we'll just set up a default project.

? Please select an option: (Use arrow keys)
? Please select an option: Use an existing project

Error: Failed to list Firebase projects. See firebase-debug.log for more info.

Having trouble? Try again or contact support with contents of firebase-debug.log

   ╭─────────────────────────────────────────────
───────────────────────╮
   │                                                                    │
   │                  Update available 12.4.7 → 12.9.1                  │
   │           To update to the latest version using npm, run           │
   │                   npm install -g firebase-tools                    │
   │   For other CLI management options, visit the CLI documentation    │
   │         (https://firebase.google.com/docs/cli#update-cli)          │
   │                                                                    │
   │                                                                    │
   │                                                                    │
   ╰─────────────────────────────────────────────
───────────────────────╯

PS C:\Users\88\Desktop\react-firebase-chat-app-main> firebase init

     ######## #### ########  ######## ########     ###     ######  ########
     ##        ##  ##     ## ##       ##     ##  ##   ##  ##       ##
     ######    ##  ########  ######   ########  #########  ######  ######
     ##        ##  ##    ##  ##       ##     ## ##     ##       ## ##
     ##       #### ##     ## ######## ########  ##     ##  ######  ########

You're about to initialize a Firebase project in this directory:

  C:\Users\88\Desktop\react-firebase-chat-app-main

? Are you ready to proceed? Yes
? Which Firebase features do you want to set up for this directory? Press Space to select 
? Which Firebase features do you want to set up for this directory? Press Space to select 
? Which Firebase features do you want to set up for this directory? Press Space to select 
? Which Firebase features do you want to set up for this directory? Press Space to select 
? Which Firebase features do you want to set up for this directory? Press Space to select 
? Which Firebase features do you want to set up for this directory? Press Space to select 
features, then Enter to confirm your choices. Hosting: Configure files for Firebase Hosting and

(optionally) set up GitHub Action deploys

=== Project Setup

First, let's associate this project directory with a Firebase project.
You can create multiple project aliases by running firebase use --add,
but for now we'll just set up a default project.

? Please select an option: Create a new project
i  If you want to create a project in a Google Cloud organization or folder, please use "firebase projects:create" instead, and return to this command when you've created the project.
? Please specify a unique project id (warning: cannot be modified afterward) [6-30 characters]:
? Please specify a unique project id (warning: cannot be modified afterward) [6-30 characters]:

? What would you like to call your project? (defaults to your project ID)

Error: Project ID cannot be empty

Having trouble? Try firebase [command] --help
PS C:\Users\88\Desktop\react-firebase-chat-app-main> firebase init

     ######## #### ########  ######## ########     ###     ######  ########
     ##        ##  ##     ## ##       ##     ##  ##   ##  ##       ##
     ######    ##  ########  ######   ########  #########  ######  ######
     ##        ##  ##    ##  ##       ##     ## ##     ##       ## ##
     ##       #### ##     ## ######## ########  ##     ##  ######  ########

You're about to initialize a Firebase project in this directory:

  C:\Users\88\Desktop\react-firebase-chat-app-main

? Are you ready to proceed? Yes
? Which Firebase features do you want to set up for this directory? Press Space to select 
? Which Firebase features do you want to set up for this directory? Press Space to select 
? Which Firebase features do you want to set up for this directory? Press Space to select 
? Which Firebase features do you want to set up for this directory? Press Space to select 
? Which Firebase features do you want to set up for this directory? Press Space to select 
? Which Firebase features do you want to set up for this directory? Press Space to select 
? Which Firebase features do you want to set up for this directory? Press Space to select 
? Which Firebase features do you want to set up for this directory? Press Space to select 
features, then Enter to confirm your choices. Hosting: Configure files for Firebase Hosting and

(optionally) set up GitHub Action deploys

=== Project Setup

First, let's associate this project directory with a Firebase project.
You can create multiple project aliases by running firebase use --add,
but for now we'll just set up a default project.

? Please select an option: Create a new project
i  If you want to create a project in a Google Cloud organization or folder, please use "firebase projects:create" instead, and return to this command when you've created the project.
? Please specify a unique project id (warning: cannot be modified afterward) [6-30 characters]:
? Please specify a unique project id (warning: cannot be modified afterward) [6-30 characters]:
 123456
? What would you like to call your project? (defaults to your project ID) 123456
✖ Creating Google Cloud Platform project

Error: Failed to create project. See firebase-debug.log for more info.
PS C:\Users\88\Desktop\react-firebase-chat-app-main> firebase login --reauth

Visit this URL on this device to log in:
https://accounts.google.com/o/oauth2/auth?client_id=563584335869-fgrhgmd47bqnekij5i8b5pr03ho849e6.apps.googleusercontent.com&scope=email%20openid%20https%3A%2F%2Fwww.googleapis.com%2Fauth%2Fcloudplatformprojects.readonly%20https%3A%2F%2Fwww.googleapis.com%2Fauth%2Ffirebase%20https%3A%2F%2Fwww.googleapis.com%2Fauth%2Fcloud-platform&response_type=code&state=335444241&redirect_uri=http%3A%2F%2Flocalhost%3A9005&login_hint=aaa2417002%40gmail.com

Waiting for authentication...
PS C:\Users\88\Desktop\react-firebase-chat-app-main> firebase init

     ######## #### ########  ######## ########     ###     ######  ########
     ##        ##  ##     ## ##       ##     ##  ##   ##  ##       ##
     ######    ##  ########  ######   ########  #########  ######  ######
     ##        ##  ##    ##  ##       ##     ## ##     ##       ## ##
     ##       #### ##     ## ######## ########  ##     ##  ######  ########

You're about to initialize a Firebase project in this directory:

  C:\Users\88\Desktop\react-firebase-chat-app-main

? Are you ready to proceed? Yes
? Which Firebase features do you want to set up for this directory? Press Space to select 
? Which Firebase features do you want to set up for this directory? Press Space to select 
? Which Firebase features do you want to set up for this directory? Press Space to select 
? Which Firebase features do you want to set up for this directory? Press Space to select 
? Which Firebase features do you want to set up for this directory? Press Space to select 
? Which Firebase features do you want to set up for this directory? Press Space to select 
features, then Enter to confirm your choices. Hosting: Configure files for Firebase Hosting and

(optionally) set up GitHub Action deploys

=== Project Setup

First, let's associate this project directory with a Firebase project.
You can create multiple project aliases by running firebase use --add,
but for now we'll just set up a default project.

? Please select an option: Use an existing project

Error: Failed to list Firebase projects. See firebase-debug.log for more info.
PS C:\Users\88\Desktop\react-firebase-chat-app-main>
PS C:\Users\88\Desktop\react-firebase-chat-app-main> firebase init

     ######## #### ########  ######## ########     ###     ######  ########
     ##        ##  ##     ## ##       ##     ##  ##   ##  ##       ##
     ######    ##  ########  ######   ########  #########  ######  ######
     ##        ##  ##    ##  ##       ##     ## ##     ##       ## ##
     ##       #### ##     ## ######## ########  ##     ##  ######  ########

You're about to initialize a Firebase project in this directory:

  C:\Users\88\Desktop\react-firebase-chat-app-main

? Are you ready to proceed? Yes
? Which Firebase features do you want to set up for this directory? Press Space to select 
? Which Firebase features do you want to set up for this directory? Press Space to select 
? Which Firebase features do you want to set up for this directory? Press Space to select 
? Which Firebase features do you want to set up for this directory? Press Space to select 
? Which Firebase features do you want to set up for this directory? Press Space to select 
? Which Firebase features do you want to set up for this directory? Press Space to select 
features, then Enter to confirm your choices. Hosting: Configure files for Firebase Hosting and

(optionally) set up GitHub Action deploys

=== Project Setup

First, let's associate this project directory with a Firebase project.
You can create multiple project aliases by running firebase use --add,
but for now we'll just set up a default project.

? Please select an option: Create a new project
i  If you want to create a project in a Google Cloud organization or folder, please use "firebase projects:create" instead, and return to this command when you've created the project.
? Please specify a unique project id (warning: cannot be modified afterward) [6-30 characters]:
 123456
? What would you like to call your project? (defaults to your project ID) 123456
✖ Creating Google Cloud Platform project

Error: Failed to create project. See firebase-debug.log for more info.

Having trouble? Try again or contact support with contents of firebase-debug.log
PS C:\Users\88\Desktop\react-firebase-chat-app-main> firebase init

     ######## #### ########  ######## ########     ###     ######  ########
     ##        ##  ##     ## ##       ##     ##  ##   ##  ##       ##
     ######    ##  ########  ######   ########  #########  ######  ######
     ##        ##  ##    ##  ##       ##     ## ##     ##       ## ##
     ##       #### ##     ## ######## ########  ##     ##  ######  ########

You're about to initialize a Firebase project in this directory:

  C:\Users\88\Desktop\react-firebase-chat-app-main

? Are you ready to proceed? Yes
? Which Firebase features do you want to set up for this directory? Press Space to select 
? Which Firebase features do you want to set up for this directory? Press Space to select 
? Which Firebase features do you want to set up for this directory? Press Space to select 
? Which Firebase features do you want to set up for this directory? Press Space to select 
? Which Firebase features do you want to set up for this directory? Press Space to select 
? Which Firebase features do you want to set up for this directory? Press Space to select 
features, then Enter to confirm your choices. Hosting: Configure files for Firebase Hosting and

(optionally) set up GitHub Action deploys

=== Project Setup

First, let's associate this project directory with a Firebase project.
You can create multiple project aliases by running firebase use --add,
but for now we'll just set up a default project.

? Please select an option: Use an existing project

Error: Failed to list Firebase projects. See firebase-debug.log for more info.
PS C:\Users\88\Desktop\react-firebase-chat-app-main>














powershell with vpn
Windows PowerShell
Copyright (C) 2014 Microsoft Corporation. All rights reserved.

PS C:\Users\88> firebase login --reauth

Visit this URL on this device to log in:
https://accounts.google.com/o/oauth2/auth?client_id=563584335869-fgrhgmd47bqnekij5i8b5pr03ho849e6.apps.googleusercontent
.com&scope=email%20openid%20https%3A%2F%2Fwww.googleapis.com%2Fauth%2Fcloudplatformprojects.readonly%20https%3A%2F%2Fwww
.googleapis.com%2Fauth%2Ffirebase%20https%3A%2F%2Fwww.googleapis.com%2Fauth%2Fcloud-platform&response_type=code&state=28
8771404&redirect_uri=http%3A%2F%2Flocalhost%3A9006&login_hint=aaa2417002%40gmail.com

Waiting for authentication...

+  Success! Logged in as aaa2417002@gmail.com
PS C:\Users\88> cd C:\Users\88\Desktop\react-firebase-chat-app-main>
cd : Illegal characters in path.
At line:1 char:1
+ cd C:\Users\88\Desktop\react-firebase-chat-app-main>
+ ~~~~~~~~~~~~~~~~~~~~~~~~~~~~~~~~~~~~~~~~~~~~~~~~~~~~
    + CategoryInfo          : InvalidArgument: (C:\Users\88\Des...-chat-app-main>:String) [Set-Location], ArgumentExce
   ption
    + FullyQualifiedErrorId : ItemExistsArgumentError,Microsoft.PowerShell.Commands.SetLocationCommand

cd : Cannot find path 'C:\Users\88\Desktop\react-firebase-chat-app-main>' because it does not exist.
At line:1 char:1
+ cd C:\Users\88\Desktop\react-firebase-chat-app-main>
+ ~~~~~~~~~~~~~~~~~~~~~~~~~~~~~~~~~~~~~~~~~~~~~~~~~~~~
    + CategoryInfo          : ObjectNotFound: (C:\Users\88\Des...-chat-app-main>:String) [Set-Location], ItemNotFoundE
   xception
    + FullyQualifiedErrorId : PathNotFound,Microsoft.PowerShell.Commands.SetLocationCommand

PS C:\Users\88> C:\Users\88\Desktop\react-firebase-chat-app-main>
C:\Users\88\Desktop\react-firebase-chat-app-main> : The term 'C:\Users\88\Desktop\react-firebase-chat-app-main>' is
not recognized as the name of a cmdlet, function, script file, or operable program. Check the spelling of the name, or
if a path was included, verify that the path is correct and try again.
At line:1 char:1
+ C:\Users\88\Desktop\react-firebase-chat-app-main>
+ ~~~~~~~~~~~~~~~~~~~~~~~~~~~~~~~~~~~~~~~~~~~~~~~~~
    + CategoryInfo          : ObjectNotFound: (C:\Users\88\Des...-chat-app-main>:String) [], CommandNotFoundException
    + FullyQualifiedErrorId : CommandNotFoundException

PS C:\Users\88> cd C:\Users\88\Desktop\react-firebase-chat-app-main
PS C:\Users\88\Desktop\react-firebase-chat-app-main> firebase init

     ######## #### ########  ######## ########     ###     ######  ########
     ##        ##  ##     ## ##       ##     ##  ##   ##  ##       ##
     ######    ##  ########  ######   ########  #########  ######  ######
     ##        ##  ##    ##  ##       ##     ## ##     ##       ## ##
     ##       #### ##     ## ######## ########  ##     ##  ######  ########

You're about to initialize a Firebase project in this directory:

  C:\Users\88\Desktop\react-firebase-chat-app-main

? Are you ready to proceed? Yes
? Which Firebase features do you want to set up for this directory? Press Space to select features, then Enter to
confirm your choices. Hosting: Configure files for Firebase Hosting and (optionally) set up GitHub Action deploys

=== Project Setup

First, let's associate this project directory with a Firebase project.
You can create multiple project aliases by running firebase use --add,
but for now we'll just set up a default project.

? Please select an option: Use an existing project
? Select a default Firebase project for this directory: project-3515030372588512631 (123456)
i  Using project project-3515030372588512631 (123456)

=== Hosting Setup

Your public directory is the folder (relative to your project directory) that
will contain Hosting assets to be uploaded with firebase deploy. If you
have a build process for your assets, use your build's output directory.

? What do you want to use as your public directory? public
? Configure as a single-page app (rewrite all urls to /index.html)? No
? Set up automatic builds and deploys with GitHub? No
+  Wrote public/404.html
? File public/index.html already exists. Overwrite? No
i  Skipping write of public/index.html

i  Writing configuration info to firebase.json...
i  Writing project information to .firebaserc...

+  Firebase initialization complete!
PS C:\Users\88\Desktop\react-firebase-chat-app-main> firebase deploy

=== Deploying to 'project-3515030372588512631'...

i  deploying hosting
i  hosting[project-3515030372588512631]: beginning deploy...
i  hosting[project-3515030372588512631]: found 3 files in public
+  hosting[project-3515030372588512631]: file upload complete
i  hosting[project-3515030372588512631]: finalizing version...
+  hosting[project-3515030372588512631]: version finalized
i  hosting[project-3515030372588512631]: releasing new version...
+  hosting[project-3515030372588512631]: release complete

+  Deploy complete!

Project Console: https://console.firebase.google.com/project/project-3515030372588512631/overview
Hosting URL: https://project-3515030372588512631.web.app




















